Archive member included to satisfy reference by file (symbol)

/opt/st/stm32cubeide_1.16.0/plugins/com.st.stm32cube.ide.mcu.externaltools.gnu-tools-for-stm32.12.3.rel1.linux64_1.0.200.202406132123/tools/bin/../lib/gcc/arm-none-eabi/12.3.1/../../../../arm-none-eabi/lib/thumb/v7e-m+fp/hard/libc_nano.a(libc_a-exit.o)
                              /opt/st/stm32cubeide_1.16.0/plugins/com.st.stm32cube.ide.mcu.externaltools.gnu-tools-for-stm32.12.3.rel1.linux64_1.0.200.202406132123/tools/bin/../lib/gcc/arm-none-eabi/12.3.1/../../../../arm-none-eabi/lib/thumb/v7e-m+fp/hard/crt0.o (exit)
/opt/st/stm32cubeide_1.16.0/plugins/com.st.stm32cube.ide.mcu.externaltools.gnu-tools-for-stm32.12.3.rel1.linux64_1.0.200.202406132123/tools/bin/../lib/gcc/arm-none-eabi/12.3.1/../../../../arm-none-eabi/lib/thumb/v7e-m+fp/hard/libc_nano.a(libc_a-findfp.o)
                              /opt/st/stm32cubeide_1.16.0/plugins/com.st.stm32cube.ide.mcu.externaltools.gnu-tools-for-stm32.12.3.rel1.linux64_1.0.200.202406132123/tools/bin/../lib/gcc/arm-none-eabi/12.3.1/../../../../arm-none-eabi/lib/thumb/v7e-m+fp/hard/libc_nano.a(libc_a-exit.o) (__stdio_exit_handler)
/opt/st/stm32cubeide_1.16.0/plugins/com.st.stm32cube.ide.mcu.externaltools.gnu-tools-for-stm32.12.3.rel1.linux64_1.0.200.202406132123/tools/bin/../lib/gcc/arm-none-eabi/12.3.1/../../../../arm-none-eabi/lib/thumb/v7e-m+fp/hard/libc_nano.a(libc_a-fwalk.o)
                              /opt/st/stm32cubeide_1.16.0/plugins/com.st.stm32cube.ide.mcu.externaltools.gnu-tools-for-stm32.12.3.rel1.linux64_1.0.200.202406132123/tools/bin/../lib/gcc/arm-none-eabi/12.3.1/../../../../arm-none-eabi/lib/thumb/v7e-m+fp/hard/libc_nano.a(libc_a-findfp.o) (_fwalk_sglue)
/opt/st/stm32cubeide_1.16.0/plugins/com.st.stm32cube.ide.mcu.externaltools.gnu-tools-for-stm32.12.3.rel1.linux64_1.0.200.202406132123/tools/bin/../lib/gcc/arm-none-eabi/12.3.1/../../../../arm-none-eabi/lib/thumb/v7e-m+fp/hard/libc_nano.a(libc_a-stdio.o)
                              /opt/st/stm32cubeide_1.16.0/plugins/com.st.stm32cube.ide.mcu.externaltools.gnu-tools-for-stm32.12.3.rel1.linux64_1.0.200.202406132123/tools/bin/../lib/gcc/arm-none-eabi/12.3.1/../../../../arm-none-eabi/lib/thumb/v7e-m+fp/hard/libc_nano.a(libc_a-findfp.o) (__sread)
/opt/st/stm32cubeide_1.16.0/plugins/com.st.stm32cube.ide.mcu.externaltools.gnu-tools-for-stm32.12.3.rel1.linux64_1.0.200.202406132123/tools/bin/../lib/gcc/arm-none-eabi/12.3.1/../../../../arm-none-eabi/lib/thumb/v7e-m+fp/hard/libc_nano.a(libc_a-memset.o)
                              /opt/st/stm32cubeide_1.16.0/plugins/com.st.stm32cube.ide.mcu.externaltools.gnu-tools-for-stm32.12.3.rel1.linux64_1.0.200.202406132123/tools/bin/../lib/gcc/arm-none-eabi/12.3.1/../../../../arm-none-eabi/lib/thumb/v7e-m+fp/hard/crt0.o (memset)
/opt/st/stm32cubeide_1.16.0/plugins/com.st.stm32cube.ide.mcu.externaltools.gnu-tools-for-stm32.12.3.rel1.linux64_1.0.200.202406132123/tools/bin/../lib/gcc/arm-none-eabi/12.3.1/../../../../arm-none-eabi/lib/thumb/v7e-m+fp/hard/libc_nano.a(libc_a-closer.o)
                              /opt/st/stm32cubeide_1.16.0/plugins/com.st.stm32cube.ide.mcu.externaltools.gnu-tools-for-stm32.12.3.rel1.linux64_1.0.200.202406132123/tools/bin/../lib/gcc/arm-none-eabi/12.3.1/../../../../arm-none-eabi/lib/thumb/v7e-m+fp/hard/libc_nano.a(libc_a-stdio.o) (_close_r)
/opt/st/stm32cubeide_1.16.0/plugins/com.st.stm32cube.ide.mcu.externaltools.gnu-tools-for-stm32.12.3.rel1.linux64_1.0.200.202406132123/tools/bin/../lib/gcc/arm-none-eabi/12.3.1/../../../../arm-none-eabi/lib/thumb/v7e-m+fp/hard/libc_nano.a(libc_a-reent.o)
                              /opt/st/stm32cubeide_1.16.0/plugins/com.st.stm32cube.ide.mcu.externaltools.gnu-tools-for-stm32.12.3.rel1.linux64_1.0.200.202406132123/tools/bin/../lib/gcc/arm-none-eabi/12.3.1/../../../../arm-none-eabi/lib/thumb/v7e-m+fp/hard/libc_nano.a(libc_a-closer.o) (errno)
/opt/st/stm32cubeide_1.16.0/plugins/com.st.stm32cube.ide.mcu.externaltools.gnu-tools-for-stm32.12.3.rel1.linux64_1.0.200.202406132123/tools/bin/../lib/gcc/arm-none-eabi/12.3.1/../../../../arm-none-eabi/lib/thumb/v7e-m+fp/hard/libc_nano.a(libc_a-impure.o)
                              /opt/st/stm32cubeide_1.16.0/plugins/com.st.stm32cube.ide.mcu.externaltools.gnu-tools-for-stm32.12.3.rel1.linux64_1.0.200.202406132123/tools/bin/../lib/gcc/arm-none-eabi/12.3.1/../../../../arm-none-eabi/lib/thumb/v7e-m+fp/hard/libc_nano.a(libc_a-reent.o) (_impure_ptr)
/opt/st/stm32cubeide_1.16.0/plugins/com.st.stm32cube.ide.mcu.externaltools.gnu-tools-for-stm32.12.3.rel1.linux64_1.0.200.202406132123/tools/bin/../lib/gcc/arm-none-eabi/12.3.1/../../../../arm-none-eabi/lib/thumb/v7e-m+fp/hard/libc_nano.a(libc_a-lseekr.o)
                              /opt/st/stm32cubeide_1.16.0/plugins/com.st.stm32cube.ide.mcu.externaltools.gnu-tools-for-stm32.12.3.rel1.linux64_1.0.200.202406132123/tools/bin/../lib/gcc/arm-none-eabi/12.3.1/../../../../arm-none-eabi/lib/thumb/v7e-m+fp/hard/libc_nano.a(libc_a-stdio.o) (_lseek_r)
[...]
Memory Configuration

Name             Origin             Length             Attributes
CCMRAM           0x10000000         0x00002000         xrw
RAM              0x20000000         0x0000a000         xrw
FLASH            0x08000000         0x00040000         xr
*default*        0x00000000         0xffffffff

Linker script and memory map

LOAD /opt/st/stm32cubeide_1.16.0/plugins/com.st.stm32cube.ide.mcu.externaltools.gnu-tools-for-stm32.12.3.rel1.linux64_1.0.200.202406132123/tools/bin/../lib/gcc/arm-none-eabi/12.3.1/thumb/v7e-m+fp/hard/crti.o
LOAD /opt/st/stm32cubeide_1.16.0/plugins/com.st.stm32cube.ide.mcu.externaltools.gnu-tools-for-stm32.12.3.rel1.linux64_1.0.200.202406132123/tools/bin/../lib/gcc/arm-none-eabi/12.3.1/thumb/v7e-m+fp/hard/crtbegin.o
LOAD /opt/st/stm32cubeide_1.16.0/plugins/com.st.stm32cube.ide.mcu.externaltools.gnu-tools-for-stm32.12.3.rel1.linux64_1.0.200.202406132123/tools/bin/../lib/gcc/arm-none-eabi/12.3.1/../../../../arm-none-eabi/lib/thumb/v7e-m+fp/hard/crt0.o
LOAD ./Core/Src/main.o
LOAD ./Core/Src/stm32f3xx_hal_msp.o
LOAD ./Core/Src/stm32f3xx_it.o
LOAD ./Core/Src/syscalls.o
LOAD ./Core/Src/sysmem.o
LOAD ./Core/Src/system_stm32f3xx.o
LOAD ./Core/Startup/startup_stm32f303vctx.o
LOAD ./Drivers/STM32F3xx_HAL_Driver/Src/stm32f3xx_hal.o
LOAD ./Drivers/STM32F3xx_HAL_Driver/Src/stm32f3xx_hal_adc.o
LOAD ./Drivers/STM32F3xx_HAL_Driver/Src/stm32f3xx_hal_adc_ex.o
LOAD ./Drivers/STM32F3xx_HAL_Driver/Src/stm32f3xx_hal_cortex.o
LOAD ./Drivers/STM32F3xx_HAL_Driver/Src/stm32f3xx_hal_dma.o
LOAD ./Drivers/STM32F3xx_HAL_Driver/Src/stm32f3xx_hal_exti.o
LOAD ./Drivers/STM32F3xx_HAL_Driver/Src/stm32f3xx_hal_flash.o
LOAD ./Drivers/STM32F3xx_HAL_Driver/Src/stm32f3xx_hal_flash_ex.o
LOAD ./Drivers/STM32F3xx_HAL_Driver/Src/stm32f3xx_hal_gpio.o
LOAD ./Drivers/STM32F3xx_HAL_Driver/Src/stm32f3xx_hal_i2c.o
LOAD ./Drivers/STM32F3xx_HAL_Driver/Src/stm32f3xx_hal_i2c_ex.o
LOAD ./Drivers/STM32F3xx_HAL_Driver/Src/stm32f3xx_hal_pcd.o
LOAD ./Drivers/STM32F3xx_HAL_Driver/Src/stm32f3xx_hal_pcd_ex.o
LOAD ./Drivers/STM32F3xx_HAL_Driver/Src/stm32f3xx_hal_pwr.o
LOAD ./Drivers/STM32F3xx_HAL_Driver/Src/stm32f3xx_hal_pwr_ex.o
LOAD ./Drivers/STM32F3xx_HAL_Driver/Src/stm32f3xx_hal_rcc.o
LOAD ./Drivers/STM32F3xx_HAL_Driver/Src/stm32f3xx_hal_rcc_ex.o
LOAD ./Drivers/STM32F3xx_HAL_Driver/Src/stm32f3xx_hal_tim.o
LOAD ./Drivers/STM32F3xx_HAL_Driver/Src/stm32f3xx_hal_tim_ex.o
LOAD ./Drivers/STM32F3xx_HAL_Driver/Src/stm32f3xx_ll_usb.o
LOAD ./Middlewares/ST/STM32_USB_Device_Library/Class/CustomHID/Src/usbd_customhid.o
LOAD ./Middlewares/ST/STM32_USB_Device_Library/Core/Src/usbd_core.o
LOAD ./Middlewares/ST/STM32_USB_Device_Library/Core/Src/usbd_ctlreq.o
LOAD ./Middlewares/ST/STM32_USB_Device_Library/Core/Src/usbd_ioreq.o
LOAD ./USB_DEVICE/App/usb_device.o
LOAD ./USB_DEVICE/App/usbd_custom_hid_if.o
LOAD ./USB_DEVICE/App/usbd_desc.o
LOAD ./USB_DEVICE/Target/usbd_conf.o
START GROUP
LOAD /opt/st/stm32cubeide_1.16.0/plugins/com.st.stm32cube.ide.mcu.externaltools.gnu-tools-for-stm32.12.3.rel1.linux64_1.0.200.202406132123/tools/bin/../lib/gcc/arm-none-eabi/12.3.1/../../../../arm-none-eabi/lib/thumb/v7e-m+fp/hard/libc_nano.a
LOAD /opt/st/stm32cubeide_1.16.0/plugins/com.st.stm32cube.ide.mcu.externaltools.gnu-tools-for-stm32.12.3.rel1.linux64_1.0.200.202406132123/tools/bin/../lib/gcc/arm-none-eabi/12.3.1/../../../../arm-none-eabi/lib/thumb/v7e-m+fp/hard/libm.a
END GROUP
START GROUP
LOAD /opt/st/stm32cubeide_1.16.0/plugins/com.st.stm32cube.ide.mcu.externaltools.gnu-tools-for-stm32.12.3.rel1.linux64_1.0.200.202406132123/tools/bin/../lib/gcc/arm-none-eabi/12.3.1/thumb/v7e-m+fp/hard/libgcc.a
LOAD /opt/st/stm32cubeide_1.16.0/plugins/com.st.stm32cube.ide.mcu.externaltools.gnu-tools-for-stm32.12.3.rel1.linux64_1.0.200.202406132123/tools/bin/../lib/gcc/arm-none-eabi/12.3.1/../../../../arm-none-eabi/lib/thumb/v7e-m+fp/hard/libc_nano.a
END GROUP
START GROUP
LOAD /opt/st/stm32cubeide_1.16.0/plugins/com.st.stm32cube.ide.mcu.externaltools.gnu-tools-for-stm32.12.3.rel1.linux64_1.0.200.202406132123/tools/bin/../lib/gcc/arm-none-eabi/12.3.1/thumb/v7e-m+fp/hard/libgcc.a
LOAD /opt/st/stm32cubeide_1.16.0/plugins/com.st.stm32cube.ide.mcu.externaltools.gnu-tools-for-stm32.12.3.rel1.linux64_1.0.200.202406132123/tools/bin/../lib/gcc/arm-none-eabi/12.3.1/../../../../arm-none-eabi/lib/thumb/v7e-m+fp/hard/libc_nano.a
LOAD /opt/st/stm32cubeide_1.16.0/plugins/com.st.stm32cube.ide.mcu.externaltools.gnu-tools-for-stm32.12.3.rel1.linux64_1.0.200.202406132123/tools/bin/../lib/gcc/arm-none-eabi/12.3.1/../../../../arm-none-eabi/lib/thumb/v7e-m+fp/hard/libnosys.a
END GROUP
START GROUP
LOAD /opt/st/stm32cubeide_1.16.0/plugins/com.st.stm32cube.ide.mcu.externaltools.gnu-tools-for-stm32.12.3.rel1.linux64_1.0.200.202406132123/tools/bin/../lib/gcc/arm-none-eabi/12.3.1/thumb/v7e-m+fp/hard/libgcc.a
LOAD /opt/st/stm32cubeide_1.16.0/plugins/com.st.stm32cube.ide.mcu.externaltools.gnu-tools-for-stm32.12.3.rel1.linux64_1.0.200.202406132123/tools/bin/../lib/gcc/arm-none-eabi/12.3.1/../../../../arm-none-eabi/lib/thumb/v7e-m+fp/hard/libc_nano.a
LOAD /opt/st/stm32cubeide_1.16.0/plugins/com.st.stm32cube.ide.mcu.externaltools.gnu-tools-for-stm32.12.3.rel1.linux64_1.0.200.202406132123/tools/bin/../lib/gcc/arm-none-eabi/12.3.1/../../../../arm-none-eabi/lib/thumb/v7e-m+fp/hard/libnosys.a
END GROUP
LOAD /opt/st/stm32cubeide_1.16.0/plugins/com.st.stm32cube.ide.mcu.externaltools.gnu-tools-for-stm32.12.3.rel1.linux64_1.0.200.202406132123/tools/bin/../lib/gcc/arm-none-eabi/12.3.1/thumb/v7e-m+fp/hard/crtend.o
LOAD /opt/st/stm32cubeide_1.16.0/plugins/com.st.stm32cube.ide.mcu.externaltools.gnu-tools-for-stm32.12.3.rel1.linux64_1.0.200.202406132123/tools/bin/../lib/gcc/arm-none-eabi/12.3.1/thumb/v7e-m+fp/hard/crtn.o
                0x2000a000                        _estack = (ORIGIN (RAM) + LENGTH (RAM))
                0x00000200                        _Min_Heap_Size = 0x200
                0x00000400                        _Min_Stack_Size = 0x400

.isr_vector     0x08000000      0x188
                0x08000000                        . = ALIGN (0x4)
 *(.isr_vector)
 .isr_vector    0x08000000      0x188 ./Core/Startup/startup_stm32f303vctx.o
                0x08000000                g_pfnVectors
                0x08000188                        . = ALIGN (0x4)

.text           0x08000188     0x9e14
                0x08000188                        . = ALIGN (0x4)
 *(.text)
 .text          0x08000188       0x40 /opt/st/stm32cubeide_1.16.0/plugins/com.st.stm32cube.ide.mcu.externaltools.gnu-tools-for-stm32.12.3.rel1.linux64_1.0.200.202406132123/tools/bin/../lib/gcc/arm-none-eabi/12.3.1/thumb/v7e-m+fp/hard/crtbegin.o
 *(.text*)
 .text.HAL_GPIO_EXTI_Callback
                0x080001c8       0xd8 ./Core/Src/main.o
                0x080001c8                HAL_GPIO_EXTI_Callback
 .text.main     0x080002a0       0xb0 ./Core/Src/main.o
                0x080002a0                main
 .text.SystemClock_Config
                0x08000350       0xd0 ./Core/Src/main.o
                0x08000350                SystemClock_Config
 .text.MX_ADC1_Init
                0x08000420       0xfc ./Core/Src/main.o
 .text.MX_ADC3_Init
                0x0800051c       0xfc ./Core/Src/main.o
 .text.MX_I2C1_Init
                0x08000618       0x80 ./Core/Src/main.o
 .text.MX_DMA_Init
                0x08000698       0x64 ./Core/Src/main.o
 .text.MX_GPIO_Init
                0x080006fc      0x194 ./Core/Src/main.o
 .text.Error_Handler
                0x08000890        0xc ./Core/Src/main.o
                0x08000890                Error_Handler
 .text.HAL_MspInit
                0x0800089c       0x48 ./Core/Src/stm32f3xx_hal_msp.o
                0x0800089c                HAL_MspInit
 .text.HAL_ADC_MspInit
                0x080008e4      0x1bc ./Core/Src/stm32f3xx_hal_msp.o
                0x080008e4                HAL_ADC_MspInit
 .text.HAL_I2C_MspInit
                0x08000aa0       0x88 ./Core/Src/stm32f3xx_hal_msp.o
                0x08000aa0                HAL_I2C_MspInit
 .text.NMI_Handler
                0x08000b28        0x8 ./Core/Src/stm32f3xx_it.o
                0x08000b28                NMI_Handler
 .text.HardFault_Handler
                0x08000b30        0x8 ./Core/Src/stm32f3xx_it.o
                0x08000b30                HardFault_Handler
 .text.MemManage_Handler
                0x08000b38        0x8 ./Core/Src/stm32f3xx_it.o
                0x08000b38                MemManage_Handler
 .text.BusFault_Handler
                0x08000b40        0x8 ./Core/Src/stm32f3xx_it.o
                0x08000b40                BusFault_Handler
 .text.UsageFault_Handler
                0x08000b48        0x8 ./Core/Src/stm32f3xx_it.o
                0x08000b48                UsageFault_Handler
 .text.SVC_Handler
                0x08000b50        0xe ./Core/Src/stm32f3xx_it.o
                0x08000b50                SVC_Handler
 .text.DebugMon_Handler
                0x08000b5e        0xe ./Core/Src/stm32f3xx_it.o
                0x08000b5e                DebugMon_Handler
 .text.PendSV_Handler
                0x08000b6c        0xe ./Core/Src/stm32f3xx_it.o
                0x08000b6c                PendSV_Handler
 .text.SysTick_Handler
                0x08000b7a        0xc ./Core/Src/stm32f3xx_it.o
                0x08000b7a                SysTick_Handler
 .text.EXTI0_IRQHandler
                0x08000b86        0xe ./Core/Src/stm32f3xx_it.o
                0x08000b86                EXTI0_IRQHandler
 .text.EXTI1_IRQHandler
                0x08000b94        0xe ./Core/Src/stm32f3xx_it.o
                0x08000b94                EXTI1_IRQHandler
 .text.EXTI2_TSC_IRQHandler
                0x08000ba2        0xe ./Core/Src/stm32f3xx_it.o
                0x08000ba2                EXTI2_TSC_IRQHandler
 .text.EXTI3_IRQHandler
                0x08000bb0        0xe ./Core/Src/stm32f3xx_it.o
                0x08000bb0                EXTI3_IRQHandler
 *fill*         0x08000bbe        0x2 
 .text.DMA1_Channel1_IRQHandler
                0x08000bc0       0x14 ./Core/Src/stm32f3xx_it.o
                0x08000bc0                DMA1_Channel1_IRQHandler
 .text.USB_LP_CAN_RX0_IRQHandler
                0x08000bd4       0x14 ./Core/Src/stm32f3xx_it.o
                0x08000bd4                USB_LP_CAN_RX0_IRQHandler
 .text.DMA2_Channel5_IRQHandler
                0x08000be8       0x14 ./Core/Src/stm32f3xx_it.o
                0x08000be8                DMA2_Channel5_IRQHandler
 .text.toggleBit
                0x08000bfc       0x30 ./Core/Src/stm32f3xx_it.o
                0x08000bfc                toggleBit
 .text.SystemInit
                0x08000c2c       0x24 ./Core/Src/system_stm32f3xx.o
                0x08000c2c                SystemInit
 .text.Reset_Handler
                0x08000c50       0x50 ./Core/Startup/startup_stm32f303vctx.o
                0x08000c50                Reset_Handler
 .text.Default_Handler
                0x08000ca0        0x2 ./Core/Startup/startup_stm32f303vctx.o
                0x08000ca0                RTC_Alarm_IRQHandler
                0x08000ca0                TIM8_TRG_COM_IRQHandler
                0x08000ca0                TIM8_CC_IRQHandler
                0x08000ca0                TIM1_CC_IRQHandler
                0x08000ca0                USB_HP_IRQHandler
                0x08000ca0                PVD_IRQHandler
                0x08000ca0                TAMP_STAMP_IRQHandler
                0x08000ca0                USB_HP_CAN_TX_IRQHandler
                0x08000ca0                I2C2_EV_IRQHandler
                0x08000ca0                FPU_IRQHandler
                0x08000ca0                TIM1_UP_TIM16_IRQHandler
                0x08000ca0                ADC1_2_IRQHandler
                0x08000ca0                SPI1_IRQHandler
                0x08000ca0                CAN_SCE_IRQHandler
                0x08000ca0                TIM6_DAC_IRQHandler
                0x08000ca0                TIM8_UP_IRQHandler
                0x08000ca0                DMA2_Channel2_IRQHandler
                0x08000ca0                DMA1_Channel4_IRQHandler
                0x08000ca0                USART3_IRQHandler
                0x08000ca0                DMA1_Channel7_IRQHandler
                0x08000ca0                UART5_IRQHandler
                0x08000ca0                ADC3_IRQHandler
                0x08000ca0                TIM4_IRQHandler
                0x08000ca0                CAN_RX1_IRQHandler
                0x08000ca0                DMA2_Channel1_IRQHandler
                0x08000ca0                I2C1_EV_IRQHandler
                0x08000ca0                DMA1_Channel6_IRQHandler
                0x08000ca0                UART4_IRQHandler
                0x08000ca0                DMA2_Channel4_IRQHandler
                0x08000ca0                TIM3_IRQHandler
                0x08000ca0                RCC_IRQHandler
                0x08000ca0                Default_Handler
                0x08000ca0                USBWakeUp_RMP_IRQHandler
                0x08000ca0                EXTI15_10_IRQHandler
                0x08000ca0                TIM7_IRQHandler
                0x08000ca0                EXTI9_5_IRQHandler
                0x08000ca0                RTC_WKUP_IRQHandler
                0x08000ca0                SPI2_IRQHandler
                0x08000ca0                DMA1_Channel5_IRQHandler
                0x08000ca0                USB_LP_IRQHandler
                0x08000ca0                EXTI4_IRQHandler
                0x08000ca0                TIM1_TRG_COM_TIM17_IRQHandler
                0x08000ca0                DMA1_Channel3_IRQHandler
                0x08000ca0                ADC4_IRQHandler
                0x08000ca0                WWDG_IRQHandler
                0x08000ca0                TIM2_IRQHandler
                0x08000ca0                COMP7_IRQHandler
                0x08000ca0                COMP1_2_3_IRQHandler
                0x08000ca0                USART2_IRQHandler
                0x08000ca0                COMP4_5_6_IRQHandler
                0x08000ca0                I2C2_ER_IRQHandler
                0x08000ca0                DMA1_Channel2_IRQHandler
                0x08000ca0                TIM8_BRK_IRQHandler
                0x08000ca0                FLASH_IRQHandler
                0x08000ca0                USART1_IRQHandler
                0x08000ca0                SPI3_IRQHandler
                0x08000ca0                I2C1_ER_IRQHandler
                0x08000ca0                USBWakeUp_IRQHandler
                0x08000ca0                DMA2_Channel3_IRQHandler
                0x08000ca0                TIM1_BRK_TIM15_IRQHandler
 *fill*         0x08000ca2        0x2 
 .text.HAL_Init
                0x08000ca4       0x2c ./Drivers/STM32F3xx_HAL_Driver/Src/stm32f3xx_hal.o
                0x08000ca4                HAL_Init
 .text.HAL_InitTick
                0x08000cd0       0x60 ./Drivers/STM32F3xx_HAL_Driver/Src/stm32f3xx_hal.o
                0x08000cd0                HAL_InitTick
 .text.HAL_IncTick
                0x08000d30       0x28 ./Drivers/STM32F3xx_HAL_Driver/Src/stm32f3xx_hal.o
                0x08000d30                HAL_IncTick
 .text.HAL_GetTick
                0x08000d58       0x18 ./Drivers/STM32F3xx_HAL_Driver/Src/stm32f3xx_hal.o
                0x08000d58                HAL_GetTick
 .text.HAL_Delay
                0x08000d70       0x48 ./Drivers/STM32F3xx_HAL_Driver/Src/stm32f3xx_hal.o
                0x08000d70                HAL_Delay
 .text.HAL_ADC_ConvCpltCallback
                0x08000db8       0x14 ./Drivers/STM32F3xx_HAL_Driver/Src/stm32f3xx_hal_adc.o
                0x08000db8                HAL_ADC_ConvCpltCallback
 .text.HAL_ADC_ConvHalfCpltCallback
                0x08000dcc       0x14 ./Drivers/STM32F3xx_HAL_Driver/Src/stm32f3xx_hal_adc.o
                0x08000dcc                HAL_ADC_ConvHalfCpltCallback
 .text.HAL_ADC_ErrorCallback
                0x08000de0       0x14 ./Drivers/STM32F3xx_HAL_Driver/Src/stm32f3xx_hal_adc.o
                0x08000de0                HAL_ADC_ErrorCallback
 .text.HAL_ADC_Init
                0x08000df4      0x3c0 ./Drivers/STM32F3xx_HAL_Driver/Src/stm32f3xx_hal_adc_ex.o
                0x08000df4                HAL_ADC_Init
 .text.HAL_ADC_Start_DMA
                0x080011b4      0x238 ./Drivers/STM32F3xx_HAL_Driver/Src/stm32f3xx_hal_adc_ex.o
                0x080011b4                HAL_ADC_Start_DMA
 .text.HAL_ADC_ConfigChannel
                0x080013ec      0x5d4 ./Drivers/STM32F3xx_HAL_Driver/Src/stm32f3xx_hal_adc_ex.o
                0x080013ec                HAL_ADC_ConfigChannel
 .text.HAL_ADCEx_MultiModeConfigChannel
                0x080019c0      0x1e4 ./Drivers/STM32F3xx_HAL_Driver/Src/stm32f3xx_hal_adc_ex.o
                0x080019c0                HAL_ADCEx_MultiModeConfigChannel
 .text.ADC_DMAConvCplt
                0x08001ba4       0x7a ./Drivers/STM32F3xx_HAL_Driver/Src/stm32f3xx_hal_adc_ex.o
 .text.ADC_DMAHalfConvCplt
                0x08001c1e       0x1c ./Drivers/STM32F3xx_HAL_Driver/Src/stm32f3xx_hal_adc_ex.o
 .text.ADC_DMAError
                0x08001c3a       0x34 ./Drivers/STM32F3xx_HAL_Driver/Src/stm32f3xx_hal_adc_ex.o
 *fill*         0x08001c6e        0x2 
 .text.ADC_Enable
                0x08001c70       0xc8 ./Drivers/STM32F3xx_HAL_Driver/Src/stm32f3xx_hal_adc_ex.o
 .text.ADC_Disable
                0x08001d38       0xcc ./Drivers/STM32F3xx_HAL_Driver/Src/stm32f3xx_hal_adc_ex.o
 .text.__NVIC_SetPriorityGrouping
                0x08001e04       0x48 ./Drivers/STM32F3xx_HAL_Driver/Src/stm32f3xx_hal_cortex.o
 .text.__NVIC_GetPriorityGrouping
                0x08001e4c       0x1c ./Drivers/STM32F3xx_HAL_Driver/Src/stm32f3xx_hal_cortex.o
 .text.__NVIC_EnableIRQ
                0x08001e68       0x3c ./Drivers/STM32F3xx_HAL_Driver/Src/stm32f3xx_hal_cortex.o
 .text.__NVIC_SetPriority
                0x08001ea4       0x54 ./Drivers/STM32F3xx_HAL_Driver/Src/stm32f3xx_hal_cortex.o
 .text.NVIC_EncodePriority
                0x08001ef8       0x66 ./Drivers/STM32F3xx_HAL_Driver/Src/stm32f3xx_hal_cortex.o
 *fill*         0x08001f5e        0x2 
 .text.SysTick_Config
                0x08001f60       0x44 ./Drivers/STM32F3xx_HAL_Driver/Src/stm32f3xx_hal_cortex.o
 .text.HAL_NVIC_SetPriorityGrouping
                0x08001fa4       0x16 ./Drivers/STM32F3xx_HAL_Driver/Src/stm32f3xx_hal_cortex.o
                0x08001fa4                HAL_NVIC_SetPriorityGrouping
 .text.HAL_NVIC_SetPriority
                0x08001fba       0x38 ./Drivers/STM32F3xx_HAL_Driver/Src/stm32f3xx_hal_cortex.o
                0x08001fba                HAL_NVIC_SetPriority
 .text.HAL_NVIC_EnableIRQ
                0x08001ff2       0x1c ./Drivers/STM32F3xx_HAL_Driver/Src/stm32f3xx_hal_cortex.o
                0x08001ff2                HAL_NVIC_EnableIRQ
 .text.HAL_SYSTICK_Config
                0x0800200e       0x18 ./Drivers/STM32F3xx_HAL_Driver/Src/stm32f3xx_hal_cortex.o
                0x0800200e                HAL_SYSTICK_Config
 .text.HAL_DMA_Init
                0x08002026       0x8e ./Drivers/STM32F3xx_HAL_Driver/Src/stm32f3xx_hal_dma.o
                0x08002026                HAL_DMA_Init
 .text.HAL_DMA_Start_IT
                0x080020b4       0xbe ./Drivers/STM32F3xx_HAL_Driver/Src/stm32f3xx_hal_dma.o
                0x080020b4                HAL_DMA_Start_IT
 .text.HAL_DMA_IRQHandler
                0x08002172      0x146 ./Drivers/STM32F3xx_HAL_Driver/Src/stm32f3xx_hal_dma.o
                0x08002172                HAL_DMA_IRQHandler
 .text.DMA_SetConfig
                0x080022b8       0x5c ./Drivers/STM32F3xx_HAL_Driver/Src/stm32f3xx_hal_dma.o
 .text.DMA_CalcBaseAndBitshift
                0x08002314       0x78 ./Drivers/STM32F3xx_HAL_Driver/Src/stm32f3xx_hal_dma.o
 .text.HAL_GPIO_Init
                0x0800238c      0x2f4 ./Drivers/STM32F3xx_HAL_Driver/Src/stm32f3xx_hal_gpio.o
                0x0800238c                HAL_GPIO_Init
 .text.HAL_GPIO_ReadPin
                0x08002680       0x30 ./Drivers/STM32F3xx_HAL_Driver/Src/stm32f3xx_hal_gpio.o
                0x08002680                HAL_GPIO_ReadPin
 .text.HAL_GPIO_WritePin
                0x080026b0       0x30 ./Drivers/STM32F3xx_HAL_Driver/Src/stm32f3xx_hal_gpio.o
                0x080026b0                HAL_GPIO_WritePin
 .text.HAL_GPIO_EXTI_IRQHandler
                0x080026e0       0x30 ./Drivers/STM32F3xx_HAL_Driver/Src/stm32f3xx_hal_gpio.o
                0x080026e0                HAL_GPIO_EXTI_IRQHandler
 .text.HAL_I2C_Init
                0x08002710      0x136 ./Drivers/STM32F3xx_HAL_Driver/Src/stm32f3xx_hal_i2c.o
                0x08002710                HAL_I2C_Init
 .text.HAL_I2CEx_ConfigAnalogFilter
                0x08002846       0x96 ./Drivers/STM32F3xx_HAL_Driver/Src/stm32f3xx_hal_i2c_ex.o
                0x08002846                HAL_I2CEx_ConfigAnalogFilter
 .text.HAL_I2CEx_ConfigDigitalFilter
                0x080028dc       0x98 ./Drivers/STM32F3xx_HAL_Driver/Src/stm32f3xx_hal_i2c_ex.o
                0x080028dc                HAL_I2CEx_ConfigDigitalFilter
 .text.HAL_PCD_Init
                0x08002974      0x18e ./Drivers/STM32F3xx_HAL_Driver/Src/stm32f3xx_hal_pcd.o
                0x08002974                HAL_PCD_Init
 .text.HAL_PCD_Start
                0x08002b02       0x4c ./Drivers/STM32F3xx_HAL_Driver/Src/stm32f3xx_hal_pcd.o
                0x08002b02                HAL_PCD_Start
 .text.HAL_PCD_IRQHandler
                0x08002b4e      0x1a8 ./Drivers/STM32F3xx_HAL_Driver/Src/stm32f3xx_hal_pcd.o
                0x08002b4e                HAL_PCD_IRQHandler
 .text.HAL_PCD_SetAddress
                0x08002cf6       0x48 ./Drivers/STM32F3xx_HAL_Driver/Src/stm32f3xx_hal_pcd.o
                0x08002cf6                HAL_PCD_SetAddress
 .text.HAL_PCD_EP_Open
                0x08002d3e       0xba ./Drivers/STM32F3xx_HAL_Driver/Src/stm32f3xx_hal_pcd.o
                0x08002d3e                HAL_PCD_EP_Open
 .text.HAL_PCD_EP_Close
                0x08002df8       0x90 ./Drivers/STM32F3xx_HAL_Driver/Src/stm32f3xx_hal_pcd.o
                0x08002df8                HAL_PCD_EP_Close
 .text.HAL_PCD_EP_Receive
                0x08002e88       0x62 ./Drivers/STM32F3xx_HAL_Driver/Src/stm32f3xx_hal_pcd.o
                0x08002e88                HAL_PCD_EP_Receive
 .text.HAL_PCD_EP_Transmit
                0x08002eea       0x6e ./Drivers/STM32F3xx_HAL_Driver/Src/stm32f3xx_hal_pcd.o
                0x08002eea                HAL_PCD_EP_Transmit
 .text.HAL_PCD_EP_SetStall
                0x08002f58       0xa4 ./Drivers/STM32F3xx_HAL_Driver/Src/stm32f3xx_hal_pcd.o
                0x08002f58                HAL_PCD_EP_SetStall
 .text.HAL_PCD_EP_ClrStall
                0x08002ffc       0xa8 ./Drivers/STM32F3xx_HAL_Driver/Src/stm32f3xx_hal_pcd.o
                0x08002ffc                HAL_PCD_EP_ClrStall
 .text.PCD_EP_ISR_Handler
                0x080030a4      0x79e ./Drivers/STM32F3xx_HAL_Driver/Src/stm32f3xx_hal_pcd.o
 .text.HAL_PCD_EP_DB_Receive
                0x08003842      0x21a ./Drivers/STM32F3xx_HAL_Driver/Src/stm32f3xx_hal_pcd.o
 .text.HAL_PCD_EP_DB_Transmit
                0x08003a5c      0x7f4 ./Drivers/STM32F3xx_HAL_Driver/Src/stm32f3xx_hal_pcd.o
 .text.HAL_PCDEx_PMAConfig
                0x08004250       0x86 ./Drivers/STM32F3xx_HAL_Driver/Src/stm32f3xx_hal_pcd_ex.o
                0x08004250                HAL_PCDEx_PMAConfig
 *fill*         0x080042d6        0x2 
 .text.HAL_RCC_OscConfig
                0x080042d8     0x107c ./Drivers/STM32F3xx_HAL_Driver/Src/stm32f3xx_hal_rcc.o
                0x080042d8                HAL_RCC_OscConfig
 .text.HAL_RCC_ClockConfig
                0x08005354      0x2f8 ./Drivers/STM32F3xx_HAL_Driver/Src/stm32f3xx_hal_rcc.o
                0x08005354                HAL_RCC_ClockConfig
 .text.HAL_RCC_GetSysClockFreq
                0x0800564c       0xa8 ./Drivers/STM32F3xx_HAL_Driver/Src/stm32f3xx_hal_rcc.o
                0x0800564c                HAL_RCC_GetSysClockFreq
 .text.HAL_RCCEx_PeriphCLKConfig
                0x080056f4      0x360 ./Drivers/STM32F3xx_HAL_Driver/Src/stm32f3xx_hal_rcc_ex.o
                0x080056f4                HAL_RCCEx_PeriphCLKConfig
 .text.USB_EnableGlobalInt
                0x08005a54       0x2e ./Drivers/STM32F3xx_HAL_Driver/Src/stm32f3xx_ll_usb.o
                0x08005a54                USB_EnableGlobalInt
 .text.USB_DisableGlobalInt
                0x08005a82       0x36 ./Drivers/STM32F3xx_HAL_Driver/Src/stm32f3xx_ll_usb.o
                0x08005a82                USB_DisableGlobalInt
 .text.USB_DevInit
                0x08005ab8       0x3c ./Drivers/STM32F3xx_HAL_Driver/Src/stm32f3xx_ll_usb.o
                0x08005ab8                USB_DevInit
 .text.USB_ActivateEndpoint
                0x08005af4      0x788 ./Drivers/STM32F3xx_HAL_Driver/Src/stm32f3xx_ll_usb.o
                0x08005af4                USB_ActivateEndpoint
 .text.USB_DeactivateEndpoint
                0x0800627c      0x3da ./Drivers/STM32F3xx_HAL_Driver/Src/stm32f3xx_ll_usb.o
                0x0800627c                USB_DeactivateEndpoint
 .text.USB_EPStartXfer
                0x08006656     0x1764 ./Drivers/STM32F3xx_HAL_Driver/Src/stm32f3xx_ll_usb.o
                0x08006656                USB_EPStartXfer
 .text.USB_EPSetStall
                0x08007dba       0xa2 ./Drivers/STM32F3xx_HAL_Driver/Src/stm32f3xx_ll_usb.o
                0x08007dba                USB_EPSetStall
 .text.USB_EPClearStall
                0x08007e5c      0x15c ./Drivers/STM32F3xx_HAL_Driver/Src/stm32f3xx_ll_usb.o
                0x08007e5c                USB_EPClearStall
 .text.USB_SetDevAddress
                0x08007fb8       0x28 ./Drivers/STM32F3xx_HAL_Driver/Src/stm32f3xx_ll_usb.o
                0x08007fb8                USB_SetDevAddress
 .text.USB_DevConnect
                0x08007fe0       0x16 ./Drivers/STM32F3xx_HAL_Driver/Src/stm32f3xx_ll_usb.o
                0x08007fe0                USB_DevConnect
 .text.USB_ReadInterrupts
                0x08007ff6       0x20 ./Drivers/STM32F3xx_HAL_Driver/Src/stm32f3xx_ll_usb.o
                0x08007ff6                USB_ReadInterrupts
 .text.USB_WritePMA
                0x08008016       0x8c ./Drivers/STM32F3xx_HAL_Driver/Src/stm32f3xx_ll_usb.o
                0x08008016                USB_WritePMA
 .text.USB_ReadPMA
                0x080080a2       0xa0 ./Drivers/STM32F3xx_HAL_Driver/Src/stm32f3xx_ll_usb.o
                0x080080a2                USB_ReadPMA
 .text.USBD_CUSTOM_HID_Init
                0x08008142       0x84 ./Middlewares/ST/STM32_USB_Device_Library/Class/CustomHID/Src/usbd_customhid.o
 .text.USBD_CUSTOM_HID_DeInit
                0x080081c6       0x5c ./Middlewares/ST/STM32_USB_Device_Library/Class/CustomHID/Src/usbd_customhid.o
 *fill*         0x08008222        0x2 
 .text.USBD_CUSTOM_HID_Setup
                0x08008224      0x200 ./Middlewares/ST/STM32_USB_Device_Library/Class/CustomHID/Src/usbd_customhid.o
 .text.USBD_CUSTOM_HID_SendReport
                0x08008424       0x4e ./Middlewares/ST/STM32_USB_Device_Library/Class/CustomHID/Src/usbd_customhid.o
                0x08008424                USBD_CUSTOM_HID_SendReport
 *fill*         0x08008472        0x2 
 .text.USBD_CUSTOM_HID_GetFSCfgDesc
                0x08008474       0x20 ./Middlewares/ST/STM32_USB_Device_Library/Class/CustomHID/Src/usbd_customhid.o
 .text.USBD_CUSTOM_HID_GetHSCfgDesc
                0x08008494       0x20 ./Middlewares/ST/STM32_USB_Device_Library/Class/CustomHID/Src/usbd_customhid.o
 .text.USBD_CUSTOM_HID_GetOtherSpeedCfgDesc
                0x080084b4       0x20 ./Middlewares/ST/STM32_USB_Device_Library/Class/CustomHID/Src/usbd_customhid.o
 .text.USBD_CUSTOM_HID_DataIn
                0x080084d4       0x26 ./Middlewares/ST/STM32_USB_Device_Library/Class/CustomHID/Src/usbd_customhid.o
 .text.USBD_CUSTOM_HID_DataOut
                0x080084fa       0x3e ./Middlewares/ST/STM32_USB_Device_Library/Class/CustomHID/Src/usbd_customhid.o
 .text.USBD_CUSTOM_HID_EP0_RxReady
                0x08008538       0x3c ./Middlewares/ST/STM32_USB_Device_Library/Class/CustomHID/Src/usbd_customhid.o
 .text.USBD_CUSTOM_HID_GetDeviceQualifierDesc
                0x08008574       0x20 ./Middlewares/ST/STM32_USB_Device_Library/Class/CustomHID/Src/usbd_customhid.o
 .text.USBD_CUSTOM_HID_RegisterInterface
                0x08008594       0x2e ./Middlewares/ST/STM32_USB_Device_Library/Class/CustomHID/Src/usbd_customhid.o
                0x08008594                USBD_CUSTOM_HID_RegisterInterface
 .text.USBD_Init
                0x080085c2       0x56 ./Middlewares/ST/STM32_USB_Device_Library/Core/Src/usbd_core.o
                0x080085c2                USBD_Init
 .text.USBD_RegisterClass
                0x08008618       0x34 ./Middlewares/ST/STM32_USB_Device_Library/Core/Src/usbd_core.o
                0x08008618                USBD_RegisterClass
 .text.USBD_Start
                0x0800864c       0x18 ./Middlewares/ST/STM32_USB_Device_Library/Core/Src/usbd_core.o
                0x0800864c                USBD_Start
 .text.USBD_RunTestMode
                0x08008664       0x16 ./Middlewares/ST/STM32_USB_Device_Library/Core/Src/usbd_core.o
                0x08008664                USBD_RunTestMode
 .text.USBD_SetClassConfig
                0x0800867a       0x3e ./Middlewares/ST/STM32_USB_Device_Library/Core/Src/usbd_core.o
                0x0800867a                USBD_SetClassConfig
 .text.USBD_ClrClassConfig
                0x080086b8       0x26 ./Middlewares/ST/STM32_USB_Device_Library/Core/Src/usbd_core.o
                0x080086b8                USBD_ClrClassConfig
 .text.USBD_LL_SetupStage
                0x080086de       0x9a ./Middlewares/ST/STM32_USB_Device_Library/Core/Src/usbd_core.o
                0x080086de                USBD_LL_SetupStage
 .text.USBD_LL_DataOutStage
                0x08008778       0xe2 ./Middlewares/ST/STM32_USB_Device_Library/Core/Src/usbd_core.o
                0x08008778                USBD_LL_DataOutStage
 .text.USBD_LL_DataInStage
                0x0800885a      0x14a ./Middlewares/ST/STM32_USB_Device_Library/Core/Src/usbd_core.o
                0x0800885a                USBD_LL_DataInStage
 .text.USBD_LL_Reset
                0x080089a4       0x82 ./Middlewares/ST/STM32_USB_Device_Library/Core/Src/usbd_core.o
                0x080089a4                USBD_LL_Reset
 .text.USBD_LL_SetSpeed
                0x08008a26       0x20 ./Middlewares/ST/STM32_USB_Device_Library/Core/Src/usbd_core.o
                0x08008a26                USBD_LL_SetSpeed
 .text.USBD_LL_Suspend
                0x08008a46       0x2a ./Middlewares/ST/STM32_USB_Device_Library/Core/Src/usbd_core.o
                0x08008a46                USBD_LL_Suspend
 .text.USBD_LL_Resume
                0x08008a70       0x2c ./Middlewares/ST/STM32_USB_Device_Library/Core/Src/usbd_core.o
                0x08008a70                USBD_LL_Resume
 .text.USBD_LL_SOF
                0x08008a9c       0x34 ./Middlewares/ST/STM32_USB_Device_Library/Core/Src/usbd_core.o
                0x08008a9c                USBD_LL_SOF
 .text.USBD_StdDevReq
                0x08008ad0       0xd4 ./Middlewares/ST/STM32_USB_Device_Library/Core/Src/usbd_ctlreq.o
                0x08008ad0                USBD_StdDevReq
 .text.USBD_StdItfReq
                0x08008ba4       0x90 ./Middlewares/ST/STM32_USB_Device_Library/Core/Src/usbd_ctlreq.o
                0x08008ba4                USBD_StdItfReq
 .text.USBD_StdEPReq
                0x08008c34      0x2c6 ./Middlewares/ST/STM32_USB_Device_Library/Core/Src/usbd_ctlreq.o
                0x08008c34                USBD_StdEPReq
 *fill*         0x08008efa        0x2 
 .text.USBD_GetDescriptor
                0x08008efc      0x2d0 ./Middlewares/ST/STM32_USB_Device_Library/Core/Src/usbd_ctlreq.o
 .text.USBD_SetAddress
                0x080091cc       0x86 ./Middlewares/ST/STM32_USB_Device_Library/Core/Src/usbd_ctlreq.o
 *fill*         0x08009252        0x2 
 .text.USBD_SetConfig
                0x08009254      0x11c ./Middlewares/ST/STM32_USB_Device_Library/Core/Src/usbd_ctlreq.o
 .text.USBD_GetConfig
                0x08009370       0x6a ./Middlewares/ST/STM32_USB_Device_Library/Core/Src/usbd_ctlreq.o
 .text.USBD_GetStatus
                0x080093da       0x66 ./Middlewares/ST/STM32_USB_Device_Library/Core/Src/usbd_ctlreq.o
 .text.USBD_SetFeature
                0x08009440       0x28 ./Middlewares/ST/STM32_USB_Device_Library/Core/Src/usbd_ctlreq.o
 .text.USBD_ClrFeature
                0x08009468       0x42 ./Middlewares/ST/STM32_USB_Device_Library/Core/Src/usbd_ctlreq.o
 .text.USBD_ParseSetupRequest
                0x080094aa       0x74 ./Middlewares/ST/STM32_USB_Device_Library/Core/Src/usbd_ctlreq.o
                0x080094aa                USBD_ParseSetupRequest
 .text.USBD_CtlError
                0x0800951e       0x22 ./Middlewares/ST/STM32_USB_Device_Library/Core/Src/usbd_ctlreq.o
                0x0800951e                USBD_CtlError
 .text.USBD_GetString
                0x08009540       0x84 ./Middlewares/ST/STM32_USB_Device_Library/Core/Src/usbd_ctlreq.o
                0x08009540                USBD_GetString
 .text.USBD_GetLen
                0x080095c4       0x30 ./Middlewares/ST/STM32_USB_Device_Library/Core/Src/usbd_ctlreq.o
 .text.USBD_CtlSendData
                0x080095f4       0x38 ./Middlewares/ST/STM32_USB_Device_Library/Core/Src/usbd_ioreq.o
                0x080095f4                USBD_CtlSendData
 .text.USBD_CtlContinueSendData
                0x0800962c       0x24 ./Middlewares/ST/STM32_USB_Device_Library/Core/Src/usbd_ioreq.o
                0x0800962c                USBD_CtlContinueSendData
 .text.USBD_CtlPrepareRx
                0x08009650       0x3c ./Middlewares/ST/STM32_USB_Device_Library/Core/Src/usbd_ioreq.o
                0x08009650                USBD_CtlPrepareRx
 .text.USBD_CtlContinueRx
                0x0800968c       0x24 ./Middlewares/ST/STM32_USB_Device_Library/Core/Src/usbd_ioreq.o
                0x0800968c                USBD_CtlContinueRx
 .text.USBD_CtlSendStatus
                0x080096b0       0x26 ./Middlewares/ST/STM32_USB_Device_Library/Core/Src/usbd_ioreq.o
                0x080096b0                USBD_CtlSendStatus
 .text.USBD_CtlReceiveStatus
                0x080096d6       0x26 ./Middlewares/ST/STM32_USB_Device_Library/Core/Src/usbd_ioreq.o
                0x080096d6                USBD_CtlReceiveStatus
 .text.MX_USB_DEVICE_Init
                0x080096fc       0x60 ./USB_DEVICE/App/usb_device.o
                0x080096fc                MX_USB_DEVICE_Init
 .text.CUSTOM_HID_Init_FS
                0x0800975c       0x10 ./USB_DEVICE/App/usbd_custom_hid_if.o
 .text.CUSTOM_HID_DeInit_FS
                0x0800976c       0x10 ./USB_DEVICE/App/usbd_custom_hid_if.o
 .text.CUSTOM_HID_OutEvent_FS
                0x0800977c       0x1e ./USB_DEVICE/App/usbd_custom_hid_if.o
 *fill*         0x0800979a        0x2 
 .text.USBD_FS_DeviceDescriptor
                0x0800979c       0x24 ./USB_DEVICE/App/usbd_desc.o
                0x0800979c                USBD_FS_DeviceDescriptor
 .text.USBD_FS_LangIDStrDescriptor
                0x080097c0       0x24 ./USB_DEVICE/App/usbd_desc.o
                0x080097c0                USBD_FS_LangIDStrDescriptor
 .text.USBD_FS_ProductStrDescriptor
                0x080097e4       0x3c ./USB_DEVICE/App/usbd_desc.o
                0x080097e4                USBD_FS_ProductStrDescriptor
 .text.USBD_FS_ManufacturerStrDescriptor
                0x08009820       0x28 ./USB_DEVICE/App/usbd_desc.o
                0x08009820                USBD_FS_ManufacturerStrDescriptor
 .text.USBD_FS_SerialStrDescriptor
                0x08009848       0x24 ./USB_DEVICE/App/usbd_desc.o
                0x08009848                USBD_FS_SerialStrDescriptor
 .text.USBD_FS_ConfigStrDescriptor
                0x0800986c       0x3c ./USB_DEVICE/App/usbd_desc.o
                0x0800986c                USBD_FS_ConfigStrDescriptor
 .text.USBD_FS_InterfaceStrDescriptor
                0x080098a8       0x3c ./USB_DEVICE/App/usbd_desc.o
                0x080098a8                USBD_FS_InterfaceStrDescriptor
 .text.Get_SerialNum
                0x080098e4       0x58 ./USB_DEVICE/App/usbd_desc.o
 .text.IntToUnicode
                0x0800993c       0x7e ./USB_DEVICE/App/usbd_desc.o
 *fill*         0x080099ba        0x2 
 .text.HAL_PCD_MspInit
                0x080099bc       0x98 ./USB_DEVICE/Target/usbd_conf.o
                0x080099bc                HAL_PCD_MspInit
 .text.HAL_PCD_SetupStageCallback
                0x08009a54       0x24 ./USB_DEVICE/Target/usbd_conf.o
                0x08009a54                HAL_PCD_SetupStageCallback
 .text.HAL_PCD_DataOutStageCallback
                0x08009a78       0x36 ./USB_DEVICE/Target/usbd_conf.o
                0x08009a78                HAL_PCD_DataOutStageCallback
 .text.HAL_PCD_DataInStageCallback
                0x08009aae       0x34 ./USB_DEVICE/Target/usbd_conf.o
                0x08009aae                HAL_PCD_DataInStageCallback
 .text.HAL_PCD_SOFCallback
                0x08009ae2       0x1c ./USB_DEVICE/Target/usbd_conf.o
                0x08009ae2                HAL_PCD_SOFCallback
 .text.HAL_PCD_ResetCallback
                0x08009afe       0x3c ./USB_DEVICE/Target/usbd_conf.o
                0x08009afe                HAL_PCD_ResetCallback
 *fill*         0x08009b3a        0x2 
 .text.HAL_PCD_SuspendCallback
                0x08009b3c       0x34 ./USB_DEVICE/Target/usbd_conf.o
                0x08009b3c                HAL_PCD_SuspendCallback
 .text.HAL_PCD_ResumeCallback
                0x08009b70       0x1c ./USB_DEVICE/Target/usbd_conf.o
                0x08009b70                HAL_PCD_ResumeCallback
 .text.USBD_LL_Init
                0x08009b8c       0xa0 ./USB_DEVICE/Target/usbd_conf.o
                0x08009b8c                USBD_LL_Init
 .text.USBD_LL_Start
                0x08009c2c       0x36 ./USB_DEVICE/Target/usbd_conf.o
                0x08009c2c                USBD_LL_Start
 .text.USBD_LL_OpenEP
                0x08009c62       0x4c ./USB_DEVICE/Target/usbd_conf.o
                0x08009c62                USBD_LL_OpenEP
 .text.USBD_LL_CloseEP
                0x08009cae       0x3e ./USB_DEVICE/Target/usbd_conf.o
                0x08009cae                USBD_LL_CloseEP
 .text.USBD_LL_StallEP
                0x08009cec       0x3e ./USB_DEVICE/Target/usbd_conf.o
                0x08009cec                USBD_LL_StallEP
 .text.USBD_LL_ClearStallEP
                0x08009d2a       0x3e ./USB_DEVICE/Target/usbd_conf.o
                0x08009d2a                USBD_LL_ClearStallEP
 .text.USBD_LL_IsStallEP
                0x08009d68       0x58 ./USB_DEVICE/Target/usbd_conf.o
                0x08009d68                USBD_LL_IsStallEP
 .text.USBD_LL_SetUSBAddress
                0x08009dc0       0x3e ./USB_DEVICE/Target/usbd_conf.o
                0x08009dc0                USBD_LL_SetUSBAddress
 .text.USBD_LL_Transmit
                0x08009dfe       0x46 ./USB_DEVICE/Target/usbd_conf.o
                0x08009dfe                USBD_LL_Transmit
 .text.USBD_LL_PrepareReceive
                0x08009e44       0x46 ./USB_DEVICE/Target/usbd_conf.o
                0x08009e44                USBD_LL_PrepareReceive
 *fill*         0x08009e8a        0x2 
 .text.USBD_static_malloc
                0x08009e8c       0x1c ./USB_DEVICE/Target/usbd_conf.o
                0x08009e8c                USBD_static_malloc
 .text.USBD_static_free
                0x08009ea8       0x14 ./USB_DEVICE/Target/usbd_conf.o
                0x08009ea8                USBD_static_free
 .text.HAL_PCDEx_SetConnectionState
                0x08009ebc       0x18 ./USB_DEVICE/Target/usbd_conf.o
                0x08009ebc                HAL_PCDEx_SetConnectionState
 .text.USBD_Get_USB_Status
                0x08009ed4       0x58 ./USB_DEVICE/Target/usbd_conf.o
 .text.memset   0x08009f2c       0x10 /opt/st/stm32cubeide_1.16.0/plugins/com.st.stm32cube.ide.mcu.externaltools.gnu-tools-for-stm32.12.3.rel1.linux64_1.0.200.202406132123/tools/bin/../lib/gcc/arm-none-eabi/12.3.1/../../../../arm-none-eabi/lib/thumb/v7e-m+fp/hard/libc_nano.a(libc_a-memset.o)
                0x08009f2c                memset
 .text.__libc_init_array
                0x08009f3c       0x48 /opt/st/stm32cubeide_1.16.0/plugins/com.st.stm32cube.ide.mcu.externaltools.gnu-tools-for-stm32.12.3.rel1.linux64_1.0.200.202406132123/tools/bin/../lib/gcc/arm-none-eabi/12.3.1/../../../../arm-none-eabi/lib/thumb/v7e-m+fp/hard/libc_nano.a(libc_a-init.o)
                0x08009f3c                __libc_init_array
 *(.glue_7)
 .glue_7        0x08009f84        0x0 linker stubs
 *(.glue_7t)
 .glue_7t       0x08009f84        0x0 linker stubs
 *(.eh_frame)
 .eh_frame      0x08009f84        0x0 /opt/st/stm32cubeide_1.16.0/plugins/com.st.stm32cube.ide.mcu.externaltools.gnu-tools-for-stm32.12.3.rel1.linux64_1.0.200.202406132123/tools/bin/../lib/gcc/arm-none-eabi/12.3.1/thumb/v7e-m+fp/hard/crtbegin.o
 *(.init)
 .init          0x08009f84        0x4 /opt/st/stm32cubeide_1.16.0/plugins/com.st.stm32cube.ide.mcu.externaltools.gnu-tools-for-stm32.12.3.rel1.linux64_1.0.200.202406132123/tools/bin/../lib/gcc/arm-none-eabi/12.3.1/thumb/v7e-m+fp/hard/crti.o
                0x08009f84                _init
 .init          0x08009f88        0x8 /opt/st/stm32cubeide_1.16.0/plugins/com.st.stm32cube.ide.mcu.externaltools.gnu-tools-for-stm32.12.3.rel1.linux64_1.0.200.202406132123/tools/bin/../lib/gcc/arm-none-eabi/12.3.1/thumb/v7e-m+fp/hard/crtn.o
 *(.fini)
 .fini          0x08009f90        0x4 /opt/st/stm32cubeide_1.16.0/plugins/com.st.stm32cube.ide.mcu.externaltools.gnu-tools-for-stm32.12.3.rel1.linux64_1.0.200.202406132123/tools/bin/../lib/gcc/arm-none-eabi/12.3.1/thumb/v7e-m+fp/hard/crti.o
                0x08009f90                _fini
 .fini          0x08009f94        0x8 /opt/st/stm32cubeide_1.16.0/plugins/com.st.stm32cube.ide.mcu.externaltools.gnu-tools-for-stm32.12.3.rel1.linux64_1.0.200.202406132123/tools/bin/../lib/gcc/arm-none-eabi/12.3.1/thumb/v7e-m+fp/hard/crtn.o
                0x08009f9c                        . = ALIGN (0x4)
                0x08009f9c                        _etext = .

.vfp11_veneer   0x08009f9c        0x0
 .vfp11_veneer  0x08009f9c        0x0 linker stubs

.v4_bx          0x08009f9c        0x0
 .v4_bx         0x08009f9c        0x0 linker stubs

.iplt           0x08009f9c        0x0
 .iplt          0x08009f9c        0x0 /opt/st/stm32cubeide_1.16.0/plugins/com.st.stm32cube.ide.mcu.externaltools.gnu-tools-for-stm32.12.3.rel1.linux64_1.0.200.202406132123/tools/bin/../lib/gcc/arm-none-eabi/12.3.1/thumb/v7e-m+fp/hard/crtbegin.o

.rodata         0x08009f9c       0x90
                0x08009f9c                        . = ALIGN (0x4)
 *(.rodata)
 .rodata        0x08009f9c       0x5d ./USB_DEVICE/App/usbd_desc.o
 *(.rodata*)
 *fill*         0x08009ff9        0x3 
 .rodata.AHBPrescTable
                0x08009ffc       0x10 ./Core/Src/system_stm32f3xx.o
                0x08009ffc                AHBPrescTable
 .rodata.aPLLMULFactorTable
                0x0800a00c       0x10 ./Drivers/STM32F3xx_HAL_Driver/Src/stm32f3xx_hal_rcc.o
 .rodata.aPredivFactorTable
                0x0800a01c       0x10 ./Drivers/STM32F3xx_HAL_Driver/Src/stm32f3xx_hal_rcc.o
                0x0800a02c                        . = ALIGN (0x4)

.ARM.extab      0x0800a02c        0x0
                0x0800a02c                        . = ALIGN (0x4)
 *(.ARM.extab* .gnu.linkonce.armextab.*)
                0x0800a02c                        . = ALIGN (0x4)

.ARM            0x0800a02c        0x0
                0x0800a02c                        . = ALIGN (0x4)
                0x0800a02c                        __exidx_start = .
 *(.ARM.exidx*)
                0x0800a02c                        __exidx_end = .
                0x0800a02c                        . = ALIGN (0x4)

.preinit_array  0x0800a02c        0x0
                0x0800a02c                        . = ALIGN (0x4)
                0x0800a02c                        PROVIDE (__preinit_array_start = .)
 *(.preinit_array*)
                0x0800a02c                        PROVIDE (__preinit_array_end = .)
                0x0800a02c                        . = ALIGN (0x4)

.init_array     0x0800a02c        0x4
                0x0800a02c                        . = ALIGN (0x4)
                0x0800a02c                        PROVIDE (__init_array_start = .)
 *(SORT_BY_NAME(.init_array.*))
 *(.init_array*)
 .init_array    0x0800a02c        0x4 /opt/st/stm32cubeide_1.16.0/plugins/com.st.stm32cube.ide.mcu.externaltools.gnu-tools-for-stm32.12.3.rel1.linux64_1.0.200.202406132123/tools/bin/../lib/gcc/arm-none-eabi/12.3.1/thumb/v7e-m+fp/hard/crtbegin.o
                0x0800a030                        PROVIDE (__init_array_end = .)
                0x0800a030                        . = ALIGN (0x4)

.fini_array     0x0800a030        0x4
                0x0800a030                        . = ALIGN (0x4)
                [!provide]                        PROVIDE (__fini_array_start = .)
 *(SORT_BY_NAME(.fini_array.*))
 *(.fini_array*)
 .fini_array    0x0800a030        0x4 /opt/st/stm32cubeide_1.16.0/plugins/com.st.stm32cube.ide.mcu.externaltools.gnu-tools-for-stm32.12.3.rel1.linux64_1.0.200.202406132123/tools/bin/../lib/gcc/arm-none-eabi/12.3.1/thumb/v7e-m+fp/hard/crtbegin.o
                [!provide]                        PROVIDE (__fini_array_end = .)
                0x0800a034                        . = ALIGN (0x4)
                0x0800a034                        _sidata = LOADADDR (.data)

.rel.dyn        0x0800a034        0x0
 .rel.iplt      0x0800a034        0x0 /opt/st/stm32cubeide_1.16.0/plugins/com.st.stm32cube.ide.mcu.externaltools.gnu-tools-for-stm32.12.3.rel1.linux64_1.0.200.202406132123/tools/bin/../lib/gcc/arm-none-eabi/12.3.1/thumb/v7e-m+fp/hard/crtbegin.o

.data           0x20000000      0x16c load address 0x0800a034
                0x20000000                        . = ALIGN (0x4)
                0x20000000                        _sdata = .
 *(.data)
 *(.data*)
 .data.SystemCoreClock
                0x20000000        0x4 ./Core/Src/system_stm32f3xx.o
                0x20000000                SystemCoreClock
 .data.uwTickPrio
                0x20000004        0x4 ./Drivers/STM32F3xx_HAL_Driver/Src/stm32f3xx_hal.o
                0x20000004                uwTickPrio
 .data.uwTickFreq
                0x20000008        0x1 ./Drivers/STM32F3xx_HAL_Driver/Src/stm32f3xx_hal.o
                0x20000008                uwTickFreq
 *fill*         0x20000009        0x3 
 .data.USBD_CUSTOM_HID
                0x2000000c       0x38 ./Middlewares/ST/STM32_USB_Device_Library/Class/CustomHID/Src/usbd_customhid.o
                0x2000000c                USBD_CUSTOM_HID
 .data.USBD_CUSTOM_HID_CfgFSDesc
                0x20000044       0x29 ./Middlewares/ST/STM32_USB_Device_Library/Class/CustomHID/Src/usbd_customhid.o
 *fill*         0x2000006d        0x3 
 .data.USBD_CUSTOM_HID_CfgHSDesc
                0x20000070       0x29 ./Middlewares/ST/STM32_USB_Device_Library/Class/CustomHID/Src/usbd_customhid.o
 *fill*         0x20000099        0x3 
 .data.USBD_CUSTOM_HID_OtherSpeedCfgDesc
                0x2000009c       0x29 ./Middlewares/ST/STM32_USB_Device_Library/Class/CustomHID/Src/usbd_customhid.o
 *fill*         0x200000c5        0x3 
 .data.USBD_CUSTOM_HID_Desc
                0x200000c8        0x9 ./Middlewares/ST/STM32_USB_Device_Library/Class/CustomHID/Src/usbd_customhid.o
 *fill*         0x200000d1        0x3 
 .data.USBD_CUSTOM_HID_DeviceQualifierDesc
                0x200000d4        0xa ./Middlewares/ST/STM32_USB_Device_Library/Class/CustomHID/Src/usbd_customhid.o
 *fill*         0x200000de        0x2 
 .data.CUSTOM_HID_ReportDesc_FS
                0x200000e0       0x2c ./USB_DEVICE/App/usbd_custom_hid_if.o
 .data.USBD_CustomHID_fops_FS
                0x2000010c       0x10 ./USB_DEVICE/App/usbd_custom_hid_if.o
                0x2000010c                USBD_CustomHID_fops_FS
 .data.FS_Desc  0x2000011c       0x1c ./USB_DEVICE/App/usbd_desc.o
                0x2000011c                FS_Desc
 .data.USBD_FS_DeviceDesc
                0x20000138       0x12 ./USB_DEVICE/App/usbd_desc.o
                0x20000138                USBD_FS_DeviceDesc
 *fill*         0x2000014a        0x2 
 .data.USBD_LangIDDesc
                0x2000014c        0x4 ./USB_DEVICE/App/usbd_desc.o
                0x2000014c                USBD_LangIDDesc
 .data.USBD_StringSerial
                0x20000150       0x1a ./USB_DEVICE/App/usbd_desc.o
                0x20000150                USBD_StringSerial
 *(.RamFunc)
 *(.RamFunc*)
                0x2000016c                        . = ALIGN (0x4)
 *fill*         0x2000016a        0x2 
                0x2000016c                        _edata = .
                0x0800a1a0                        _siccmram = LOADADDR (.ccmram)

.igot.plt       0x2000016c        0x0 load address 0x0800a1a0
 .igot.plt      0x2000016c        0x0 /opt/st/stm32cubeide_1.16.0/plugins/com.st.stm32cube.ide.mcu.externaltools.gnu-tools-for-stm32.12.3.rel1.linux64_1.0.200.202406132123/tools/bin/../lib/gcc/arm-none-eabi/12.3.1/thumb/v7e-m+fp/hard/crtbegin.o

.ccmram         0x10000000        0x0 load address 0x0800a1a0
                0x10000000                        . = ALIGN (0x4)
                0x10000000                        _sccmram = .
 *(.ccmram)
 *(.ccmram*)
                0x10000000                        . = ALIGN (0x4)
                0x10000000                        _eccmram = .
                0x10000000                        . = ALIGN (0x4)

.bss            0x2000016c      0x9a4
                0x2000016c                        _sbss = .
                0x2000016c                        __bss_start__ = _sbss
 *(.bss)
 .bss           0x2000016c       0x1c /opt/st/stm32cubeide_1.16.0/plugins/com.st.stm32cube.ide.mcu.externaltools.gnu-tools-for-stm32.12.3.rel1.linux64_1.0.200.202406132123/tools/bin/../lib/gcc/arm-none-eabi/12.3.1/thumb/v7e-m+fp/hard/crtbegin.o
 *(.bss*)
 .bss.hadc1     0x20000188       0x50 ./Core/Src/main.o
                0x20000188                hadc1
 .bss.hadc3     0x200001d8       0x50 ./Core/Src/main.o
                0x200001d8                hadc3
 .bss.hdma_adc1
                0x20000228       0x44 ./Core/Src/main.o
                0x20000228                hdma_adc1
 .bss.hdma_adc3
                0x2000026c       0x44 ./Core/Src/main.o
                0x2000026c                hdma_adc3
 .bss.hi2c1     0x200002b0       0x54 ./Core/Src/main.o
                0x200002b0                hi2c1
 .bss.gamepad   0x20000304        0x4 ./Core/Src/main.o
                0x20000304                gamepad
 .bss.VR        0x20000308        0x8 ./Core/Src/main.o
 .bss.mouseBuffer
                0x20000310        0x4 ./Core/Src/main.o
                0x20000310                mouseBuffer
 .bss.previous_pin_state_d0
                0x20000314        0x1 ./Core/Src/main.o
                0x20000314                previous_pin_state_d0
 .bss.previous_pin_state_d1
                0x20000315        0x1 ./Core/Src/main.o
                0x20000315                previous_pin_state_d1
 .bss.previous_pin_state_d2
                0x20000316        0x1 ./Core/Src/main.o
                0x20000316                previous_pin_state_d2
 .bss.previous_pin_state_d3
                0x20000317        0x1 ./Core/Src/main.o
                0x20000317                previous_pin_state_d3
 .bss.uwTick    0x20000318        0x4 ./Drivers/STM32F3xx_HAL_Driver/Src/stm32f3xx_hal.o
                0x20000318                uwTick
 .bss.cfgidx.0  0x2000031c        0x1 ./Middlewares/ST/STM32_USB_Device_Library/Core/Src/usbd_ctlreq.o
 *fill*         0x2000031d        0x3 
 .bss.hUsbDeviceFS
                0x20000320      0x2c4 ./USB_DEVICE/App/usb_device.o
                0x20000320                hUsbDeviceFS
 .bss.USBD_StrDesc
                0x200005e4      0x200 ./USB_DEVICE/App/usbd_desc.o
                0x200005e4                USBD_StrDesc
 .bss.hpcd_USB_FS
                0x200007e4      0x2d4 ./USB_DEVICE/Target/usbd_conf.o
                0x200007e4                hpcd_USB_FS
 .bss.mem.0     0x20000ab8       0x58 ./USB_DEVICE/Target/usbd_conf.o
 *(COMMON)
                0x20000b10                        . = ALIGN (0x4)
                0x20000b10                        _ebss = .
                0x20000b10                        __bss_end__ = _ebss

._user_heap_stack
                0x20000b10      0x600
                0x20000b10                        . = ALIGN (0x8)
                [!provide]                        PROVIDE (end = .)
                0x20000b10                        PROVIDE (_end = .)
                0x20000d10                        . = (. + _Min_Heap_Size)
 *fill*         0x20000b10      0x200 
                0x20001110                        . = (. + _Min_Stack_Size)
 *fill*         0x20000d10      0x400 
                0x20001110                        . = ALIGN (0x8)

/DISCARD/
 libc.a(*)
 libm.a(*)
 libgcc.a(*)

.ARM.attributes
                0x00000000       0x30
 *(.ARM.attributes)
 .ARM.attributes
                0x00000000       0x22 /opt/st/stm32cubeide_1.16.0/plugins/com.st.stm32cube.ide.mcu.externaltools.gnu-tools-for-stm32.12.3.rel1.linux64_1.0.200.202406132123/tools/bin/../lib/gcc/arm-none-eabi/12.3.1/thumb/v7e-m+fp/hard/crti.o
 .ARM.attributes
                0x00000022       0x34 /opt/st/stm32cubeide_1.16.0/plugins/com.st.stm32cube.ide.mcu.externaltools.gnu-tools-for-stm32.12.3.rel1.linux64_1.0.200.202406132123/tools/bin/../lib/gcc/arm-none-eabi/12.3.1/thumb/v7e-m+fp/hard/crtbegin.o
 .ARM.attributes
                0x00000056       0x34 ./Core/Src/main.o
 .ARM.attributes
                0x0000008a       0x34 ./Core/Src/stm32f3xx_hal_msp.o
 .ARM.attributes
                0x000000be       0x34 ./Core/Src/stm32f3xx_it.o
 .ARM.attributes
                0x000000f2       0x34 ./Core/Src/system_stm32f3xx.o
 .ARM.attributes
                0x00000126       0x21 ./Core/Startup/startup_stm32f303vctx.o
 .ARM.attributes
                0x00000147       0x34 ./Drivers/STM32F3xx_HAL_Driver/Src/stm32f3xx_hal.o
 .ARM.attributes
                0x0000017b       0x34 ./Drivers/STM32F3xx_HAL_Driver/Src/stm32f3xx_hal_adc.o
 .ARM.attributes
                0x000001af       0x34 ./Drivers/STM32F3xx_HAL_Driver/Src/stm32f3xx_hal_adc_ex.o
 .ARM.attributes
                0x000001e3       0x34 ./Drivers/STM32F3xx_HAL_Driver/Src/stm32f3xx_hal_cortex.o
 .ARM.attributes
                0x00000217       0x34 ./Drivers/STM32F3xx_HAL_Driver/Src/stm32f3xx_hal_dma.o
 .ARM.attributes
                0x0000024b       0x34 ./Drivers/STM32F3xx_HAL_Driver/Src/stm32f3xx_hal_gpio.o
 .ARM.attributes
                0x0000027f       0x34 ./Drivers/STM32F3xx_HAL_Driver/Src/stm32f3xx_hal_i2c.o
 .ARM.attributes
                0x000002b3       0x34 ./Drivers/STM32F3xx_HAL_Driver/Src/stm32f3xx_hal_i2c_ex.o
 .ARM.attributes
                0x000002e7       0x34 ./Drivers/STM32F3xx_HAL_Driver/Src/stm32f3xx_hal_pcd.o
 .ARM.attributes
                0x0000031b       0x34 ./Drivers/STM32F3xx_HAL_Driver/Src/stm32f3xx_hal_pcd_ex.o
 .ARM.attributes
                0x0000034f       0x34 ./Drivers/STM32F3xx_HAL_Driver/Src/stm32f3xx_hal_rcc.o
 .ARM.attributes
                0x00000383       0x34 ./Drivers/STM32F3xx_HAL_Driver/Src/stm32f3xx_hal_rcc_ex.o
 .ARM.attributes
                0x000003b7       0x34 ./Drivers/STM32F3xx_HAL_Driver/Src/stm32f3xx_ll_usb.o
 .ARM.attributes
                0x000003eb       0x34 ./Middlewares/ST/STM32_USB_Device_Library/Class/CustomHID/Src/usbd_customhid.o
 .ARM.attributes
                0x0000041f       0x34 ./Middlewares/ST/STM32_USB_Device_Library/Core/Src/usbd_core.o
 .ARM.attributes
                0x00000453       0x34 ./Middlewares/ST/STM32_USB_Device_Library/Core/Src/usbd_ctlreq.o
 .ARM.attributes
                0x00000487       0x34 ./Middlewares/ST/STM32_USB_Device_Library/Core/Src/usbd_ioreq.o
 .ARM.attributes
                0x000004bb       0x34 ./USB_DEVICE/App/usb_device.o
 .ARM.attributes
                0x000004ef       0x34 ./USB_DEVICE/App/usbd_custom_hid_if.o
 .ARM.attributes
                0x00000523       0x34 ./USB_DEVICE/App/usbd_desc.o
 .ARM.attributes
                0x00000557       0x34 ./USB_DEVICE/Target/usbd_conf.o
 .ARM.attributes
                0x0000058b       0x34 /opt/st/stm32cubeide_1.16.0/plugins/com.st.stm32cube.ide.mcu.externaltools.gnu-tools-for-stm32.12.3.rel1.linux64_1.0.200.202406132123/tools/bin/../lib/gcc/arm-none-eabi/12.3.1/../../../../arm-none-eabi/lib/thumb/v7e-m+fp/hard/libc_nano.a(libc_a-memset.o)
 .ARM.attributes
                0x000005bf       0x34 /opt/st/stm32cubeide_1.16.0/plugins/com.st.stm32cube.ide.mcu.externaltools.gnu-tools-for-stm32.12.3.rel1.linux64_1.0.200.202406132123/tools/bin/../lib/gcc/arm-none-eabi/12.3.1/../../../../arm-none-eabi/lib/thumb/v7e-m+fp/hard/libc_nano.a(libc_a-init.o)
 .ARM.attributes
                0x000005f3       0x22 /opt/st/stm32cubeide_1.16.0/plugins/com.st.stm32cube.ide.mcu.externaltools.gnu-tools-for-stm32.12.3.rel1.linux64_1.0.200.202406132123/tools/bin/../lib/gcc/arm-none-eabi/12.3.1/thumb/v7e-m+fp/hard/crtn.o
OUTPUT(GamePad_Prova.elf elf32-littlearm)
LOAD linker stubs
LOAD /opt/st/stm32cubeide_1.16.0/plugins/com.st.stm32cube.ide.mcu.externaltools.gnu-tools-for-stm32.12.3.rel1.linux64_1.0.200.202406132123/tools/bin/../lib/gcc/arm-none-eabi/12.3.1/../../../../arm-none-eabi/lib/thumb/v7e-m+fp/hard/libc.a
LOAD /opt/st/stm32cubeide_1.16.0/plugins/com.st.stm32cube.ide.mcu.externaltools.gnu-tools-for-stm32.12.3.rel1.linux64_1.0.200.202406132123/tools/bin/../lib/gcc/arm-none-eabi/12.3.1/../../../../arm-none-eabi/lib/thumb/v7e-m+fp/hard/libm.a
LOAD /opt/st/stm32cubeide_1.16.0/plugins/com.st.stm32cube.ide.mcu.externaltools.gnu-tools-for-stm32.12.3.rel1.linux64_1.0.200.202406132123/tools/bin/../lib/gcc/arm-none-eabi/12.3.1/thumb/v7e-m+fp/hard/libgcc.a

.debug_info     0x00000000    0x139b1
 .debug_info    0x00000000     0x1a56 ./Core/Src/main.o
 .debug_info    0x00001a56      0xda2 ./Core/Src/stm32f3xx_hal_msp.o
 .debug_info    0x000027f8      0x905 ./Core/Src/stm32f3xx_it.o
 .debug_info    0x000030fd      0x407 ./Core/Src/system_stm32f3xx.o
 .debug_info    0x00003504       0x30 ./Core/Startup/startup_stm32f303vctx.o
 .debug_info    0x00003534      0x7d4 ./Drivers/STM32F3xx_HAL_Driver/Src/stm32f3xx_hal.o
 .debug_info    0x00003d08      0xb32 ./Drivers/STM32F3xx_HAL_Driver/Src/stm32f3xx_hal_adc.o
 .debug_info    0x0000483a     0x15b2 ./Drivers/STM32F3xx_HAL_Driver/Src/stm32f3xx_hal_adc_ex.o
 .debug_info    0x00005dec      0xce4 ./Drivers/STM32F3xx_HAL_Driver/Src/stm32f3xx_hal_cortex.o
 .debug_info    0x00006ad0      0x6e1 ./Drivers/STM32F3xx_HAL_Driver/Src/stm32f3xx_hal_dma.o
 .debug_info    0x000071b1      0x5fe ./Drivers/STM32F3xx_HAL_Driver/Src/stm32f3xx_hal_gpio.o
 .debug_info    0x000077af     0x20c3 ./Drivers/STM32F3xx_HAL_Driver/Src/stm32f3xx_hal_i2c.o
 .debug_info    0x00009872      0x818 ./Drivers/STM32F3xx_HAL_Driver/Src/stm32f3xx_hal_i2c_ex.o
 .debug_info    0x0000a08a     0x166f ./Drivers/STM32F3xx_HAL_Driver/Src/stm32f3xx_hal_pcd.o
 .debug_info    0x0000b6f9      0x6a9 ./Drivers/STM32F3xx_HAL_Driver/Src/stm32f3xx_hal_pcd_ex.o
 .debug_info    0x0000bda2     0x148a ./Drivers/STM32F3xx_HAL_Driver/Src/stm32f3xx_hal_rcc.o
 .debug_info    0x0000d22c      0x5b9 ./Drivers/STM32F3xx_HAL_Driver/Src/stm32f3xx_hal_rcc_ex.o
 .debug_info    0x0000d7e5     0x163b ./Drivers/STM32F3xx_HAL_Driver/Src/stm32f3xx_ll_usb.o
 .debug_info    0x0000ee20      0xab5 ./Middlewares/ST/STM32_USB_Device_Library/Class/CustomHID/Src/usbd_customhid.o
 .debug_info    0x0000f8d5      0xa52 ./Middlewares/ST/STM32_USB_Device_Library/Core/Src/usbd_core.o
 .debug_info    0x00010327      0x91c ./Middlewares/ST/STM32_USB_Device_Library/Core/Src/usbd_ctlreq.o
 .debug_info    0x00010c43      0x6a0 ./Middlewares/ST/STM32_USB_Device_Library/Core/Src/usbd_ioreq.o
 .debug_info    0x000112e3      0x61a ./USB_DEVICE/App/usb_device.o
 .debug_info    0x000118fd      0x1de ./USB_DEVICE/App/usbd_custom_hid_if.o
 .debug_info    0x00011adb      0x44a ./USB_DEVICE/App/usbd_desc.o
 .debug_info    0x00011f25     0x1a8c ./USB_DEVICE/Target/usbd_conf.o

.debug_abbrev   0x00000000     0x3624
 .debug_abbrev  0x00000000      0x326 ./Core/Src/main.o
 .debug_abbrev  0x00000326      0x227 ./Core/Src/stm32f3xx_hal_msp.o
 .debug_abbrev  0x0000054d      0x1fd ./Core/Src/stm32f3xx_it.o
 .debug_abbrev  0x0000074a      0x11a ./Core/Src/system_stm32f3xx.o
 .debug_abbrev  0x00000864       0x24 ./Core/Startup/startup_stm32f303vctx.o
 .debug_abbrev  0x00000888      0x215 ./Drivers/STM32F3xx_HAL_Driver/Src/stm32f3xx_hal.o
 .debug_abbrev  0x00000a9d      0x186 ./Drivers/STM32F3xx_HAL_Driver/Src/stm32f3xx_hal_adc.o
 .debug_abbrev  0x00000c23      0x28e ./Drivers/STM32F3xx_HAL_Driver/Src/stm32f3xx_hal_adc_ex.o
 .debug_abbrev  0x00000eb1      0x31e ./Drivers/STM32F3xx_HAL_Driver/Src/stm32f3xx_hal_cortex.o
 .debug_abbrev  0x000011cf      0x20d ./Drivers/STM32F3xx_HAL_Driver/Src/stm32f3xx_hal_dma.o
 .debug_abbrev  0x000013dc      0x1ca ./Drivers/STM32F3xx_HAL_Driver/Src/stm32f3xx_hal_gpio.o
 .debug_abbrev  0x000015a6      0x260 ./Drivers/STM32F3xx_HAL_Driver/Src/stm32f3xx_hal_i2c.o
 .debug_abbrev  0x00001806      0x1c2 ./Drivers/STM32F3xx_HAL_Driver/Src/stm32f3xx_hal_i2c_ex.o
 .debug_abbrev  0x000019c8      0x2d9 ./Drivers/STM32F3xx_HAL_Driver/Src/stm32f3xx_hal_pcd.o
 .debug_abbrev  0x00001ca1      0x189 ./Drivers/STM32F3xx_HAL_Driver/Src/stm32f3xx_hal_pcd_ex.o
 .debug_abbrev  0x00001e2a      0x300 ./Drivers/STM32F3xx_HAL_Driver/Src/stm32f3xx_hal_rcc.o
 .debug_abbrev  0x0000212a      0x221 ./Drivers/STM32F3xx_HAL_Driver/Src/stm32f3xx_hal_rcc_ex.o
 .debug_abbrev  0x0000234b      0x247 ./Drivers/STM32F3xx_HAL_Driver/Src/stm32f3xx_ll_usb.o
 .debug_abbrev  0x00002592      0x272 ./Middlewares/ST/STM32_USB_Device_Library/Class/CustomHID/Src/usbd_customhid.o
 .debug_abbrev  0x00002804      0x24a ./Middlewares/ST/STM32_USB_Device_Library/Core/Src/usbd_core.o
 .debug_abbrev  0x00002a4e      0x26b ./Middlewares/ST/STM32_USB_Device_Library/Core/Src/usbd_ctlreq.o
 .debug_abbrev  0x00002cb9      0x192 ./Middlewares/ST/STM32_USB_Device_Library/Core/Src/usbd_ioreq.o
 .debug_abbrev  0x00002e4b      0x18d ./USB_DEVICE/App/usb_device.o
 .debug_abbrev  0x00002fd8      0x12f ./USB_DEVICE/App/usbd_custom_hid_if.o
 .debug_abbrev  0x00003107      0x1ff ./USB_DEVICE/App/usbd_desc.o
 .debug_abbrev  0x00003306      0x31e ./USB_DEVICE/Target/usbd_conf.o

.debug_aranges  0x00000000     0x1070
 .debug_aranges
                0x00000000       0x60 ./Core/Src/main.o
 .debug_aranges
                0x00000060       0x40 ./Core/Src/stm32f3xx_hal_msp.o
 .debug_aranges
                0x000000a0       0xb0 ./Core/Src/stm32f3xx_it.o
 .debug_aranges
                0x00000150       0x28 ./Core/Src/system_stm32f3xx.o
 .debug_aranges
                0x00000178       0x28 ./Core/Startup/startup_stm32f303vctx.o
 .debug_aranges
                0x000001a0       0xe0 ./Drivers/STM32F3xx_HAL_Driver/Src/stm32f3xx_hal.o
 .debug_aranges
                0x00000280       0xc8 ./Drivers/STM32F3xx_HAL_Driver/Src/stm32f3xx_hal_adc.o
 .debug_aranges
                0x00000348      0x168 ./Drivers/STM32F3xx_HAL_Driver/Src/stm32f3xx_hal_adc_ex.o
 .debug_aranges
                0x000004b0      0x128 ./Drivers/STM32F3xx_HAL_Driver/Src/stm32f3xx_hal_cortex.o
 .debug_aranges
                0x000005d8       0x88 ./Drivers/STM32F3xx_HAL_Driver/Src/stm32f3xx_hal_dma.o
 .debug_aranges
                0x00000660       0x58 ./Drivers/STM32F3xx_HAL_Driver/Src/stm32f3xx_hal_gpio.o
 .debug_aranges
                0x000006b8      0x2a0 ./Drivers/STM32F3xx_HAL_Driver/Src/stm32f3xx_hal_i2c.o
 .debug_aranges
                0x00000958       0x48 ./Drivers/STM32F3xx_HAL_Driver/Src/stm32f3xx_hal_i2c_ex.o
 .debug_aranges
                0x000009a0      0x140 ./Drivers/STM32F3xx_HAL_Driver/Src/stm32f3xx_hal_pcd.o
 .debug_aranges
                0x00000ae0       0x38 ./Drivers/STM32F3xx_HAL_Driver/Src/stm32f3xx_hal_pcd_ex.o
 .debug_aranges
                0x00000b18       0x88 ./Drivers/STM32F3xx_HAL_Driver/Src/stm32f3xx_hal_rcc.o
 .debug_aranges
                0x00000ba0       0x38 ./Drivers/STM32F3xx_HAL_Driver/Src/stm32f3xx_hal_rcc_ex.o
 .debug_aranges
                0x00000bd8       0xc8 ./Drivers/STM32F3xx_HAL_Driver/Src/stm32f3xx_ll_usb.o
 .debug_aranges
                0x00000ca0       0x78 ./Middlewares/ST/STM32_USB_Device_Library/Class/CustomHID/Src/usbd_customhid.o
 .debug_aranges
                0x00000d18       0xb8 ./Middlewares/ST/STM32_USB_Device_Library/Core/Src/usbd_core.o
 .debug_aranges
                0x00000dd0       0x88 ./Middlewares/ST/STM32_USB_Device_Library/Core/Src/usbd_ctlreq.o
 .debug_aranges
                0x00000e58       0x50 ./Middlewares/ST/STM32_USB_Device_Library/Core/Src/usbd_ioreq.o
 .debug_aranges
                0x00000ea8       0x20 ./USB_DEVICE/App/usb_device.o
 .debug_aranges
                0x00000ec8       0x30 ./USB_DEVICE/App/usbd_custom_hid_if.o
 .debug_aranges
                0x00000ef8       0x60 ./USB_DEVICE/App/usbd_desc.o
 .debug_aranges
                0x00000f58      0x118 ./USB_DEVICE/Target/usbd_conf.o

.debug_rnglists
                0x00000000      0xc67
 .debug_rnglists
                0x00000000       0x4a ./Core/Src/main.o
 .debug_rnglists
                0x0000004a       0x2e ./Core/Src/stm32f3xx_hal_msp.o
 .debug_rnglists
                0x00000078       0x7f ./Core/Src/stm32f3xx_it.o
 .debug_rnglists
                0x000000f7       0x1a ./Core/Src/system_stm32f3xx.o
 .debug_rnglists
                0x00000111       0x19 ./Core/Startup/startup_stm32f303vctx.o
 .debug_rnglists
                0x0000012a       0xa3 ./Drivers/STM32F3xx_HAL_Driver/Src/stm32f3xx_hal.o
 .debug_rnglists
                0x000001cd       0x91 ./Drivers/STM32F3xx_HAL_Driver/Src/stm32f3xx_hal_adc.o
 .debug_rnglists
                0x0000025e      0x126 ./Drivers/STM32F3xx_HAL_Driver/Src/stm32f3xx_hal_adc_ex.o
 .debug_rnglists
                0x00000384       0xda ./Drivers/STM32F3xx_HAL_Driver/Src/stm32f3xx_hal_cortex.o
 .debug_rnglists
                0x0000045e       0x69 ./Drivers/STM32F3xx_HAL_Driver/Src/stm32f3xx_hal_dma.o
 .debug_rnglists
                0x000004c7       0x3f ./Drivers/STM32F3xx_HAL_Driver/Src/stm32f3xx_hal_gpio.o
 .debug_rnglists
                0x00000506      0x228 ./Drivers/STM32F3xx_HAL_Driver/Src/stm32f3xx_hal_i2c.o
 .debug_rnglists
                0x0000072e       0x35 ./Drivers/STM32F3xx_HAL_Driver/Src/stm32f3xx_hal_i2c_ex.o
 .debug_rnglists
                0x00000763       0xf4 ./Drivers/STM32F3xx_HAL_Driver/Src/stm32f3xx_hal_pcd.o
 .debug_rnglists
                0x00000857       0x26 ./Drivers/STM32F3xx_HAL_Driver/Src/stm32f3xx_hal_pcd_ex.o
 .debug_rnglists
                0x0000087d       0x66 ./Drivers/STM32F3xx_HAL_Driver/Src/stm32f3xx_hal_rcc.o
 .debug_rnglists
                0x000008e3       0x28 ./Drivers/STM32F3xx_HAL_Driver/Src/stm32f3xx_hal_rcc_ex.o
 .debug_rnglists
                0x0000090b       0x99 ./Drivers/STM32F3xx_HAL_Driver/Src/stm32f3xx_ll_usb.o
 .debug_rnglists
                0x000009a4       0x57 ./Middlewares/ST/STM32_USB_Device_Library/Class/CustomHID/Src/usbd_customhid.o
 .debug_rnglists
                0x000009fb       0x89 ./Middlewares/ST/STM32_USB_Device_Library/Core/Src/usbd_core.o
 .debug_rnglists
                0x00000a84       0x68 ./Middlewares/ST/STM32_USB_Device_Library/Core/Src/usbd_ctlreq.o
 .debug_rnglists
                0x00000aec       0x37 ./Middlewares/ST/STM32_USB_Device_Library/Core/Src/usbd_ioreq.o
 .debug_rnglists
                0x00000b23       0x13 ./USB_DEVICE/App/usb_device.o
 .debug_rnglists
                0x00000b36       0x1f ./USB_DEVICE/App/usbd_custom_hid_if.o
 .debug_rnglists
                0x00000b55       0x43 ./USB_DEVICE/App/usbd_desc.o
 .debug_rnglists
                0x00000b98       0xcf ./USB_DEVICE/Target/usbd_conf.o

.debug_macro    0x00000000    0x207a8
 .debug_macro   0x00000000      0x3a0 ./Core/Src/main.o
 .debug_macro   0x000003a0      0xab4 ./Core/Src/main.o
 .debug_macro   0x00000e54      0x157 ./Core/Src/main.o
 .debug_macro   0x00000fab       0x2e ./Core/Src/main.o
 .debug_macro   0x00000fd9       0x28 ./Core/Src/main.o
 .debug_macro   0x00001001       0x22 ./Core/Src/main.o
 .debug_macro   0x00001023       0x8e ./Core/Src/main.o
 .debug_macro   0x000010b1       0x51 ./Core/Src/main.o
 .debug_macro   0x00001102      0x103 ./Core/Src/main.o
 .debug_macro   0x00001205       0x6a ./Core/Src/main.o
 .debug_macro   0x0000126f      0x1df ./Core/Src/main.o
 .debug_macro   0x0000144e       0x1c ./Core/Src/main.o
 .debug_macro   0x0000146a       0x22 ./Core/Src/main.o
 .debug_macro   0x0000148c       0xd9 ./Core/Src/main.o
 .debug_macro   0x00001565     0x102d ./Core/Src/main.o
 .debug_macro   0x00002592      0x11f ./Core/Src/main.o
 .debug_macro   0x000026b1    0x12a3a ./Core/Src/main.o
 .debug_macro   0x000150eb       0x6d ./Core/Src/main.o
 .debug_macro   0x00015158     0x3574 ./Core/Src/main.o
 .debug_macro   0x000186cc      0x189 ./Core/Src/main.o
 .debug_macro   0x00018855       0x55 ./Core/Src/main.o
 .debug_macro   0x000188aa      0x961 ./Core/Src/main.o
 .debug_macro   0x0001920b      0x5fe ./Core/Src/main.o
 .debug_macro   0x00019809      0x1b5 ./Core/Src/main.o
 .debug_macro   0x000199be      0x1fb ./Core/Src/main.o
 .debug_macro   0x00019bb9      0x1dc ./Core/Src/main.o
 .debug_macro   0x00019d95      0x1bc ./Core/Src/main.o
 .debug_macro   0x00019f51       0x30 ./Core/Src/main.o
 .debug_macro   0x00019f81       0x3c ./Core/Src/main.o
 .debug_macro   0x00019fbd      0x235 ./Core/Src/main.o
 .debug_macro   0x0001a1f2      0x9b1 ./Core/Src/main.o
 .debug_macro   0x0001aba3       0x77 ./Core/Src/main.o
 .debug_macro   0x0001ac1a       0xc5 ./Core/Src/main.o
 .debug_macro   0x0001acdf      0x21d ./Core/Src/main.o
 .debug_macro   0x0001aefc      0x22c ./Core/Src/main.o
 .debug_macro   0x0001b128       0x5b ./Core/Src/main.o
 .debug_macro   0x0001b183       0xa5 ./Core/Src/main.o
 .debug_macro   0x0001b228       0x73 ./Core/Src/main.o
 .debug_macro   0x0001b29b      0x242 ./Core/Src/main.o
 .debug_macro   0x0001b4dd       0x81 ./Core/Src/main.o
 .debug_macro   0x0001b55e       0xd3 ./Core/Src/main.o
 .debug_macro   0x0001b631      0x275 ./Core/Src/main.o
 .debug_macro   0x0001b8a6       0xf4 ./Core/Src/main.o
 .debug_macro   0x0001b99a       0x61 ./Core/Src/main.o
 .debug_macro   0x0001b9fb       0x2a ./Core/Src/main.o
 .debug_macro   0x0001ba25       0x43 ./Core/Src/main.o
 .debug_macro   0x0001ba68       0x34 ./Core/Src/main.o
 .debug_macro   0x0001ba9c       0x16 ./Core/Src/main.o
 .debug_macro   0x0001bab2       0x35 ./Core/Src/main.o
 .debug_macro   0x0001bae7      0x369 ./Core/Src/main.o
 .debug_macro   0x0001be50       0x10 ./Core/Src/main.o
 .debug_macro   0x0001be60       0x16 ./Core/Src/main.o
 .debug_macro   0x0001be76       0x43 ./Core/Src/main.o
 .debug_macro   0x0001beb9       0x34 ./Core/Src/main.o
 .debug_macro   0x0001beed       0x10 ./Core/Src/main.o
 .debug_macro   0x0001befd       0x58 ./Core/Src/main.o
 .debug_macro   0x0001bf55       0x8e ./Core/Src/main.o
 .debug_macro   0x0001bfe3       0x1c ./Core/Src/main.o
 .debug_macro   0x0001bfff      0x177 ./Core/Src/main.o
 .debug_macro   0x0001c176       0x16 ./Core/Src/main.o
 .debug_macro   0x0001c18c       0x16 ./Core/Src/main.o
 .debug_macro   0x0001c1a2      0x146 ./Core/Src/main.o
 .debug_macro   0x0001c2e8       0x16 ./Core/Src/main.o
 .debug_macro   0x0001c2fe       0x16 ./Core/Src/main.o
 .debug_macro   0x0001c314       0x29 ./Core/Src/main.o
 .debug_macro   0x0001c33d       0x16 ./Core/Src/main.o
 .debug_macro   0x0001c353       0x20 ./Core/Src/main.o
 .debug_macro   0x0001c373       0x6c ./Core/Src/main.o
 .debug_macro   0x0001c3df      0x1c8 ./Core/Src/main.o
 .debug_macro   0x0001c5a7       0x65 ./Core/Src/main.o
 .debug_macro   0x0001c60c      0x1fb ./Core/Src/stm32f3xx_hal_msp.o
 .debug_macro   0x0001c807      0x205 ./Core/Src/stm32f3xx_it.o
 .debug_macro   0x0001ca0c      0x1ec ./Core/Src/system_stm32f3xx.o
 .debug_macro   0x0001cbf8      0x210 ./Drivers/STM32F3xx_HAL_Driver/Src/stm32f3xx_hal.o
 .debug_macro   0x0001ce08      0x1ed ./Drivers/STM32F3xx_HAL_Driver/Src/stm32f3xx_hal_adc.o
 .debug_macro   0x0001cff5      0x216 ./Drivers/STM32F3xx_HAL_Driver/Src/stm32f3xx_hal_adc_ex.o
 .debug_macro   0x0001d20b      0x1ec ./Drivers/STM32F3xx_HAL_Driver/Src/stm32f3xx_hal_cortex.o
 .debug_macro   0x0001d3f7      0x1ec ./Drivers/STM32F3xx_HAL_Driver/Src/stm32f3xx_hal_dma.o
 .debug_macro   0x0001d5e3      0x1f3 ./Drivers/STM32F3xx_HAL_Driver/Src/stm32f3xx_hal_gpio.o
 .debug_macro   0x0001d7d6      0x2b8 ./Drivers/STM32F3xx_HAL_Driver/Src/stm32f3xx_hal_i2c.o
 .debug_macro   0x0001da8e      0x1ec ./Drivers/STM32F3xx_HAL_Driver/Src/stm32f3xx_hal_i2c_ex.o
 .debug_macro   0x0001dc7a      0x1f8 ./Drivers/STM32F3xx_HAL_Driver/Src/stm32f3xx_hal_pcd.o
 .debug_macro   0x0001de72      0x1ec ./Drivers/STM32F3xx_HAL_Driver/Src/stm32f3xx_hal_pcd_ex.o
 .debug_macro   0x0001e05e      0x210 ./Drivers/STM32F3xx_HAL_Driver/Src/stm32f3xx_hal_rcc.o
 .debug_macro   0x0001e26e      0x1ec ./Drivers/STM32F3xx_HAL_Driver/Src/stm32f3xx_hal_rcc_ex.o
 .debug_macro   0x0001e45a      0x1ec ./Drivers/STM32F3xx_HAL_Driver/Src/stm32f3xx_ll_usb.o
 .debug_macro   0x0001e646      0x38a ./Middlewares/ST/STM32_USB_Device_Library/Class/CustomHID/Src/usbd_customhid.o
 .debug_macro   0x0001e9d0       0x9e ./Middlewares/ST/STM32_USB_Device_Library/Class/CustomHID/Src/usbd_customhid.o
 .debug_macro   0x0001ea6e      0x10b ./Middlewares/ST/STM32_USB_Device_Library/Class/CustomHID/Src/usbd_customhid.o
 .debug_macro   0x0001eb79       0x4f ./Middlewares/ST/STM32_USB_Device_Library/Class/CustomHID/Src/usbd_customhid.o
 .debug_macro   0x0001ebc8      0x371 ./Middlewares/ST/STM32_USB_Device_Library/Core/Src/usbd_core.o
 .debug_macro   0x0001ef39      0x1ce ./Middlewares/ST/STM32_USB_Device_Library/Core/Src/usbd_core.o
 .debug_macro   0x0001f107      0x37b ./Middlewares/ST/STM32_USB_Device_Library/Core/Src/usbd_ctlreq.o
 .debug_macro   0x0001f482      0x377 ./Middlewares/ST/STM32_USB_Device_Library/Core/Src/usbd_ioreq.o
 .debug_macro   0x0001f7f9      0x3ab ./USB_DEVICE/App/usb_device.o
 .debug_macro   0x0001fba4       0xfa ./USB_DEVICE/App/usb_device.o
 .debug_macro   0x0001fc9e       0x22 ./USB_DEVICE/App/usb_device.o
 .debug_macro   0x0001fcc0      0x390 ./USB_DEVICE/App/usbd_custom_hid_if.o
 .debug_macro   0x00020050      0x3ae ./USB_DEVICE/App/usbd_desc.o
 .debug_macro   0x000203fe       0x1c ./USB_DEVICE/App/usbd_desc.o
 .debug_macro   0x0002041a      0x38e ./USB_DEVICE/Target/usbd_conf.o

.debug_line     0x00000000    0x16d47
 .debug_line    0x00000000      0xcd9 ./Core/Src/main.o
 .debug_line    0x00000cd9      0x7e7 ./Core/Src/stm32f3xx_hal_msp.o
 .debug_line    0x000014c0      0x897 ./Core/Src/stm32f3xx_it.o
 .debug_line    0x00001d57      0x74c ./Core/Src/system_stm32f3xx.o
 .debug_line    0x000024a3       0x7a ./Core/Startup/startup_stm32f303vctx.o
 .debug_line    0x0000251d      0x984 ./Drivers/STM32F3xx_HAL_Driver/Src/stm32f3xx_hal.o
 .debug_line    0x00002ea1      0x8c2 ./Drivers/STM32F3xx_HAL_Driver/Src/stm32f3xx_hal_adc.o
 .debug_line    0x00003763     0x26f0 ./Drivers/STM32F3xx_HAL_Driver/Src/stm32f3xx_hal_adc_ex.o
 .debug_line    0x00005e53      0xc71 ./Drivers/STM32F3xx_HAL_Driver/Src/stm32f3xx_hal_cortex.o
 .debug_line    0x00006ac4      0xc92 ./Drivers/STM32F3xx_HAL_Driver/Src/stm32f3xx_hal_dma.o
 .debug_line    0x00007756      0xafb ./Drivers/STM32F3xx_HAL_Driver/Src/stm32f3xx_hal_gpio.o
 .debug_line    0x00008251     0x39fb ./Drivers/STM32F3xx_HAL_Driver/Src/stm32f3xx_hal_i2c.o
 .debug_line    0x0000bc4c      0x8f0 ./Drivers/STM32F3xx_HAL_Driver/Src/stm32f3xx_hal_i2c_ex.o
 .debug_line    0x0000c53c     0x130c ./Drivers/STM32F3xx_HAL_Driver/Src/stm32f3xx_hal_pcd.o
 .debug_line    0x0000d848      0x74c ./Drivers/STM32F3xx_HAL_Driver/Src/stm32f3xx_hal_pcd_ex.o
 .debug_line    0x0000df94     0x1318 ./Drivers/STM32F3xx_HAL_Driver/Src/stm32f3xx_hal_rcc.o
 .debug_line    0x0000f2ac      0xcd2 ./Drivers/STM32F3xx_HAL_Driver/Src/stm32f3xx_hal_rcc_ex.o
 .debug_line    0x0000ff7e      0xfc6 ./Drivers/STM32F3xx_HAL_Driver/Src/stm32f3xx_ll_usb.o
 .debug_line    0x00010f44      0xc1d ./Middlewares/ST/STM32_USB_Device_Library/Class/CustomHID/Src/usbd_customhid.o
 .debug_line    0x00011b61      0xd42 ./Middlewares/ST/STM32_USB_Device_Library/Core/Src/usbd_core.o
 .debug_line    0x000128a3      0xf82 ./Middlewares/ST/STM32_USB_Device_Library/Core/Src/usbd_ctlreq.o
 .debug_line    0x00013825      0x9d8 ./Middlewares/ST/STM32_USB_Device_Library/Core/Src/usbd_ioreq.o
 .debug_line    0x000141fd      0x9ab ./USB_DEVICE/App/usb_device.o
 .debug_line    0x00014ba8      0x9a3 ./USB_DEVICE/App/usbd_custom_hid_if.o
 .debug_line    0x0001554b      0xa61 ./USB_DEVICE/App/usbd_desc.o
 .debug_line    0x00015fac      0xd9b ./USB_DEVICE/Target/usbd_conf.o

.debug_str      0x00000000    0xb72b3
 .debug_str     0x00000000    0xb342d ./Core/Src/main.o
                              0xb3e2f (size before relaxing)
 .debug_str     0x000b342d       0xc3 ./Core/Src/stm32f3xx_hal_msp.o
                              0xaec4e (size before relaxing)
 .debug_str     0x000b34f0      0x41f ./Core/Src/stm32f3xx_it.o
                              0xaea57 (size before relaxing)
 .debug_str     0x000b390f       0xdf ./Core/Src/system_stm32f3xx.o
                              0xae13a (size before relaxing)
 .debug_str     0x000b39ee       0x44 ./Core/Startup/startup_stm32f303vctx.o
                                 0x88 (size before relaxing)
 .debug_str     0x000b3a32      0x37a ./Drivers/STM32F3xx_HAL_Driver/Src/stm32f3xx_hal.o
                              0xae978 (size before relaxing)
 .debug_str     0x000b3dac      0x1ef ./Drivers/STM32F3xx_HAL_Driver/Src/stm32f3xx_hal_adc.o
                              0xae727 (size before relaxing)
 .debug_str     0x000b3f9b      0x6cd ./Drivers/STM32F3xx_HAL_Driver/Src/stm32f3xx_hal_adc_ex.o
                              0xaee40 (size before relaxing)
 .debug_str     0x000b4668      0x36c ./Drivers/STM32F3xx_HAL_Driver/Src/stm32f3xx_hal_cortex.o
                              0xae9fc (size before relaxing)
 .debug_str     0x000b49d4      0x1ff ./Drivers/STM32F3xx_HAL_Driver/Src/stm32f3xx_hal_dma.o
                              0xae482 (size before relaxing)
 .debug_str     0x000b4bd3       0xd8 ./Drivers/STM32F3xx_HAL_Driver/Src/stm32f3xx_hal_gpio.o
                              0xae2a7 (size before relaxing)
 .debug_str     0x000b4cab      0xe38 ./Drivers/STM32F3xx_HAL_Driver/Src/stm32f3xx_hal_i2c.o
                              0xaf43a (size before relaxing)
 .debug_str     0x000b5ae3       0xb8 ./Drivers/STM32F3xx_HAL_Driver/Src/stm32f3xx_hal_i2c_ex.o
                              0xae631 (size before relaxing)
 .debug_str     0x000b5b9b      0x548 ./Drivers/STM32F3xx_HAL_Driver/Src/stm32f3xx_hal_pcd.o
                              0xae96f (size before relaxing)
 .debug_str     0x000b60e3      0x170 ./Drivers/STM32F3xx_HAL_Driver/Src/stm32f3xx_hal_pcd_ex.o
                              0xae529 (size before relaxing)
 .debug_str     0x000b6253      0x2c6 ./Drivers/STM32F3xx_HAL_Driver/Src/stm32f3xx_hal_rcc.o
                              0xae5da (size before relaxing)
 .debug_str     0x000b6519       0xbe ./Drivers/STM32F3xx_HAL_Driver/Src/stm32f3xx_hal_rcc_ex.o
                              0xae39e (size before relaxing)
 .debug_str     0x000b65d7       0xd8 ./Drivers/STM32F3xx_HAL_Driver/Src/stm32f3xx_ll_usb.o
                              0xae4c4 (size before relaxing)
 .debug_str     0x000b66af      0x3c4 ./Middlewares/ST/STM32_USB_Device_Library/Class/CustomHID/Src/usbd_customhid.o
                              0xb2fd8 (size before relaxing)
 .debug_str     0x000b6a73      0x288 ./Middlewares/ST/STM32_USB_Device_Library/Core/Src/usbd_core.o
                              0xb2caa (size before relaxing)
 .debug_str     0x000b6cfb      0x11b ./Middlewares/ST/STM32_USB_Device_Library/Core/Src/usbd_ctlreq.o
                              0xb2bc4 (size before relaxing)
 .debug_str     0x000b6e16       0x67 ./Middlewares/ST/STM32_USB_Device_Library/Core/Src/usbd_ioreq.o
                              0xb2af1 (size before relaxing)
 .debug_str     0x000b6e7d       0xd3 ./USB_DEVICE/App/usb_device.o
                              0xb2d99 (size before relaxing)
 .debug_str     0x000b6f50       0x89 ./USB_DEVICE/App/usbd_custom_hid_if.o
                              0xb2936 (size before relaxing)
 .debug_str     0x000b6fd9      0x26d ./USB_DEVICE/App/usbd_desc.o
                              0xb2a42 (size before relaxing)
 .debug_str     0x000b7246       0x6d ./USB_DEVICE/Target/usbd_conf.o
                              0xb3a11 (size before relaxing)

.comment        0x00000000       0x43
 .comment       0x00000000       0x43 ./Core/Src/main.o
                                 0x44 (size before relaxing)
 .comment       0x00000043       0x44 ./Core/Src/stm32f3xx_hal_msp.o
 .comment       0x00000043       0x44 ./Core/Src/stm32f3xx_it.o
 .comment       0x00000043       0x44 ./Core/Src/system_stm32f3xx.o
 .comment       0x00000043       0x44 ./Drivers/STM32F3xx_HAL_Driver/Src/stm32f3xx_hal.o
 .comment       0x00000043       0x44 ./Drivers/STM32F3xx_HAL_Driver/Src/stm32f3xx_hal_adc.o
 .comment       0x00000043       0x44 ./Drivers/STM32F3xx_HAL_Driver/Src/stm32f3xx_hal_adc_ex.o
 .comment       0x00000043       0x44 ./Drivers/STM32F3xx_HAL_Driver/Src/stm32f3xx_hal_cortex.o
 .comment       0x00000043       0x44 ./Drivers/STM32F3xx_HAL_Driver/Src/stm32f3xx_hal_dma.o
 .comment       0x00000043       0x44 ./Drivers/STM32F3xx_HAL_Driver/Src/stm32f3xx_hal_gpio.o
 .comment       0x00000043       0x44 ./Drivers/STM32F3xx_HAL_Driver/Src/stm32f3xx_hal_i2c.o
 .comment       0x00000043       0x44 ./Drivers/STM32F3xx_HAL_Driver/Src/stm32f3xx_hal_i2c_ex.o
 .comment       0x00000043       0x44 ./Drivers/STM32F3xx_HAL_Driver/Src/stm32f3xx_hal_pcd.o
 .comment       0x00000043       0x44 ./Drivers/STM32F3xx_HAL_Driver/Src/stm32f3xx_hal_pcd_ex.o
 .comment       0x00000043       0x44 ./Drivers/STM32F3xx_HAL_Driver/Src/stm32f3xx_hal_rcc.o
 .comment       0x00000043       0x44 ./Drivers/STM32F3xx_HAL_Driver/Src/stm32f3xx_hal_rcc_ex.o
 .comment       0x00000043       0x44 ./Drivers/STM32F3xx_HAL_Driver/Src/stm32f3xx_ll_usb.o
 .comment       0x00000043       0x44 ./Middlewares/ST/STM32_USB_Device_Library/Class/CustomHID/Src/usbd_customhid.o
 .comment       0x00000043       0x44 ./Middlewares/ST/STM32_USB_Device_Library/Core/Src/usbd_core.o
 .comment       0x00000043       0x44 ./Middlewares/ST/STM32_USB_Device_Library/Core/Src/usbd_ctlreq.o
 .comment       0x00000043       0x44 ./Middlewares/ST/STM32_USB_Device_Library/Core/Src/usbd_ioreq.o
 .comment       0x00000043       0x44 ./USB_DEVICE/App/usb_device.o
 .comment       0x00000043       0x44 ./USB_DEVICE/App/usbd_custom_hid_if.o
 .comment       0x00000043       0x44 ./USB_DEVICE/App/usbd_desc.o
 .comment       0x00000043       0x44 ./USB_DEVICE/Target/usbd_conf.o

.debug_frame    0x00000000     0x4294
 .debug_frame   0x00000000      0x13c ./Core/Src/main.o
 .debug_frame   0x0000013c       0xc4 ./Core/Src/stm32f3xx_hal_msp.o
 .debug_frame   0x00000200      0x240 ./Core/Src/stm32f3xx_it.o
 .debug_frame   0x00000440       0x58 ./Core/Src/system_stm32f3xx.o
 .debug_frame   0x00000498      0x334 ./Drivers/STM32F3xx_HAL_Driver/Src/stm32f3xx_hal.o
 .debug_frame   0x000007cc      0x380 ./Drivers/STM32F3xx_HAL_Driver/Src/stm32f3xx_hal_adc.o
 .debug_frame   0x00000b4c      0x644 ./Drivers/STM32F3xx_HAL_Driver/Src/stm32f3xx_hal_adc_ex.o
 .debug_frame   0x00001190      0x4e8 ./Drivers/STM32F3xx_HAL_Driver/Src/stm32f3xx_hal_cortex.o
 .debug_frame   0x00001678      0x224 ./Drivers/STM32F3xx_HAL_Driver/Src/stm32f3xx_hal_dma.o
 .debug_frame   0x0000189c      0x14c ./Drivers/STM32F3xx_HAL_Driver/Src/stm32f3xx_hal_gpio.o
 .debug_frame   0x000019e8      0xc38 ./Drivers/STM32F3xx_HAL_Driver/Src/stm32f3xx_hal_i2c.o
 .debug_frame   0x00002620      0x100 ./Drivers/STM32F3xx_HAL_Driver/Src/stm32f3xx_hal_i2c_ex.o
 .debug_frame   0x00002720      0x590 ./Drivers/STM32F3xx_HAL_Driver/Src/stm32f3xx_hal_pcd.o
 .debug_frame   0x00002cb0       0xb0 ./Drivers/STM32F3xx_HAL_Driver/Src/stm32f3xx_hal_pcd_ex.o
 .debug_frame   0x00002d60      0x214 ./Drivers/STM32F3xx_HAL_Driver/Src/stm32f3xx_hal_rcc.o
 .debug_frame   0x00002f74       0xb0 ./Drivers/STM32F3xx_HAL_Driver/Src/stm32f3xx_hal_rcc_ex.o
 .debug_frame   0x00003024      0x380 ./Drivers/STM32F3xx_HAL_Driver/Src/stm32f3xx_ll_usb.o
 .debug_frame   0x000033a4      0x1d8 ./Middlewares/ST/STM32_USB_Device_Library/Class/CustomHID/Src/usbd_customhid.o
 .debug_frame   0x0000357c      0x300 ./Middlewares/ST/STM32_USB_Device_Library/Core/Src/usbd_core.o
 .debug_frame   0x0000387c      0x218 ./Middlewares/ST/STM32_USB_Device_Library/Core/Src/usbd_ctlreq.o
 .debug_frame   0x00003a94      0x10c ./Middlewares/ST/STM32_USB_Device_Library/Core/Src/usbd_ioreq.o
 .debug_frame   0x00003ba0       0x2c ./USB_DEVICE/App/usb_device.o
 .debug_frame   0x00003bcc       0x78 ./USB_DEVICE/App/usbd_custom_hid_if.o
 .debug_frame   0x00003c44      0x160 ./USB_DEVICE/App/usbd_desc.o
 .debug_frame   0x00003da4      0x4a4 ./USB_DEVICE/Target/usbd_conf.o
 .debug_frame   0x00004248       0x20 /opt/st/stm32cubeide_1.16.0/plugins/com.st.stm32cube.ide.mcu.externaltools.gnu-tools-for-stm32.12.3.rel1.linux64_1.0.200.202406132123/tools/bin/../lib/gcc/arm-none-eabi/12.3.1/../../../../arm-none-eabi/lib/thumb/v7e-m+fp/hard/libc_nano.a(libc_a-memset.o)
 .debug_frame   0x00004268       0x2c /opt/st/stm32cubeide_1.16.0/plugins/com.st.stm32cube.ide.mcu.externaltools.gnu-tools-for-stm32.12.3.rel1.linux64_1.0.200.202406132123/tools/bin/../lib/gcc/arm-none-eabi/12.3.1/../../../../arm-none-eabi/lib/thumb/v7e-m+fp/hard/libc_nano.a(libc_a-init.o)

.debug_line_str
                0x00000000       0x6c
 .debug_line_str
                0x00000000       0x6c ./Core/Startup/startup_stm32f303vctx.o
