Archive member included to satisfy reference by file (symbol)

/opt/st/stm32cubeide_1.16.0/plugins/com.st.stm32cube.ide.mcu.externaltools.gnu-tools-for-stm32.12.3.rel1.linux64_1.0.200.202406132123/tools/bin/../lib/gcc/arm-none-eabi/12.3.1/../../../../arm-none-eabi/lib/thumb/v7e-m+fp/hard/libc_nano.a(libc_a-exit.o)
                              /opt/st/stm32cubeide_1.16.0/plugins/com.st.stm32cube.ide.mcu.externaltools.gnu-tools-for-stm32.12.3.rel1.linux64_1.0.200.202406132123/tools/bin/../lib/gcc/arm-none-eabi/12.3.1/../../../../arm-none-eabi/lib/thumb/v7e-m+fp/hard/crt0.o (exit)
/opt/st/stm32cubeide_1.16.0/plugins/com.st.stm32cube.ide.mcu.externaltools.gnu-tools-for-stm32.12.3.rel1.linux64_1.0.200.202406132123/tools/bin/../lib/gcc/arm-none-eabi/12.3.1/../../../../arm-none-eabi/lib/thumb/v7e-m+fp/hard/libc_nano.a(libc_a-findfp.o)
                              /opt/st/stm32cubeide_1.16.0/plugins/com.st.stm32cube.ide.mcu.externaltools.gnu-tools-for-stm32.12.3.rel1.linux64_1.0.200.202406132123/tools/bin/../lib/gcc/arm-none-eabi/12.3.1/../../../../arm-none-eabi/lib/thumb/v7e-m+fp/hard/libc_nano.a(libc_a-exit.o) (__stdio_exit_handler)
/opt/st/stm32cubeide_1.16.0/plugins/com.st.stm32cube.ide.mcu.externaltools.gnu-tools-for-stm32.12.3.rel1.linux64_1.0.200.202406132123/tools/bin/../lib/gcc/arm-none-eabi/12.3.1/../../../../arm-none-eabi/lib/thumb/v7e-m+fp/hard/libc_nano.a(libc_a-fwalk.o)
                              /opt/st/stm32cubeide_1.16.0/plugins/com.st.stm32cube.ide.mcu.externaltools.gnu-tools-for-stm32.12.3.rel1.linux64_1.0.200.202406132123/tools/bin/../lib/gcc/arm-none-eabi/12.3.1/../../../../arm-none-eabi/lib/thumb/v7e-m+fp/hard/libc_nano.a(libc_a-findfp.o) (_fwalk_sglue)
/opt/st/stm32cubeide_1.16.0/plugins/com.st.stm32cube.ide.mcu.externaltools.gnu-tools-for-stm32.12.3.rel1.linux64_1.0.200.202406132123/tools/bin/../lib/gcc/arm-none-eabi/12.3.1/../../../../arm-none-eabi/lib/thumb/v7e-m+fp/hard/libc_nano.a(libc_a-stdio.o)
                              /opt/st/stm32cubeide_1.16.0/plugins/com.st.stm32cube.ide.mcu.externaltools.gnu-tools-for-stm32.12.3.rel1.linux64_1.0.200.202406132123/tools/bin/../lib/gcc/arm-none-eabi/12.3.1/../../../../arm-none-eabi/lib/thumb/v7e-m+fp/hard/libc_nano.a(libc_a-findfp.o) (__sread)
/opt/st/stm32cubeide_1.16.0/plugins/com.st.stm32cube.ide.mcu.externaltools.gnu-tools-for-stm32.12.3.rel1.linux64_1.0.200.202406132123/tools/bin/../lib/gcc/arm-none-eabi/12.3.1/../../../../arm-none-eabi/lib/thumb/v7e-m+fp/hard/libc_nano.a(libc_a-memset.o)
                              /opt/st/stm32cubeide_1.16.0/plugins/com.st.stm32cube.ide.mcu.externaltools.gnu-tools-for-stm32.12.3.rel1.linux64_1.0.200.202406132123/tools/bin/../lib/gcc/arm-none-eabi/12.3.1/../../../../arm-none-eabi/lib/thumb/v7e-m+fp/hard/crt0.o (memset)
/opt/st/stm32cubeide_1.16.0/plugins/com.st.stm32cube.ide.mcu.externaltools.gnu-tools-for-stm32.12.3.rel1.linux64_1.0.200.202406132123/tools/bin/../lib/gcc/arm-none-eabi/12.3.1/../../../../arm-none-eabi/lib/thumb/v7e-m+fp/hard/libc_nano.a(libc_a-closer.o)
                              /opt/st/stm32cubeide_1.16.0/plugins/com.st.stm32cube.ide.mcu.externaltools.gnu-tools-for-stm32.12.3.rel1.linux64_1.0.200.202406132123/tools/bin/../lib/gcc/arm-none-eabi/12.3.1/../../../../arm-none-eabi/lib/thumb/v7e-m+fp/hard/libc_nano.a(libc_a-stdio.o) (_close_r)
/opt/st/stm32cubeide_1.16.0/plugins/com.st.stm32cube.ide.mcu.externaltools.gnu-tools-for-stm32.12.3.rel1.linux64_1.0.200.202406132123/tools/bin/../lib/gcc/arm-none-eabi/12.3.1/../../../../arm-none-eabi/lib/thumb/v7e-m+fp/hard/libc_nano.a(libc_a-reent.o)
                              /opt/st/stm32cubeide_1.16.0/plugins/com.st.stm32cube.ide.mcu.externaltools.gnu-tools-for-stm32.12.3.rel1.linux64_1.0.200.202406132123/tools/bin/../lib/gcc/arm-none-eabi/12.3.1/../../../../arm-none-eabi/lib/thumb/v7e-m+fp/hard/libc_nano.a(libc_a-closer.o) (errno)
/opt/st/stm32cubeide_1.16.0/plugins/com.st.stm32cube.ide.mcu.externaltools.gnu-tools-for-stm32.12.3.rel1.linux64_1.0.200.202406132123/tools/bin/../lib/gcc/arm-none-eabi/12.3.1/../../../../arm-none-eabi/lib/thumb/v7e-m+fp/hard/libc_nano.a(libc_a-impure.o)
                              /opt/st/stm32cubeide_1.16.0/plugins/com.st.stm32cube.ide.mcu.externaltools.gnu-tools-for-stm32.12.3.rel1.linux64_1.0.200.202406132123/tools/bin/../lib/gcc/arm-none-eabi/12.3.1/../../../../arm-none-eabi/lib/thumb/v7e-m+fp/hard/libc_nano.a(libc_a-reent.o) (_impure_ptr)
/opt/st/stm32cubeide_1.16.0/plugins/com.st.stm32cube.ide.mcu.externaltools.gnu-tools-for-stm32.12.3.rel1.linux64_1.0.200.202406132123/tools/bin/../lib/gcc/arm-none-eabi/12.3.1/../../../../arm-none-eabi/lib/thumb/v7e-m+fp/hard/libc_nano.a(libc_a-lseekr.o)
                              /opt/st/stm32cubeide_1.16.0/plugins/com.st.stm32cube.ide.mcu.externaltools.gnu-tools-for-stm32.12.3.rel1.linux64_1.0.200.202406132123/tools/bin/../lib/gcc/arm-none-eabi/12.3.1/../../../../arm-none-eabi/lib/thumb/v7e-m+fp/hard/libc_nano.a(libc_a-stdio.o) (_lseek_r)
[...]
Memory Configuration

Name             Origin             Length             Attributes
CCMRAM           0x10000000         0x00002000         xrw
RAM              0x20000000         0x0000a000         xrw
FLASH            0x08000000         0x00040000         xr
*default*        0x00000000         0xffffffff

Linker script and memory map

LOAD /opt/st/stm32cubeide_1.16.0/plugins/com.st.stm32cube.ide.mcu.externaltools.gnu-tools-for-stm32.12.3.rel1.linux64_1.0.200.202406132123/tools/bin/../lib/gcc/arm-none-eabi/12.3.1/thumb/v7e-m+fp/hard/crti.o
LOAD /opt/st/stm32cubeide_1.16.0/plugins/com.st.stm32cube.ide.mcu.externaltools.gnu-tools-for-stm32.12.3.rel1.linux64_1.0.200.202406132123/tools/bin/../lib/gcc/arm-none-eabi/12.3.1/thumb/v7e-m+fp/hard/crtbegin.o
LOAD /opt/st/stm32cubeide_1.16.0/plugins/com.st.stm32cube.ide.mcu.externaltools.gnu-tools-for-stm32.12.3.rel1.linux64_1.0.200.202406132123/tools/bin/../lib/gcc/arm-none-eabi/12.3.1/../../../../arm-none-eabi/lib/thumb/v7e-m+fp/hard/crt0.o
LOAD ./Core/Src/main.o
LOAD ./Core/Src/stm32f3xx_hal_msp.o
LOAD ./Core/Src/stm32f3xx_it.o
LOAD ./Core/Src/syscalls.o
LOAD ./Core/Src/sysmem.o
LOAD ./Core/Src/system_stm32f3xx.o
LOAD ./Core/Startup/startup_stm32f303vctx.o
LOAD ./Drivers/STM32F3xx_HAL_Driver/Src/stm32f3xx_hal.o
LOAD ./Drivers/STM32F3xx_HAL_Driver/Src/stm32f3xx_hal_adc.o
LOAD ./Drivers/STM32F3xx_HAL_Driver/Src/stm32f3xx_hal_adc_ex.o
LOAD ./Drivers/STM32F3xx_HAL_Driver/Src/stm32f3xx_hal_cortex.o
LOAD ./Drivers/STM32F3xx_HAL_Driver/Src/stm32f3xx_hal_dma.o
LOAD ./Drivers/STM32F3xx_HAL_Driver/Src/stm32f3xx_hal_exti.o
LOAD ./Drivers/STM32F3xx_HAL_Driver/Src/stm32f3xx_hal_flash.o
LOAD ./Drivers/STM32F3xx_HAL_Driver/Src/stm32f3xx_hal_flash_ex.o
LOAD ./Drivers/STM32F3xx_HAL_Driver/Src/stm32f3xx_hal_gpio.o
LOAD ./Drivers/STM32F3xx_HAL_Driver/Src/stm32f3xx_hal_i2c.o
LOAD ./Drivers/STM32F3xx_HAL_Driver/Src/stm32f3xx_hal_i2c_ex.o
LOAD ./Drivers/STM32F3xx_HAL_Driver/Src/stm32f3xx_hal_pcd.o
LOAD ./Drivers/STM32F3xx_HAL_Driver/Src/stm32f3xx_hal_pcd_ex.o
LOAD ./Drivers/STM32F3xx_HAL_Driver/Src/stm32f3xx_hal_pwr.o
LOAD ./Drivers/STM32F3xx_HAL_Driver/Src/stm32f3xx_hal_pwr_ex.o
LOAD ./Drivers/STM32F3xx_HAL_Driver/Src/stm32f3xx_hal_rcc.o
LOAD ./Drivers/STM32F3xx_HAL_Driver/Src/stm32f3xx_hal_rcc_ex.o
LOAD ./Drivers/STM32F3xx_HAL_Driver/Src/stm32f3xx_hal_tim.o
LOAD ./Drivers/STM32F3xx_HAL_Driver/Src/stm32f3xx_hal_tim_ex.o
LOAD ./Drivers/STM32F3xx_HAL_Driver/Src/stm32f3xx_ll_usb.o
LOAD ./Middlewares/ST/STM32_USB_Device_Library/Class/CustomHID/Src/usbd_customhid.o
LOAD ./Middlewares/ST/STM32_USB_Device_Library/Core/Src/usbd_core.o
LOAD ./Middlewares/ST/STM32_USB_Device_Library/Core/Src/usbd_ctlreq.o
LOAD ./Middlewares/ST/STM32_USB_Device_Library/Core/Src/usbd_ioreq.o
LOAD ./USB_DEVICE/App/usb_device.o
LOAD ./USB_DEVICE/App/usbd_custom_hid_if.o
LOAD ./USB_DEVICE/App/usbd_desc.o
LOAD ./USB_DEVICE/Target/usbd_conf.o
START GROUP
LOAD /opt/st/stm32cubeide_1.16.0/plugins/com.st.stm32cube.ide.mcu.externaltools.gnu-tools-for-stm32.12.3.rel1.linux64_1.0.200.202406132123/tools/bin/../lib/gcc/arm-none-eabi/12.3.1/../../../../arm-none-eabi/lib/thumb/v7e-m+fp/hard/libc_nano.a
LOAD /opt/st/stm32cubeide_1.16.0/plugins/com.st.stm32cube.ide.mcu.externaltools.gnu-tools-for-stm32.12.3.rel1.linux64_1.0.200.202406132123/tools/bin/../lib/gcc/arm-none-eabi/12.3.1/../../../../arm-none-eabi/lib/thumb/v7e-m+fp/hard/libm.a
END GROUP
START GROUP
LOAD /opt/st/stm32cubeide_1.16.0/plugins/com.st.stm32cube.ide.mcu.externaltools.gnu-tools-for-stm32.12.3.rel1.linux64_1.0.200.202406132123/tools/bin/../lib/gcc/arm-none-eabi/12.3.1/thumb/v7e-m+fp/hard/libgcc.a
LOAD /opt/st/stm32cubeide_1.16.0/plugins/com.st.stm32cube.ide.mcu.externaltools.gnu-tools-for-stm32.12.3.rel1.linux64_1.0.200.202406132123/tools/bin/../lib/gcc/arm-none-eabi/12.3.1/../../../../arm-none-eabi/lib/thumb/v7e-m+fp/hard/libc_nano.a
END GROUP
START GROUP
LOAD /opt/st/stm32cubeide_1.16.0/plugins/com.st.stm32cube.ide.mcu.externaltools.gnu-tools-for-stm32.12.3.rel1.linux64_1.0.200.202406132123/tools/bin/../lib/gcc/arm-none-eabi/12.3.1/thumb/v7e-m+fp/hard/libgcc.a
LOAD /opt/st/stm32cubeide_1.16.0/plugins/com.st.stm32cube.ide.mcu.externaltools.gnu-tools-for-stm32.12.3.rel1.linux64_1.0.200.202406132123/tools/bin/../lib/gcc/arm-none-eabi/12.3.1/../../../../arm-none-eabi/lib/thumb/v7e-m+fp/hard/libc_nano.a
LOAD /opt/st/stm32cubeide_1.16.0/plugins/com.st.stm32cube.ide.mcu.externaltools.gnu-tools-for-stm32.12.3.rel1.linux64_1.0.200.202406132123/tools/bin/../lib/gcc/arm-none-eabi/12.3.1/../../../../arm-none-eabi/lib/thumb/v7e-m+fp/hard/libnosys.a
END GROUP
START GROUP
LOAD /opt/st/stm32cubeide_1.16.0/plugins/com.st.stm32cube.ide.mcu.externaltools.gnu-tools-for-stm32.12.3.rel1.linux64_1.0.200.202406132123/tools/bin/../lib/gcc/arm-none-eabi/12.3.1/thumb/v7e-m+fp/hard/libgcc.a
LOAD /opt/st/stm32cubeide_1.16.0/plugins/com.st.stm32cube.ide.mcu.externaltools.gnu-tools-for-stm32.12.3.rel1.linux64_1.0.200.202406132123/tools/bin/../lib/gcc/arm-none-eabi/12.3.1/../../../../arm-none-eabi/lib/thumb/v7e-m+fp/hard/libc_nano.a
LOAD /opt/st/stm32cubeide_1.16.0/plugins/com.st.stm32cube.ide.mcu.externaltools.gnu-tools-for-stm32.12.3.rel1.linux64_1.0.200.202406132123/tools/bin/../lib/gcc/arm-none-eabi/12.3.1/../../../../arm-none-eabi/lib/thumb/v7e-m+fp/hard/libnosys.a
END GROUP
LOAD /opt/st/stm32cubeide_1.16.0/plugins/com.st.stm32cube.ide.mcu.externaltools.gnu-tools-for-stm32.12.3.rel1.linux64_1.0.200.202406132123/tools/bin/../lib/gcc/arm-none-eabi/12.3.1/thumb/v7e-m+fp/hard/crtend.o
LOAD /opt/st/stm32cubeide_1.16.0/plugins/com.st.stm32cube.ide.mcu.externaltools.gnu-tools-for-stm32.12.3.rel1.linux64_1.0.200.202406132123/tools/bin/../lib/gcc/arm-none-eabi/12.3.1/thumb/v7e-m+fp/hard/crtn.o
                0x2000a000                        _estack = (ORIGIN (RAM) + LENGTH (RAM))
                0x00000200                        _Min_Heap_Size = 0x200
                0x00000400                        _Min_Stack_Size = 0x400

.isr_vector     0x08000000      0x188
                0x08000000                        . = ALIGN (0x4)
 *(.isr_vector)
 .isr_vector    0x08000000      0x188 ./Core/Startup/startup_stm32f303vctx.o
                0x08000000                g_pfnVectors
                0x08000188                        . = ALIGN (0x4)

.text           0x08000188     0x9e38
                0x08000188                        . = ALIGN (0x4)
 *(.text)
 .text          0x08000188       0x40 /opt/st/stm32cubeide_1.16.0/plugins/com.st.stm32cube.ide.mcu.externaltools.gnu-tools-for-stm32.12.3.rel1.linux64_1.0.200.202406132123/tools/bin/../lib/gcc/arm-none-eabi/12.3.1/thumb/v7e-m+fp/hard/crtbegin.o
 *(.text*)
 .text.HAL_GPIO_EXTI_Callback
                0x080001c8       0x58 ./Core/Src/main.o
                0x080001c8                HAL_GPIO_EXTI_Callback
 .text.main     0x08000220      0x11c ./Core/Src/main.o
                0x08000220                main
 .text.SystemClock_Config
                0x0800033c       0xc8 ./Core/Src/main.o
                0x0800033c                SystemClock_Config
 .text.MX_ADC1_Init
                0x08000404       0xfc ./Core/Src/main.o
 .text.MX_ADC2_Init
                0x08000500       0xd8 ./Core/Src/main.o
 .text.MX_I2C1_Init
                0x080005d8       0x80 ./Core/Src/main.o
 .text.MX_DMA_Init
                0x08000658       0x64 ./Core/Src/main.o
 .text.MX_GPIO_Init
                0x080006bc      0x194 ./Core/Src/main.o
 .text.Error_Handler
                0x08000850        0xc ./Core/Src/main.o
                0x08000850                Error_Handler
 .text.HAL_MspInit
                0x0800085c       0x48 ./Core/Src/stm32f3xx_hal_msp.o
                0x0800085c                HAL_MspInit
 .text.HAL_ADC_MspInit
                0x080008a4      0x1e0 ./Core/Src/stm32f3xx_hal_msp.o
                0x080008a4                HAL_ADC_MspInit
 .text.HAL_I2C_MspInit
                0x08000a84       0x88 ./Core/Src/stm32f3xx_hal_msp.o
                0x08000a84                HAL_I2C_MspInit
 .text.NMI_Handler
                0x08000b0c        0x8 ./Core/Src/stm32f3xx_it.o
                0x08000b0c                NMI_Handler
 .text.HardFault_Handler
                0x08000b14        0x8 ./Core/Src/stm32f3xx_it.o
                0x08000b14                HardFault_Handler
 .text.MemManage_Handler
                0x08000b1c        0x8 ./Core/Src/stm32f3xx_it.o
                0x08000b1c                MemManage_Handler
 .text.BusFault_Handler
                0x08000b24        0x8 ./Core/Src/stm32f3xx_it.o
                0x08000b24                BusFault_Handler
 .text.UsageFault_Handler
                0x08000b2c        0x8 ./Core/Src/stm32f3xx_it.o
                0x08000b2c                UsageFault_Handler
 .text.SVC_Handler
                0x08000b34        0xe ./Core/Src/stm32f3xx_it.o
                0x08000b34                SVC_Handler
 .text.DebugMon_Handler
                0x08000b42        0xe ./Core/Src/stm32f3xx_it.o
                0x08000b42                DebugMon_Handler
 .text.PendSV_Handler
                0x08000b50        0xe ./Core/Src/stm32f3xx_it.o
                0x08000b50                PendSV_Handler
 .text.SysTick_Handler
                0x08000b5e        0xc ./Core/Src/stm32f3xx_it.o
                0x08000b5e                SysTick_Handler
 .text.EXTI0_IRQHandler
                0x08000b6a        0xe ./Core/Src/stm32f3xx_it.o
                0x08000b6a                EXTI0_IRQHandler
 .text.EXTI1_IRQHandler
                0x08000b78        0xe ./Core/Src/stm32f3xx_it.o
                0x08000b78                EXTI1_IRQHandler
 .text.EXTI2_TSC_IRQHandler
                0x08000b86        0xe ./Core/Src/stm32f3xx_it.o
                0x08000b86                EXTI2_TSC_IRQHandler
 .text.EXTI3_IRQHandler
                0x08000b94        0xe ./Core/Src/stm32f3xx_it.o
                0x08000b94                EXTI3_IRQHandler
 .text.EXTI4_IRQHandler
                0x08000ba2        0xe ./Core/Src/stm32f3xx_it.o
                0x08000ba2                EXTI4_IRQHandler
 .text.DMA1_Channel1_IRQHandler
                0x08000bb0       0x14 ./Core/Src/stm32f3xx_it.o
                0x08000bb0                DMA1_Channel1_IRQHandler
 .text.USB_LP_CAN_RX0_IRQHandler
                0x08000bc4       0x14 ./Core/Src/stm32f3xx_it.o
                0x08000bc4                USB_LP_CAN_RX0_IRQHandler
 .text.EXTI9_5_IRQHandler
                0x08000bd8       0x2a ./Core/Src/stm32f3xx_it.o
                0x08000bd8                EXTI9_5_IRQHandler
 .text.EXTI15_10_IRQHandler
                0x08000c02       0x38 ./Core/Src/stm32f3xx_it.o
                0x08000c02                EXTI15_10_IRQHandler
 *fill*         0x08000c3a        0x2 
 .text.DMA2_Channel1_IRQHandler
                0x08000c3c       0x14 ./Core/Src/stm32f3xx_it.o
                0x08000c3c                DMA2_Channel1_IRQHandler
 .text.SystemInit
                0x08000c50       0x24 ./Core/Src/system_stm32f3xx.o
                0x08000c50                SystemInit
 .text.Reset_Handler
                0x08000c74       0x50 ./Core/Startup/startup_stm32f303vctx.o
                0x08000c74                Reset_Handler
 .text.Default_Handler
                0x08000cc4        0x2 ./Core/Startup/startup_stm32f303vctx.o
                0x08000cc4                RTC_Alarm_IRQHandler
                0x08000cc4                TIM8_TRG_COM_IRQHandler
                0x08000cc4                TIM8_CC_IRQHandler
                0x08000cc4                TIM1_CC_IRQHandler
                0x08000cc4                USB_HP_IRQHandler
                0x08000cc4                PVD_IRQHandler
                0x08000cc4                TAMP_STAMP_IRQHandler
                0x08000cc4                USB_HP_CAN_TX_IRQHandler
                0x08000cc4                I2C2_EV_IRQHandler
                0x08000cc4                FPU_IRQHandler
                0x08000cc4                TIM1_UP_TIM16_IRQHandler
                0x08000cc4                ADC1_2_IRQHandler
                0x08000cc4                SPI1_IRQHandler
                0x08000cc4                CAN_SCE_IRQHandler
                0x08000cc4                TIM6_DAC_IRQHandler
                0x08000cc4                TIM8_UP_IRQHandler
                0x08000cc4                DMA2_Channel2_IRQHandler
                0x08000cc4                DMA1_Channel4_IRQHandler
                0x08000cc4                USART3_IRQHandler
                0x08000cc4                DMA1_Channel7_IRQHandler
                0x08000cc4                UART5_IRQHandler
                0x08000cc4                ADC3_IRQHandler
                0x08000cc4                TIM4_IRQHandler
                0x08000cc4                CAN_RX1_IRQHandler
                0x08000cc4                I2C1_EV_IRQHandler
                0x08000cc4                DMA1_Channel6_IRQHandler
                0x08000cc4                UART4_IRQHandler
                0x08000cc4                DMA2_Channel4_IRQHandler
                0x08000cc4                TIM3_IRQHandler
                0x08000cc4                RCC_IRQHandler
                0x08000cc4                Default_Handler
                0x08000cc4                USBWakeUp_RMP_IRQHandler
                0x08000cc4                TIM7_IRQHandler
                0x08000cc4                RTC_WKUP_IRQHandler
                0x08000cc4                SPI2_IRQHandler
                0x08000cc4                DMA2_Channel5_IRQHandler
                0x08000cc4                DMA1_Channel5_IRQHandler
                0x08000cc4                USB_LP_IRQHandler
                0x08000cc4                TIM1_TRG_COM_TIM17_IRQHandler
                0x08000cc4                DMA1_Channel3_IRQHandler
                0x08000cc4                ADC4_IRQHandler
                0x08000cc4                WWDG_IRQHandler
                0x08000cc4                TIM2_IRQHandler
                0x08000cc4                COMP7_IRQHandler
                0x08000cc4                COMP1_2_3_IRQHandler
                0x08000cc4                USART2_IRQHandler
                0x08000cc4                COMP4_5_6_IRQHandler
                0x08000cc4                I2C2_ER_IRQHandler
                0x08000cc4                DMA1_Channel2_IRQHandler
                0x08000cc4                TIM8_BRK_IRQHandler
                0x08000cc4                FLASH_IRQHandler
                0x08000cc4                USART1_IRQHandler
                0x08000cc4                SPI3_IRQHandler
                0x08000cc4                I2C1_ER_IRQHandler
                0x08000cc4                USBWakeUp_IRQHandler
                0x08000cc4                DMA2_Channel3_IRQHandler
                0x08000cc4                TIM1_BRK_TIM15_IRQHandler
 *fill*         0x08000cc6        0x2 
 .text.HAL_Init
                0x08000cc8       0x2c ./Drivers/STM32F3xx_HAL_Driver/Src/stm32f3xx_hal.o
                0x08000cc8                HAL_Init
 .text.HAL_InitTick
                0x08000cf4       0x60 ./Drivers/STM32F3xx_HAL_Driver/Src/stm32f3xx_hal.o
                0x08000cf4                HAL_InitTick
 .text.HAL_IncTick
                0x08000d54       0x28 ./Drivers/STM32F3xx_HAL_Driver/Src/stm32f3xx_hal.o
                0x08000d54                HAL_IncTick
 .text.HAL_GetTick
                0x08000d7c       0x18 ./Drivers/STM32F3xx_HAL_Driver/Src/stm32f3xx_hal.o
                0x08000d7c                HAL_GetTick
 .text.HAL_Delay
                0x08000d94       0x48 ./Drivers/STM32F3xx_HAL_Driver/Src/stm32f3xx_hal.o
                0x08000d94                HAL_Delay
 .text.HAL_ADC_ConvCpltCallback
                0x08000ddc       0x14 ./Drivers/STM32F3xx_HAL_Driver/Src/stm32f3xx_hal_adc.o
                0x08000ddc                HAL_ADC_ConvCpltCallback
 .text.HAL_ADC_ConvHalfCpltCallback
                0x08000df0       0x14 ./Drivers/STM32F3xx_HAL_Driver/Src/stm32f3xx_hal_adc.o
                0x08000df0                HAL_ADC_ConvHalfCpltCallback
 .text.HAL_ADC_ErrorCallback
                0x08000e04       0x14 ./Drivers/STM32F3xx_HAL_Driver/Src/stm32f3xx_hal_adc.o
                0x08000e04                HAL_ADC_ErrorCallback
 .text.HAL_ADC_Init
                0x08000e18      0x3c0 ./Drivers/STM32F3xx_HAL_Driver/Src/stm32f3xx_hal_adc_ex.o
                0x08000e18                HAL_ADC_Init
 .text.HAL_ADC_Start_DMA
                0x080011d8      0x238 ./Drivers/STM32F3xx_HAL_Driver/Src/stm32f3xx_hal_adc_ex.o
                0x080011d8                HAL_ADC_Start_DMA
 .text.HAL_ADC_ConfigChannel
                0x08001410      0x5d4 ./Drivers/STM32F3xx_HAL_Driver/Src/stm32f3xx_hal_adc_ex.o
                0x08001410                HAL_ADC_ConfigChannel
 .text.HAL_ADCEx_MultiModeConfigChannel
                0x080019e4      0x1e4 ./Drivers/STM32F3xx_HAL_Driver/Src/stm32f3xx_hal_adc_ex.o
                0x080019e4                HAL_ADCEx_MultiModeConfigChannel
 .text.ADC_DMAConvCplt
                0x08001bc8       0x7a ./Drivers/STM32F3xx_HAL_Driver/Src/stm32f3xx_hal_adc_ex.o
 .text.ADC_DMAHalfConvCplt
                0x08001c42       0x1c ./Drivers/STM32F3xx_HAL_Driver/Src/stm32f3xx_hal_adc_ex.o
 .text.ADC_DMAError
                0x08001c5e       0x34 ./Drivers/STM32F3xx_HAL_Driver/Src/stm32f3xx_hal_adc_ex.o
 *fill*         0x08001c92        0x2 
 .text.ADC_Enable
                0x08001c94       0xc8 ./Drivers/STM32F3xx_HAL_Driver/Src/stm32f3xx_hal_adc_ex.o
 .text.ADC_Disable
                0x08001d5c       0xcc ./Drivers/STM32F3xx_HAL_Driver/Src/stm32f3xx_hal_adc_ex.o
 .text.__NVIC_SetPriorityGrouping
                0x08001e28       0x48 ./Drivers/STM32F3xx_HAL_Driver/Src/stm32f3xx_hal_cortex.o
 .text.__NVIC_GetPriorityGrouping
                0x08001e70       0x1c ./Drivers/STM32F3xx_HAL_Driver/Src/stm32f3xx_hal_cortex.o
 .text.__NVIC_EnableIRQ
                0x08001e8c       0x3c ./Drivers/STM32F3xx_HAL_Driver/Src/stm32f3xx_hal_cortex.o
 .text.__NVIC_SetPriority
                0x08001ec8       0x54 ./Drivers/STM32F3xx_HAL_Driver/Src/stm32f3xx_hal_cortex.o
 .text.NVIC_EncodePriority
                0x08001f1c       0x66 ./Drivers/STM32F3xx_HAL_Driver/Src/stm32f3xx_hal_cortex.o
 *fill*         0x08001f82        0x2 
 .text.SysTick_Config
                0x08001f84       0x44 ./Drivers/STM32F3xx_HAL_Driver/Src/stm32f3xx_hal_cortex.o
 .text.HAL_NVIC_SetPriorityGrouping
                0x08001fc8       0x16 ./Drivers/STM32F3xx_HAL_Driver/Src/stm32f3xx_hal_cortex.o
                0x08001fc8                HAL_NVIC_SetPriorityGrouping
 .text.HAL_NVIC_SetPriority
                0x08001fde       0x38 ./Drivers/STM32F3xx_HAL_Driver/Src/stm32f3xx_hal_cortex.o
                0x08001fde                HAL_NVIC_SetPriority
 .text.HAL_NVIC_EnableIRQ
                0x08002016       0x1c ./Drivers/STM32F3xx_HAL_Driver/Src/stm32f3xx_hal_cortex.o
                0x08002016                HAL_NVIC_EnableIRQ
 .text.HAL_SYSTICK_Config
                0x08002032       0x18 ./Drivers/STM32F3xx_HAL_Driver/Src/stm32f3xx_hal_cortex.o
                0x08002032                HAL_SYSTICK_Config
 .text.HAL_DMA_Init
                0x0800204a       0x8e ./Drivers/STM32F3xx_HAL_Driver/Src/stm32f3xx_hal_dma.o
                0x0800204a                HAL_DMA_Init
 .text.HAL_DMA_Start_IT
                0x080020d8       0xbe ./Drivers/STM32F3xx_HAL_Driver/Src/stm32f3xx_hal_dma.o
                0x080020d8                HAL_DMA_Start_IT
 .text.HAL_DMA_IRQHandler
                0x08002196      0x146 ./Drivers/STM32F3xx_HAL_Driver/Src/stm32f3xx_hal_dma.o
                0x08002196                HAL_DMA_IRQHandler
 .text.DMA_SetConfig
                0x080022dc       0x5c ./Drivers/STM32F3xx_HAL_Driver/Src/stm32f3xx_hal_dma.o
 .text.DMA_CalcBaseAndBitshift
                0x08002338       0x78 ./Drivers/STM32F3xx_HAL_Driver/Src/stm32f3xx_hal_dma.o
 .text.HAL_GPIO_Init
                0x080023b0      0x2f4 ./Drivers/STM32F3xx_HAL_Driver/Src/stm32f3xx_hal_gpio.o
                0x080023b0                HAL_GPIO_Init
 .text.HAL_GPIO_ReadPin
                0x080026a4       0x30 ./Drivers/STM32F3xx_HAL_Driver/Src/stm32f3xx_hal_gpio.o
                0x080026a4                HAL_GPIO_ReadPin
 .text.HAL_GPIO_WritePin
                0x080026d4       0x30 ./Drivers/STM32F3xx_HAL_Driver/Src/stm32f3xx_hal_gpio.o
                0x080026d4                HAL_GPIO_WritePin
 .text.HAL_GPIO_EXTI_IRQHandler
                0x08002704       0x30 ./Drivers/STM32F3xx_HAL_Driver/Src/stm32f3xx_hal_gpio.o
                0x08002704                HAL_GPIO_EXTI_IRQHandler
 .text.HAL_I2C_Init
                0x08002734      0x136 ./Drivers/STM32F3xx_HAL_Driver/Src/stm32f3xx_hal_i2c.o
                0x08002734                HAL_I2C_Init
 .text.HAL_I2CEx_ConfigAnalogFilter
                0x0800286a       0x96 ./Drivers/STM32F3xx_HAL_Driver/Src/stm32f3xx_hal_i2c_ex.o
                0x0800286a                HAL_I2CEx_ConfigAnalogFilter
 .text.HAL_I2CEx_ConfigDigitalFilter
                0x08002900       0x98 ./Drivers/STM32F3xx_HAL_Driver/Src/stm32f3xx_hal_i2c_ex.o
                0x08002900                HAL_I2CEx_ConfigDigitalFilter
 .text.HAL_PCD_Init
                0x08002998      0x18e ./Drivers/STM32F3xx_HAL_Driver/Src/stm32f3xx_hal_pcd.o
                0x08002998                HAL_PCD_Init
 .text.HAL_PCD_Start
                0x08002b26       0x4c ./Drivers/STM32F3xx_HAL_Driver/Src/stm32f3xx_hal_pcd.o
                0x08002b26                HAL_PCD_Start
 .text.HAL_PCD_IRQHandler
                0x08002b72      0x1a8 ./Drivers/STM32F3xx_HAL_Driver/Src/stm32f3xx_hal_pcd.o
                0x08002b72                HAL_PCD_IRQHandler
 .text.HAL_PCD_SetAddress
                0x08002d1a       0x48 ./Drivers/STM32F3xx_HAL_Driver/Src/stm32f3xx_hal_pcd.o
                0x08002d1a                HAL_PCD_SetAddress
 .text.HAL_PCD_EP_Open
                0x08002d62       0xba ./Drivers/STM32F3xx_HAL_Driver/Src/stm32f3xx_hal_pcd.o
                0x08002d62                HAL_PCD_EP_Open
 .text.HAL_PCD_EP_Close
                0x08002e1c       0x90 ./Drivers/STM32F3xx_HAL_Driver/Src/stm32f3xx_hal_pcd.o
                0x08002e1c                HAL_PCD_EP_Close
 .text.HAL_PCD_EP_Receive
                0x08002eac       0x62 ./Drivers/STM32F3xx_HAL_Driver/Src/stm32f3xx_hal_pcd.o
                0x08002eac                HAL_PCD_EP_Receive
 .text.HAL_PCD_EP_Transmit
                0x08002f0e       0x6e ./Drivers/STM32F3xx_HAL_Driver/Src/stm32f3xx_hal_pcd.o
                0x08002f0e                HAL_PCD_EP_Transmit
 .text.HAL_PCD_EP_SetStall
                0x08002f7c       0xa4 ./Drivers/STM32F3xx_HAL_Driver/Src/stm32f3xx_hal_pcd.o
                0x08002f7c                HAL_PCD_EP_SetStall
 .text.HAL_PCD_EP_ClrStall
                0x08003020       0xa8 ./Drivers/STM32F3xx_HAL_Driver/Src/stm32f3xx_hal_pcd.o
                0x08003020                HAL_PCD_EP_ClrStall
 .text.PCD_EP_ISR_Handler
                0x080030c8      0x79e ./Drivers/STM32F3xx_HAL_Driver/Src/stm32f3xx_hal_pcd.o
 .text.HAL_PCD_EP_DB_Receive
                0x08003866      0x21a ./Drivers/STM32F3xx_HAL_Driver/Src/stm32f3xx_hal_pcd.o
 .text.HAL_PCD_EP_DB_Transmit
                0x08003a80      0x7f4 ./Drivers/STM32F3xx_HAL_Driver/Src/stm32f3xx_hal_pcd.o
 .text.HAL_PCDEx_PMAConfig
                0x08004274       0x86 ./Drivers/STM32F3xx_HAL_Driver/Src/stm32f3xx_hal_pcd_ex.o
                0x08004274                HAL_PCDEx_PMAConfig
 *fill*         0x080042fa        0x2 
 .text.HAL_RCC_OscConfig
                0x080042fc     0x107c ./Drivers/STM32F3xx_HAL_Driver/Src/stm32f3xx_hal_rcc.o
                0x080042fc                HAL_RCC_OscConfig
 .text.HAL_RCC_ClockConfig
                0x08005378      0x2f8 ./Drivers/STM32F3xx_HAL_Driver/Src/stm32f3xx_hal_rcc.o
                0x08005378                HAL_RCC_ClockConfig
 .text.HAL_RCC_GetSysClockFreq
                0x08005670       0xa8 ./Drivers/STM32F3xx_HAL_Driver/Src/stm32f3xx_hal_rcc.o
                0x08005670                HAL_RCC_GetSysClockFreq
 .text.HAL_RCCEx_PeriphCLKConfig
                0x08005718      0x360 ./Drivers/STM32F3xx_HAL_Driver/Src/stm32f3xx_hal_rcc_ex.o
                0x08005718                HAL_RCCEx_PeriphCLKConfig
 .text.USB_EnableGlobalInt
                0x08005a78       0x2e ./Drivers/STM32F3xx_HAL_Driver/Src/stm32f3xx_ll_usb.o
                0x08005a78                USB_EnableGlobalInt
 .text.USB_DisableGlobalInt
                0x08005aa6       0x36 ./Drivers/STM32F3xx_HAL_Driver/Src/stm32f3xx_ll_usb.o
                0x08005aa6                USB_DisableGlobalInt
 .text.USB_DevInit
                0x08005adc       0x3c ./Drivers/STM32F3xx_HAL_Driver/Src/stm32f3xx_ll_usb.o
                0x08005adc                USB_DevInit
 .text.USB_ActivateEndpoint
                0x08005b18      0x788 ./Drivers/STM32F3xx_HAL_Driver/Src/stm32f3xx_ll_usb.o
                0x08005b18                USB_ActivateEndpoint
 .text.USB_DeactivateEndpoint
                0x080062a0      0x3da ./Drivers/STM32F3xx_HAL_Driver/Src/stm32f3xx_ll_usb.o
                0x080062a0                USB_DeactivateEndpoint
 .text.USB_EPStartXfer
                0x0800667a     0x1764 ./Drivers/STM32F3xx_HAL_Driver/Src/stm32f3xx_ll_usb.o
                0x0800667a                USB_EPStartXfer
 .text.USB_EPSetStall
                0x08007dde       0xa2 ./Drivers/STM32F3xx_HAL_Driver/Src/stm32f3xx_ll_usb.o
                0x08007dde                USB_EPSetStall
 .text.USB_EPClearStall
                0x08007e80      0x15c ./Drivers/STM32F3xx_HAL_Driver/Src/stm32f3xx_ll_usb.o
                0x08007e80                USB_EPClearStall
 .text.USB_SetDevAddress
                0x08007fdc       0x28 ./Drivers/STM32F3xx_HAL_Driver/Src/stm32f3xx_ll_usb.o
                0x08007fdc                USB_SetDevAddress
 .text.USB_DevConnect
                0x08008004       0x16 ./Drivers/STM32F3xx_HAL_Driver/Src/stm32f3xx_ll_usb.o
                0x08008004                USB_DevConnect
 .text.USB_ReadInterrupts
                0x0800801a       0x20 ./Drivers/STM32F3xx_HAL_Driver/Src/stm32f3xx_ll_usb.o
                0x0800801a                USB_ReadInterrupts
 .text.USB_WritePMA
                0x0800803a       0x8c ./Drivers/STM32F3xx_HAL_Driver/Src/stm32f3xx_ll_usb.o
                0x0800803a                USB_WritePMA
 .text.USB_ReadPMA
                0x080080c6       0xa0 ./Drivers/STM32F3xx_HAL_Driver/Src/stm32f3xx_ll_usb.o
                0x080080c6                USB_ReadPMA
 .text.USBD_CUSTOM_HID_Init
                0x08008166       0x84 ./Middlewares/ST/STM32_USB_Device_Library/Class/CustomHID/Src/usbd_customhid.o
 .text.USBD_CUSTOM_HID_DeInit
                0x080081ea       0x5c ./Middlewares/ST/STM32_USB_Device_Library/Class/CustomHID/Src/usbd_customhid.o
 *fill*         0x08008246        0x2 
 .text.USBD_CUSTOM_HID_Setup
                0x08008248      0x200 ./Middlewares/ST/STM32_USB_Device_Library/Class/CustomHID/Src/usbd_customhid.o
 .text.USBD_CUSTOM_HID_SendReport
                0x08008448       0x4e ./Middlewares/ST/STM32_USB_Device_Library/Class/CustomHID/Src/usbd_customhid.o
                0x08008448                USBD_CUSTOM_HID_SendReport
 *fill*         0x08008496        0x2 
 .text.USBD_CUSTOM_HID_GetFSCfgDesc
                0x08008498       0x20 ./Middlewares/ST/STM32_USB_Device_Library/Class/CustomHID/Src/usbd_customhid.o
 .text.USBD_CUSTOM_HID_GetHSCfgDesc
                0x080084b8       0x20 ./Middlewares/ST/STM32_USB_Device_Library/Class/CustomHID/Src/usbd_customhid.o
 .text.USBD_CUSTOM_HID_GetOtherSpeedCfgDesc
                0x080084d8       0x20 ./Middlewares/ST/STM32_USB_Device_Library/Class/CustomHID/Src/usbd_customhid.o
 .text.USBD_CUSTOM_HID_DataIn
                0x080084f8       0x26 ./Middlewares/ST/STM32_USB_Device_Library/Class/CustomHID/Src/usbd_customhid.o
 .text.USBD_CUSTOM_HID_DataOut
                0x0800851e       0x3e ./Middlewares/ST/STM32_USB_Device_Library/Class/CustomHID/Src/usbd_customhid.o
 .text.USBD_CUSTOM_HID_EP0_RxReady
                0x0800855c       0x3c ./Middlewares/ST/STM32_USB_Device_Library/Class/CustomHID/Src/usbd_customhid.o
 .text.USBD_CUSTOM_HID_GetDeviceQualifierDesc
                0x08008598       0x20 ./Middlewares/ST/STM32_USB_Device_Library/Class/CustomHID/Src/usbd_customhid.o
 .text.USBD_CUSTOM_HID_RegisterInterface
                0x080085b8       0x2e ./Middlewares/ST/STM32_USB_Device_Library/Class/CustomHID/Src/usbd_customhid.o
                0x080085b8                USBD_CUSTOM_HID_RegisterInterface
 .text.USBD_Init
                0x080085e6       0x56 ./Middlewares/ST/STM32_USB_Device_Library/Core/Src/usbd_core.o
                0x080085e6                USBD_Init
 .text.USBD_RegisterClass
                0x0800863c       0x34 ./Middlewares/ST/STM32_USB_Device_Library/Core/Src/usbd_core.o
                0x0800863c                USBD_RegisterClass
 .text.USBD_Start
                0x08008670       0x18 ./Middlewares/ST/STM32_USB_Device_Library/Core/Src/usbd_core.o
                0x08008670                USBD_Start
 .text.USBD_RunTestMode
                0x08008688       0x16 ./Middlewares/ST/STM32_USB_Device_Library/Core/Src/usbd_core.o
                0x08008688                USBD_RunTestMode
 .text.USBD_SetClassConfig
                0x0800869e       0x3e ./Middlewares/ST/STM32_USB_Device_Library/Core/Src/usbd_core.o
                0x0800869e                USBD_SetClassConfig
 .text.USBD_ClrClassConfig
                0x080086dc       0x26 ./Middlewares/ST/STM32_USB_Device_Library/Core/Src/usbd_core.o
                0x080086dc                USBD_ClrClassConfig
 .text.USBD_LL_SetupStage
                0x08008702       0x9a ./Middlewares/ST/STM32_USB_Device_Library/Core/Src/usbd_core.o
                0x08008702                USBD_LL_SetupStage
 .text.USBD_LL_DataOutStage
                0x0800879c       0xe2 ./Middlewares/ST/STM32_USB_Device_Library/Core/Src/usbd_core.o
                0x0800879c                USBD_LL_DataOutStage
 .text.USBD_LL_DataInStage
                0x0800887e      0x14a ./Middlewares/ST/STM32_USB_Device_Library/Core/Src/usbd_core.o
                0x0800887e                USBD_LL_DataInStage
 .text.USBD_LL_Reset
                0x080089c8       0x82 ./Middlewares/ST/STM32_USB_Device_Library/Core/Src/usbd_core.o
                0x080089c8                USBD_LL_Reset
 .text.USBD_LL_SetSpeed
                0x08008a4a       0x20 ./Middlewares/ST/STM32_USB_Device_Library/Core/Src/usbd_core.o
                0x08008a4a                USBD_LL_SetSpeed
 .text.USBD_LL_Suspend
                0x08008a6a       0x2a ./Middlewares/ST/STM32_USB_Device_Library/Core/Src/usbd_core.o
                0x08008a6a                USBD_LL_Suspend
 .text.USBD_LL_Resume
                0x08008a94       0x2c ./Middlewares/ST/STM32_USB_Device_Library/Core/Src/usbd_core.o
                0x08008a94                USBD_LL_Resume
 .text.USBD_LL_SOF
                0x08008ac0       0x34 ./Middlewares/ST/STM32_USB_Device_Library/Core/Src/usbd_core.o
                0x08008ac0                USBD_LL_SOF
 .text.USBD_StdDevReq
                0x08008af4       0xd4 ./Middlewares/ST/STM32_USB_Device_Library/Core/Src/usbd_ctlreq.o
                0x08008af4                USBD_StdDevReq
 .text.USBD_StdItfReq
                0x08008bc8       0x90 ./Middlewares/ST/STM32_USB_Device_Library/Core/Src/usbd_ctlreq.o
                0x08008bc8                USBD_StdItfReq
 .text.USBD_StdEPReq
                0x08008c58      0x2c6 ./Middlewares/ST/STM32_USB_Device_Library/Core/Src/usbd_ctlreq.o
                0x08008c58                USBD_StdEPReq
 *fill*         0x08008f1e        0x2 
 .text.USBD_GetDescriptor
                0x08008f20      0x2d0 ./Middlewares/ST/STM32_USB_Device_Library/Core/Src/usbd_ctlreq.o
 .text.USBD_SetAddress
                0x080091f0       0x86 ./Middlewares/ST/STM32_USB_Device_Library/Core/Src/usbd_ctlreq.o
 *fill*         0x08009276        0x2 
 .text.USBD_SetConfig
                0x08009278      0x11c ./Middlewares/ST/STM32_USB_Device_Library/Core/Src/usbd_ctlreq.o
 .text.USBD_GetConfig
                0x08009394       0x6a ./Middlewares/ST/STM32_USB_Device_Library/Core/Src/usbd_ctlreq.o
 .text.USBD_GetStatus
                0x080093fe       0x66 ./Middlewares/ST/STM32_USB_Device_Library/Core/Src/usbd_ctlreq.o
 .text.USBD_SetFeature
                0x08009464       0x28 ./Middlewares/ST/STM32_USB_Device_Library/Core/Src/usbd_ctlreq.o
 .text.USBD_ClrFeature
                0x0800948c       0x42 ./Middlewares/ST/STM32_USB_Device_Library/Core/Src/usbd_ctlreq.o
 .text.USBD_ParseSetupRequest
                0x080094ce       0x74 ./Middlewares/ST/STM32_USB_Device_Library/Core/Src/usbd_ctlreq.o
                0x080094ce                USBD_ParseSetupRequest
 .text.USBD_CtlError
                0x08009542       0x22 ./Middlewares/ST/STM32_USB_Device_Library/Core/Src/usbd_ctlreq.o
                0x08009542                USBD_CtlError
 .text.USBD_GetString
                0x08009564       0x84 ./Middlewares/ST/STM32_USB_Device_Library/Core/Src/usbd_ctlreq.o
                0x08009564                USBD_GetString
 .text.USBD_GetLen
                0x080095e8       0x30 ./Middlewares/ST/STM32_USB_Device_Library/Core/Src/usbd_ctlreq.o
 .text.USBD_CtlSendData
                0x08009618       0x38 ./Middlewares/ST/STM32_USB_Device_Library/Core/Src/usbd_ioreq.o
                0x08009618                USBD_CtlSendData
 .text.USBD_CtlContinueSendData
                0x08009650       0x24 ./Middlewares/ST/STM32_USB_Device_Library/Core/Src/usbd_ioreq.o
                0x08009650                USBD_CtlContinueSendData
 .text.USBD_CtlPrepareRx
                0x08009674       0x3c ./Middlewares/ST/STM32_USB_Device_Library/Core/Src/usbd_ioreq.o
                0x08009674                USBD_CtlPrepareRx
 .text.USBD_CtlContinueRx
                0x080096b0       0x24 ./Middlewares/ST/STM32_USB_Device_Library/Core/Src/usbd_ioreq.o
                0x080096b0                USBD_CtlContinueRx
 .text.USBD_CtlSendStatus
                0x080096d4       0x26 ./Middlewares/ST/STM32_USB_Device_Library/Core/Src/usbd_ioreq.o
                0x080096d4                USBD_CtlSendStatus
 .text.USBD_CtlReceiveStatus
                0x080096fa       0x26 ./Middlewares/ST/STM32_USB_Device_Library/Core/Src/usbd_ioreq.o
                0x080096fa                USBD_CtlReceiveStatus
 .text.MX_USB_DEVICE_Init
                0x08009720       0x60 ./USB_DEVICE/App/usb_device.o
                0x08009720                MX_USB_DEVICE_Init
 .text.CUSTOM_HID_Init_FS
                0x08009780       0x10 ./USB_DEVICE/App/usbd_custom_hid_if.o
 .text.CUSTOM_HID_DeInit_FS
                0x08009790       0x10 ./USB_DEVICE/App/usbd_custom_hid_if.o
 .text.CUSTOM_HID_OutEvent_FS
                0x080097a0       0x1e ./USB_DEVICE/App/usbd_custom_hid_if.o
 *fill*         0x080097be        0x2 
 .text.USBD_FS_DeviceDescriptor
                0x080097c0       0x24 ./USB_DEVICE/App/usbd_desc.o
                0x080097c0                USBD_FS_DeviceDescriptor
 .text.USBD_FS_LangIDStrDescriptor
                0x080097e4       0x24 ./USB_DEVICE/App/usbd_desc.o
                0x080097e4                USBD_FS_LangIDStrDescriptor
 .text.USBD_FS_ProductStrDescriptor
                0x08009808       0x3c ./USB_DEVICE/App/usbd_desc.o
                0x08009808                USBD_FS_ProductStrDescriptor
 .text.USBD_FS_ManufacturerStrDescriptor
                0x08009844       0x28 ./USB_DEVICE/App/usbd_desc.o
                0x08009844                USBD_FS_ManufacturerStrDescriptor
 .text.USBD_FS_SerialStrDescriptor
                0x0800986c       0x24 ./USB_DEVICE/App/usbd_desc.o
                0x0800986c                USBD_FS_SerialStrDescriptor
 .text.USBD_FS_ConfigStrDescriptor
                0x08009890       0x3c ./USB_DEVICE/App/usbd_desc.o
                0x08009890                USBD_FS_ConfigStrDescriptor
 .text.USBD_FS_InterfaceStrDescriptor
                0x080098cc       0x3c ./USB_DEVICE/App/usbd_desc.o
                0x080098cc                USBD_FS_InterfaceStrDescriptor
 .text.Get_SerialNum
                0x08009908       0x58 ./USB_DEVICE/App/usbd_desc.o
 .text.IntToUnicode
                0x08009960       0x7e ./USB_DEVICE/App/usbd_desc.o
 *fill*         0x080099de        0x2 
 .text.HAL_PCD_MspInit
                0x080099e0       0x98 ./USB_DEVICE/Target/usbd_conf.o
                0x080099e0                HAL_PCD_MspInit
 .text.HAL_PCD_SetupStageCallback
                0x08009a78       0x24 ./USB_DEVICE/Target/usbd_conf.o
                0x08009a78                HAL_PCD_SetupStageCallback
 .text.HAL_PCD_DataOutStageCallback
                0x08009a9c       0x36 ./USB_DEVICE/Target/usbd_conf.o
                0x08009a9c                HAL_PCD_DataOutStageCallback
 .text.HAL_PCD_DataInStageCallback
                0x08009ad2       0x34 ./USB_DEVICE/Target/usbd_conf.o
                0x08009ad2                HAL_PCD_DataInStageCallback
 .text.HAL_PCD_SOFCallback
                0x08009b06       0x1c ./USB_DEVICE/Target/usbd_conf.o
                0x08009b06                HAL_PCD_SOFCallback
 .text.HAL_PCD_ResetCallback
                0x08009b22       0x3c ./USB_DEVICE/Target/usbd_conf.o
                0x08009b22                HAL_PCD_ResetCallback
 *fill*         0x08009b5e        0x2 
 .text.HAL_PCD_SuspendCallback
                0x08009b60       0x34 ./USB_DEVICE/Target/usbd_conf.o
                0x08009b60                HAL_PCD_SuspendCallback
 .text.HAL_PCD_ResumeCallback
                0x08009b94       0x1c ./USB_DEVICE/Target/usbd_conf.o
                0x08009b94                HAL_PCD_ResumeCallback
 .text.USBD_LL_Init
                0x08009bb0       0xa0 ./USB_DEVICE/Target/usbd_conf.o
                0x08009bb0                USBD_LL_Init
 .text.USBD_LL_Start
                0x08009c50       0x36 ./USB_DEVICE/Target/usbd_conf.o
                0x08009c50                USBD_LL_Start
 .text.USBD_LL_OpenEP
                0x08009c86       0x4c ./USB_DEVICE/Target/usbd_conf.o
                0x08009c86                USBD_LL_OpenEP
 .text.USBD_LL_CloseEP
                0x08009cd2       0x3e ./USB_DEVICE/Target/usbd_conf.o
                0x08009cd2                USBD_LL_CloseEP
 .text.USBD_LL_StallEP
                0x08009d10       0x3e ./USB_DEVICE/Target/usbd_conf.o
                0x08009d10                USBD_LL_StallEP
 .text.USBD_LL_ClearStallEP
                0x08009d4e       0x3e ./USB_DEVICE/Target/usbd_conf.o
                0x08009d4e                USBD_LL_ClearStallEP
 .text.USBD_LL_IsStallEP
                0x08009d8c       0x58 ./USB_DEVICE/Target/usbd_conf.o
                0x08009d8c                USBD_LL_IsStallEP
 .text.USBD_LL_SetUSBAddress
                0x08009de4       0x3e ./USB_DEVICE/Target/usbd_conf.o
                0x08009de4                USBD_LL_SetUSBAddress
 .text.USBD_LL_Transmit
                0x08009e22       0x46 ./USB_DEVICE/Target/usbd_conf.o
                0x08009e22                USBD_LL_Transmit
 .text.USBD_LL_PrepareReceive
                0x08009e68       0x46 ./USB_DEVICE/Target/usbd_conf.o
                0x08009e68                USBD_LL_PrepareReceive
 *fill*         0x08009eae        0x2 
 .text.USBD_static_malloc
                0x08009eb0       0x1c ./USB_DEVICE/Target/usbd_conf.o
                0x08009eb0                USBD_static_malloc
 .text.USBD_static_free
                0x08009ecc       0x14 ./USB_DEVICE/Target/usbd_conf.o
                0x08009ecc                USBD_static_free
 .text.HAL_PCDEx_SetConnectionState
                0x08009ee0       0x18 ./USB_DEVICE/Target/usbd_conf.o
                0x08009ee0                HAL_PCDEx_SetConnectionState
 .text.USBD_Get_USB_Status
                0x08009ef8       0x58 ./USB_DEVICE/Target/usbd_conf.o
 .text.memset   0x08009f50       0x10 /opt/st/stm32cubeide_1.16.0/plugins/com.st.stm32cube.ide.mcu.externaltools.gnu-tools-for-stm32.12.3.rel1.linux64_1.0.200.202406132123/tools/bin/../lib/gcc/arm-none-eabi/12.3.1/../../../../arm-none-eabi/lib/thumb/v7e-m+fp/hard/libc_nano.a(libc_a-memset.o)
                0x08009f50                memset
 .text.__libc_init_array
                0x08009f60       0x48 /opt/st/stm32cubeide_1.16.0/plugins/com.st.stm32cube.ide.mcu.externaltools.gnu-tools-for-stm32.12.3.rel1.linux64_1.0.200.202406132123/tools/bin/../lib/gcc/arm-none-eabi/12.3.1/../../../../arm-none-eabi/lib/thumb/v7e-m+fp/hard/libc_nano.a(libc_a-init.o)
                0x08009f60                __libc_init_array
 *(.glue_7)
 .glue_7        0x08009fa8        0x0 linker stubs
 *(.glue_7t)
 .glue_7t       0x08009fa8        0x0 linker stubs
 *(.eh_frame)
 .eh_frame      0x08009fa8        0x0 /opt/st/stm32cubeide_1.16.0/plugins/com.st.stm32cube.ide.mcu.externaltools.gnu-tools-for-stm32.12.3.rel1.linux64_1.0.200.202406132123/tools/bin/../lib/gcc/arm-none-eabi/12.3.1/thumb/v7e-m+fp/hard/crtbegin.o
 *(.init)
 .init          0x08009fa8        0x4 /opt/st/stm32cubeide_1.16.0/plugins/com.st.stm32cube.ide.mcu.externaltools.gnu-tools-for-stm32.12.3.rel1.linux64_1.0.200.202406132123/tools/bin/../lib/gcc/arm-none-eabi/12.3.1/thumb/v7e-m+fp/hard/crti.o
                0x08009fa8                _init
 .init          0x08009fac        0x8 /opt/st/stm32cubeide_1.16.0/plugins/com.st.stm32cube.ide.mcu.externaltools.gnu-tools-for-stm32.12.3.rel1.linux64_1.0.200.202406132123/tools/bin/../lib/gcc/arm-none-eabi/12.3.1/thumb/v7e-m+fp/hard/crtn.o
 *(.fini)
 .fini          0x08009fb4        0x4 /opt/st/stm32cubeide_1.16.0/plugins/com.st.stm32cube.ide.mcu.externaltools.gnu-tools-for-stm32.12.3.rel1.linux64_1.0.200.202406132123/tools/bin/../lib/gcc/arm-none-eabi/12.3.1/thumb/v7e-m+fp/hard/crti.o
                0x08009fb4                _fini
 .fini          0x08009fb8        0x8 /opt/st/stm32cubeide_1.16.0/plugins/com.st.stm32cube.ide.mcu.externaltools.gnu-tools-for-stm32.12.3.rel1.linux64_1.0.200.202406132123/tools/bin/../lib/gcc/arm-none-eabi/12.3.1/thumb/v7e-m+fp/hard/crtn.o
                0x08009fc0                        . = ALIGN (0x4)
                0x08009fc0                        _etext = .

.vfp11_veneer   0x08009fc0        0x0
 .vfp11_veneer  0x08009fc0        0x0 linker stubs

.v4_bx          0x08009fc0        0x0
 .v4_bx         0x08009fc0        0x0 linker stubs

.iplt           0x08009fc0        0x0
 .iplt          0x08009fc0        0x0 /opt/st/stm32cubeide_1.16.0/plugins/com.st.stm32cube.ide.mcu.externaltools.gnu-tools-for-stm32.12.3.rel1.linux64_1.0.200.202406132123/tools/bin/../lib/gcc/arm-none-eabi/12.3.1/thumb/v7e-m+fp/hard/crtbegin.o

.rodata         0x08009fc0       0x74
                0x08009fc0                        . = ALIGN (0x4)
 *(.rodata)
 .rodata        0x08009fc0       0x41 ./USB_DEVICE/App/usbd_desc.o
 *(.rodata*)
 *fill*         0x0800a001        0x3 
 .rodata.AHBPrescTable
                0x0800a004       0x10 ./Core/Src/system_stm32f3xx.o
                0x0800a004                AHBPrescTable
 .rodata.aPLLMULFactorTable
                0x0800a014       0x10 ./Drivers/STM32F3xx_HAL_Driver/Src/stm32f3xx_hal_rcc.o
 .rodata.aPredivFactorTable
                0x0800a024       0x10 ./Drivers/STM32F3xx_HAL_Driver/Src/stm32f3xx_hal_rcc.o
                0x0800a034                        . = ALIGN (0x4)

.ARM.extab      0x0800a034        0x0
                0x0800a034                        . = ALIGN (0x4)
 *(.ARM.extab* .gnu.linkonce.armextab.*)
                0x0800a034                        . = ALIGN (0x4)

.ARM            0x0800a034        0x0
                0x0800a034                        . = ALIGN (0x4)
                0x0800a034                        __exidx_start = .
 *(.ARM.exidx*)
                0x0800a034                        __exidx_end = .
                0x0800a034                        . = ALIGN (0x4)

.preinit_array  0x0800a034        0x0
                0x0800a034                        . = ALIGN (0x4)
                0x0800a034                        PROVIDE (__preinit_array_start = .)
 *(.preinit_array*)
                0x0800a034                        PROVIDE (__preinit_array_end = .)
                0x0800a034                        . = ALIGN (0x4)

.init_array     0x0800a034        0x4
                0x0800a034                        . = ALIGN (0x4)
                0x0800a034                        PROVIDE (__init_array_start = .)
 *(SORT_BY_NAME(.init_array.*))
 *(.init_array*)
 .init_array    0x0800a034        0x4 /opt/st/stm32cubeide_1.16.0/plugins/com.st.stm32cube.ide.mcu.externaltools.gnu-tools-for-stm32.12.3.rel1.linux64_1.0.200.202406132123/tools/bin/../lib/gcc/arm-none-eabi/12.3.1/thumb/v7e-m+fp/hard/crtbegin.o
                0x0800a038                        PROVIDE (__init_array_end = .)
                0x0800a038                        . = ALIGN (0x4)

.fini_array     0x0800a038        0x4
                0x0800a038                        . = ALIGN (0x4)
                [!provide]                        PROVIDE (__fini_array_start = .)
 *(SORT_BY_NAME(.fini_array.*))
 *(.fini_array*)
 .fini_array    0x0800a038        0x4 /opt/st/stm32cubeide_1.16.0/plugins/com.st.stm32cube.ide.mcu.externaltools.gnu-tools-for-stm32.12.3.rel1.linux64_1.0.200.202406132123/tools/bin/../lib/gcc/arm-none-eabi/12.3.1/thumb/v7e-m+fp/hard/crtbegin.o
                [!provide]                        PROVIDE (__fini_array_end = .)
                0x0800a03c                        . = ALIGN (0x4)
                0x0800a03c                        _sidata = LOADADDR (.data)

.rel.dyn        0x0800a03c        0x0
 .rel.iplt      0x0800a03c        0x0 /opt/st/stm32cubeide_1.16.0/plugins/com.st.stm32cube.ide.mcu.externaltools.gnu-tools-for-stm32.12.3.rel1.linux64_1.0.200.202406132123/tools/bin/../lib/gcc/arm-none-eabi/12.3.1/thumb/v7e-m+fp/hard/crtbegin.o

.data           0x20000000      0x174 load address 0x0800a03c
                0x20000000                        . = ALIGN (0x4)
                0x20000000                        _sdata = .
 *(.data)
 *(.data*)
 .data.GPIO_MASK
                0x20000000        0x2 ./Core/Src/main.o
 *fill*         0x20000002        0x2 
 .data.SystemCoreClock
                0x20000004        0x4 ./Core/Src/system_stm32f3xx.o
                0x20000004                SystemCoreClock
 .data.uwTickPrio
                0x20000008        0x4 ./Drivers/STM32F3xx_HAL_Driver/Src/stm32f3xx_hal.o
                0x20000008                uwTickPrio
 .data.uwTickFreq
                0x2000000c        0x1 ./Drivers/STM32F3xx_HAL_Driver/Src/stm32f3xx_hal.o
                0x2000000c                uwTickFreq
 *fill*         0x2000000d        0x3 
 .data.USBD_CUSTOM_HID
                0x20000010       0x38 ./Middlewares/ST/STM32_USB_Device_Library/Class/CustomHID/Src/usbd_customhid.o
                0x20000010                USBD_CUSTOM_HID
 .data.USBD_CUSTOM_HID_CfgFSDesc
                0x20000048       0x29 ./Middlewares/ST/STM32_USB_Device_Library/Class/CustomHID/Src/usbd_customhid.o
 *fill*         0x20000071        0x3 
 .data.USBD_CUSTOM_HID_CfgHSDesc
                0x20000074       0x29 ./Middlewares/ST/STM32_USB_Device_Library/Class/CustomHID/Src/usbd_customhid.o
 *fill*         0x2000009d        0x3 
 .data.USBD_CUSTOM_HID_OtherSpeedCfgDesc
                0x200000a0       0x29 ./Middlewares/ST/STM32_USB_Device_Library/Class/CustomHID/Src/usbd_customhid.o
 *fill*         0x200000c9        0x3 
 .data.USBD_CUSTOM_HID_Desc
                0x200000cc        0x9 ./Middlewares/ST/STM32_USB_Device_Library/Class/CustomHID/Src/usbd_customhid.o
 *fill*         0x200000d5        0x3 
 .data.USBD_CUSTOM_HID_DeviceQualifierDesc
                0x200000d8        0xa ./Middlewares/ST/STM32_USB_Device_Library/Class/CustomHID/Src/usbd_customhid.o
 *fill*         0x200000e2        0x2 
 .data.CUSTOM_HID_ReportDesc_FS
                0x200000e4       0x30 ./USB_DEVICE/App/usbd_custom_hid_if.o
 .data.USBD_CustomHID_fops_FS
                0x20000114       0x10 ./USB_DEVICE/App/usbd_custom_hid_if.o
                0x20000114                USBD_CustomHID_fops_FS
 .data.FS_Desc  0x20000124       0x1c ./USB_DEVICE/App/usbd_desc.o
                0x20000124                FS_Desc
 .data.USBD_FS_DeviceDesc
                0x20000140       0x12 ./USB_DEVICE/App/usbd_desc.o
                0x20000140                USBD_FS_DeviceDesc
 *fill*         0x20000152        0x2 
 .data.USBD_LangIDDesc
                0x20000154        0x4 ./USB_DEVICE/App/usbd_desc.o
                0x20000154                USBD_LangIDDesc
 .data.USBD_StringSerial
                0x20000158       0x1a ./USB_DEVICE/App/usbd_desc.o
                0x20000158                USBD_StringSerial
 *(.RamFunc)
 *(.RamFunc*)
                0x20000174                        . = ALIGN (0x4)
 *fill*         0x20000172        0x2 
                0x20000174                        _edata = .
                0x0800a1b0                        _siccmram = LOADADDR (.ccmram)

.igot.plt       0x20000174        0x0 load address 0x0800a1b0
 .igot.plt      0x20000174        0x0 /opt/st/stm32cubeide_1.16.0/plugins/com.st.stm32cube.ide.mcu.externaltools.gnu-tools-for-stm32.12.3.rel1.linux64_1.0.200.202406132123/tools/bin/../lib/gcc/arm-none-eabi/12.3.1/thumb/v7e-m+fp/hard/crtbegin.o

.ccmram         0x10000000        0x0 load address 0x0800a1b0
                0x10000000                        . = ALIGN (0x4)
                0x10000000                        _sccmram = .
 *(.ccmram)
 *(.ccmram*)
                0x10000000                        . = ALIGN (0x4)
                0x10000000                        _eccmram = .
                0x10000000                        . = ALIGN (0x4)

.bss            0x20000174      0x9b4
                0x20000174                        _sbss = .
                0x20000174                        __bss_start__ = _sbss
 *(.bss)
 .bss           0x20000174       0x1c /opt/st/stm32cubeide_1.16.0/plugins/com.st.stm32cube.ide.mcu.externaltools.gnu-tools-for-stm32.12.3.rel1.linux64_1.0.200.202406132123/tools/bin/../lib/gcc/arm-none-eabi/12.3.1/thumb/v7e-m+fp/hard/crtbegin.o
 *(.bss*)
 .bss.hadc1     0x20000190       0x50 ./Core/Src/main.o
                0x20000190                hadc1
 .bss.hadc2     0x200001e0       0x50 ./Core/Src/main.o
                0x200001e0                hadc2
 .bss.hdma_adc1
                0x20000230       0x44 ./Core/Src/main.o
                0x20000230                hdma_adc1
 .bss.hdma_adc2
                0x20000274       0x44 ./Core/Src/main.o
                0x20000274                hdma_adc2
 .bss.hi2c1     0x200002b8       0x54 ./Core/Src/main.o
                0x200002b8                hi2c1
 .bss.gamepad   0x2000030c        0x8 ./Core/Src/main.o
                0x2000030c                gamepad
 .bss.analogBuffer1
                0x20000314        0x8 ./Core/Src/main.o
 .bss.analogBuffer2
                0x2000031c        0x8 ./Core/Src/main.o
 .bss.gamepadBuffer
                0x20000324        0x7 ./Core/Src/main.o
                0x20000324                gamepadBuffer
 *fill*         0x2000032b        0x1 
 .bss.HAL_RCC_ADC12_CLK_ENABLED
                0x2000032c        0x4 ./Core/Src/stm32f3xx_hal_msp.o
 .bss.uwTick    0x20000330        0x4 ./Drivers/STM32F3xx_HAL_Driver/Src/stm32f3xx_hal.o
                0x20000330                uwTick
 .bss.cfgidx.0  0x20000334        0x1 ./Middlewares/ST/STM32_USB_Device_Library/Core/Src/usbd_ctlreq.o
 *fill*         0x20000335        0x3 
 .bss.hUsbDeviceFS
                0x20000338      0x2c4 ./USB_DEVICE/App/usb_device.o
                0x20000338                hUsbDeviceFS
 .bss.USBD_StrDesc
                0x200005fc      0x200 ./USB_DEVICE/App/usbd_desc.o
                0x200005fc                USBD_StrDesc
 .bss.hpcd_USB_FS
                0x200007fc      0x2d4 ./USB_DEVICE/Target/usbd_conf.o
                0x200007fc                hpcd_USB_FS
 .bss.mem.0     0x20000ad0       0x58 ./USB_DEVICE/Target/usbd_conf.o
 *(COMMON)
                0x20000b28                        . = ALIGN (0x4)
                0x20000b28                        _ebss = .
                0x20000b28                        __bss_end__ = _ebss

._user_heap_stack
                0x20000b28      0x600
                0x20000b28                        . = ALIGN (0x8)
                [!provide]                        PROVIDE (end = .)
                0x20000b28                        PROVIDE (_end = .)
                0x20000d28                        . = (. + _Min_Heap_Size)
 *fill*         0x20000b28      0x200 
                0x20001128                        . = (. + _Min_Stack_Size)
 *fill*         0x20000d28      0x400 
                0x20001128                        . = ALIGN (0x8)

/DISCARD/
 libc.a(*)
 libm.a(*)
 libgcc.a(*)

.ARM.attributes
                0x00000000       0x30
 *(.ARM.attributes)
 .ARM.attributes
                0x00000000       0x22 /opt/st/stm32cubeide_1.16.0/plugins/com.st.stm32cube.ide.mcu.externaltools.gnu-tools-for-stm32.12.3.rel1.linux64_1.0.200.202406132123/tools/bin/../lib/gcc/arm-none-eabi/12.3.1/thumb/v7e-m+fp/hard/crti.o
 .ARM.attributes
                0x00000022       0x34 /opt/st/stm32cubeide_1.16.0/plugins/com.st.stm32cube.ide.mcu.externaltools.gnu-tools-for-stm32.12.3.rel1.linux64_1.0.200.202406132123/tools/bin/../lib/gcc/arm-none-eabi/12.3.1/thumb/v7e-m+fp/hard/crtbegin.o
 .ARM.attributes
                0x00000056       0x34 ./Core/Src/main.o
 .ARM.attributes
                0x0000008a       0x34 ./Core/Src/stm32f3xx_hal_msp.o
 .ARM.attributes
                0x000000be       0x34 ./Core/Src/stm32f3xx_it.o
 .ARM.attributes
                0x000000f2       0x34 ./Core/Src/system_stm32f3xx.o
 .ARM.attributes
                0x00000126       0x21 ./Core/Startup/startup_stm32f303vctx.o
 .ARM.attributes
                0x00000147       0x34 ./Drivers/STM32F3xx_HAL_Driver/Src/stm32f3xx_hal.o
 .ARM.attributes
                0x0000017b       0x34 ./Drivers/STM32F3xx_HAL_Driver/Src/stm32f3xx_hal_adc.o
 .ARM.attributes
                0x000001af       0x34 ./Drivers/STM32F3xx_HAL_Driver/Src/stm32f3xx_hal_adc_ex.o
 .ARM.attributes
                0x000001e3       0x34 ./Drivers/STM32F3xx_HAL_Driver/Src/stm32f3xx_hal_cortex.o
 .ARM.attributes
                0x00000217       0x34 ./Drivers/STM32F3xx_HAL_Driver/Src/stm32f3xx_hal_dma.o
 .ARM.attributes
                0x0000024b       0x34 ./Drivers/STM32F3xx_HAL_Driver/Src/stm32f3xx_hal_gpio.o
 .ARM.attributes
                0x0000027f       0x34 ./Drivers/STM32F3xx_HAL_Driver/Src/stm32f3xx_hal_i2c.o
 .ARM.attributes
                0x000002b3       0x34 ./Drivers/STM32F3xx_HAL_Driver/Src/stm32f3xx_hal_i2c_ex.o
 .ARM.attributes
                0x000002e7       0x34 ./Drivers/STM32F3xx_HAL_Driver/Src/stm32f3xx_hal_pcd.o
 .ARM.attributes
                0x0000031b       0x34 ./Drivers/STM32F3xx_HAL_Driver/Src/stm32f3xx_hal_pcd_ex.o
 .ARM.attributes
                0x0000034f       0x34 ./Drivers/STM32F3xx_HAL_Driver/Src/stm32f3xx_hal_rcc.o
 .ARM.attributes
                0x00000383       0x34 ./Drivers/STM32F3xx_HAL_Driver/Src/stm32f3xx_hal_rcc_ex.o
 .ARM.attributes
                0x000003b7       0x34 ./Drivers/STM32F3xx_HAL_Driver/Src/stm32f3xx_ll_usb.o
 .ARM.attributes
                0x000003eb       0x34 ./Middlewares/ST/STM32_USB_Device_Library/Class/CustomHID/Src/usbd_customhid.o
 .ARM.attributes
                0x0000041f       0x34 ./Middlewares/ST/STM32_USB_Device_Library/Core/Src/usbd_core.o
 .ARM.attributes
                0x00000453       0x34 ./Middlewares/ST/STM32_USB_Device_Library/Core/Src/usbd_ctlreq.o
 .ARM.attributes
                0x00000487       0x34 ./Middlewares/ST/STM32_USB_Device_Library/Core/Src/usbd_ioreq.o
 .ARM.attributes
                0x000004bb       0x34 ./USB_DEVICE/App/usb_device.o
 .ARM.attributes
                0x000004ef       0x34 ./USB_DEVICE/App/usbd_custom_hid_if.o
 .ARM.attributes
                0x00000523       0x34 ./USB_DEVICE/App/usbd_desc.o
 .ARM.attributes
                0x00000557       0x34 ./USB_DEVICE/Target/usbd_conf.o
 .ARM.attributes
                0x0000058b       0x34 /opt/st/stm32cubeide_1.16.0/plugins/com.st.stm32cube.ide.mcu.externaltools.gnu-tools-for-stm32.12.3.rel1.linux64_1.0.200.202406132123/tools/bin/../lib/gcc/arm-none-eabi/12.3.1/../../../../arm-none-eabi/lib/thumb/v7e-m+fp/hard/libc_nano.a(libc_a-memset.o)
 .ARM.attributes
                0x000005bf       0x34 /opt/st/stm32cubeide_1.16.0/plugins/com.st.stm32cube.ide.mcu.externaltools.gnu-tools-for-stm32.12.3.rel1.linux64_1.0.200.202406132123/tools/bin/../lib/gcc/arm-none-eabi/12.3.1/../../../../arm-none-eabi/lib/thumb/v7e-m+fp/hard/libc_nano.a(libc_a-init.o)
 .ARM.attributes
                0x000005f3       0x22 /opt/st/stm32cubeide_1.16.0/plugins/com.st.stm32cube.ide.mcu.externaltools.gnu-tools-for-stm32.12.3.rel1.linux64_1.0.200.202406132123/tools/bin/../lib/gcc/arm-none-eabi/12.3.1/thumb/v7e-m+fp/hard/crtn.o
OUTPUT(GamePad_Prova.elf elf32-littlearm)
LOAD linker stubs
LOAD /opt/st/stm32cubeide_1.16.0/plugins/com.st.stm32cube.ide.mcu.externaltools.gnu-tools-for-stm32.12.3.rel1.linux64_1.0.200.202406132123/tools/bin/../lib/gcc/arm-none-eabi/12.3.1/../../../../arm-none-eabi/lib/thumb/v7e-m+fp/hard/libc.a
LOAD /opt/st/stm32cubeide_1.16.0/plugins/com.st.stm32cube.ide.mcu.externaltools.gnu-tools-for-stm32.12.3.rel1.linux64_1.0.200.202406132123/tools/bin/../lib/gcc/arm-none-eabi/12.3.1/../../../../arm-none-eabi/lib/thumb/v7e-m+fp/hard/libm.a
LOAD /opt/st/stm32cubeide_1.16.0/plugins/com.st.stm32cube.ide.mcu.externaltools.gnu-tools-for-stm32.12.3.rel1.linux64_1.0.200.202406132123/tools/bin/../lib/gcc/arm-none-eabi/12.3.1/thumb/v7e-m+fp/hard/libgcc.a

.debug_info     0x00000000    0x1393a
 .debug_info    0x00000000     0x199b ./Core/Src/main.o
 .debug_info    0x0000199b      0xdb3 ./Core/Src/stm32f3xx_hal_msp.o
 .debug_info    0x0000274e      0x938 ./Core/Src/stm32f3xx_it.o
 .debug_info    0x00003086      0x407 ./Core/Src/system_stm32f3xx.o
 .debug_info    0x0000348d       0x30 ./Core/Startup/startup_stm32f303vctx.o
 .debug_info    0x000034bd      0x7d4 ./Drivers/STM32F3xx_HAL_Driver/Src/stm32f3xx_hal.o
 .debug_info    0x00003c91      0xb32 ./Drivers/STM32F3xx_HAL_Driver/Src/stm32f3xx_hal_adc.o
 .debug_info    0x000047c3     0x15b2 ./Drivers/STM32F3xx_HAL_Driver/Src/stm32f3xx_hal_adc_ex.o
 .debug_info    0x00005d75      0xce4 ./Drivers/STM32F3xx_HAL_Driver/Src/stm32f3xx_hal_cortex.o
 .debug_info    0x00006a59      0x6e1 ./Drivers/STM32F3xx_HAL_Driver/Src/stm32f3xx_hal_dma.o
 .debug_info    0x0000713a      0x5fe ./Drivers/STM32F3xx_HAL_Driver/Src/stm32f3xx_hal_gpio.o
 .debug_info    0x00007738     0x20c3 ./Drivers/STM32F3xx_HAL_Driver/Src/stm32f3xx_hal_i2c.o
 .debug_info    0x000097fb      0x818 ./Drivers/STM32F3xx_HAL_Driver/Src/stm32f3xx_hal_i2c_ex.o
 .debug_info    0x0000a013     0x166f ./Drivers/STM32F3xx_HAL_Driver/Src/stm32f3xx_hal_pcd.o
 .debug_info    0x0000b682      0x6a9 ./Drivers/STM32F3xx_HAL_Driver/Src/stm32f3xx_hal_pcd_ex.o
 .debug_info    0x0000bd2b     0x148a ./Drivers/STM32F3xx_HAL_Driver/Src/stm32f3xx_hal_rcc.o
 .debug_info    0x0000d1b5      0x5b9 ./Drivers/STM32F3xx_HAL_Driver/Src/stm32f3xx_hal_rcc_ex.o
 .debug_info    0x0000d76e     0x163b ./Drivers/STM32F3xx_HAL_Driver/Src/stm32f3xx_ll_usb.o
 .debug_info    0x0000eda9      0xab5 ./Middlewares/ST/STM32_USB_Device_Library/Class/CustomHID/Src/usbd_customhid.o
 .debug_info    0x0000f85e      0xa52 ./Middlewares/ST/STM32_USB_Device_Library/Core/Src/usbd_core.o
 .debug_info    0x000102b0      0x91c ./Middlewares/ST/STM32_USB_Device_Library/Core/Src/usbd_ctlreq.o
 .debug_info    0x00010bcc      0x6a0 ./Middlewares/ST/STM32_USB_Device_Library/Core/Src/usbd_ioreq.o
 .debug_info    0x0001126c      0x61a ./USB_DEVICE/App/usb_device.o
 .debug_info    0x00011886      0x1de ./USB_DEVICE/App/usbd_custom_hid_if.o
 .debug_info    0x00011a64      0x44a ./USB_DEVICE/App/usbd_desc.o
 .debug_info    0x00011eae     0x1a8c ./USB_DEVICE/Target/usbd_conf.o

.debug_abbrev   0x00000000     0x3601
 .debug_abbrev  0x00000000      0x2ff ./Core/Src/main.o
 .debug_abbrev  0x000002ff      0x22b ./Core/Src/stm32f3xx_hal_msp.o
 .debug_abbrev  0x0000052a      0x1fd ./Core/Src/stm32f3xx_it.o
 .debug_abbrev  0x00000727      0x11a ./Core/Src/system_stm32f3xx.o
 .debug_abbrev  0x00000841       0x24 ./Core/Startup/startup_stm32f303vctx.o
 .debug_abbrev  0x00000865      0x215 ./Drivers/STM32F3xx_HAL_Driver/Src/stm32f3xx_hal.o
 .debug_abbrev  0x00000a7a      0x186 ./Drivers/STM32F3xx_HAL_Driver/Src/stm32f3xx_hal_adc.o
 .debug_abbrev  0x00000c00      0x28e ./Drivers/STM32F3xx_HAL_Driver/Src/stm32f3xx_hal_adc_ex.o
 .debug_abbrev  0x00000e8e      0x31e ./Drivers/STM32F3xx_HAL_Driver/Src/stm32f3xx_hal_cortex.o
 .debug_abbrev  0x000011ac      0x20d ./Drivers/STM32F3xx_HAL_Driver/Src/stm32f3xx_hal_dma.o
 .debug_abbrev  0x000013b9      0x1ca ./Drivers/STM32F3xx_HAL_Driver/Src/stm32f3xx_hal_gpio.o
 .debug_abbrev  0x00001583      0x260 ./Drivers/STM32F3xx_HAL_Driver/Src/stm32f3xx_hal_i2c.o
 .debug_abbrev  0x000017e3      0x1c2 ./Drivers/STM32F3xx_HAL_Driver/Src/stm32f3xx_hal_i2c_ex.o
 .debug_abbrev  0x000019a5      0x2d9 ./Drivers/STM32F3xx_HAL_Driver/Src/stm32f3xx_hal_pcd.o
 .debug_abbrev  0x00001c7e      0x189 ./Drivers/STM32F3xx_HAL_Driver/Src/stm32f3xx_hal_pcd_ex.o
 .debug_abbrev  0x00001e07      0x300 ./Drivers/STM32F3xx_HAL_Driver/Src/stm32f3xx_hal_rcc.o
 .debug_abbrev  0x00002107      0x221 ./Drivers/STM32F3xx_HAL_Driver/Src/stm32f3xx_hal_rcc_ex.o
 .debug_abbrev  0x00002328      0x247 ./Drivers/STM32F3xx_HAL_Driver/Src/stm32f3xx_ll_usb.o
 .debug_abbrev  0x0000256f      0x272 ./Middlewares/ST/STM32_USB_Device_Library/Class/CustomHID/Src/usbd_customhid.o
 .debug_abbrev  0x000027e1      0x24a ./Middlewares/ST/STM32_USB_Device_Library/Core/Src/usbd_core.o
 .debug_abbrev  0x00002a2b      0x26b ./Middlewares/ST/STM32_USB_Device_Library/Core/Src/usbd_ctlreq.o
 .debug_abbrev  0x00002c96      0x192 ./Middlewares/ST/STM32_USB_Device_Library/Core/Src/usbd_ioreq.o
 .debug_abbrev  0x00002e28      0x18d ./USB_DEVICE/App/usb_device.o
 .debug_abbrev  0x00002fb5      0x12f ./USB_DEVICE/App/usbd_custom_hid_if.o
 .debug_abbrev  0x000030e4      0x1ff ./USB_DEVICE/App/usbd_desc.o
 .debug_abbrev  0x000032e3      0x31e ./USB_DEVICE/Target/usbd_conf.o

.debug_aranges  0x00000000     0x1088
 .debug_aranges
                0x00000000       0x60 ./Core/Src/main.o
 .debug_aranges
                0x00000060       0x40 ./Core/Src/stm32f3xx_hal_msp.o
 .debug_aranges
                0x000000a0       0xc8 ./Core/Src/stm32f3xx_it.o
 .debug_aranges
                0x00000168       0x28 ./Core/Src/system_stm32f3xx.o
 .debug_aranges
                0x00000190       0x28 ./Core/Startup/startup_stm32f303vctx.o
 .debug_aranges
                0x000001b8       0xe0 ./Drivers/STM32F3xx_HAL_Driver/Src/stm32f3xx_hal.o
 .debug_aranges
                0x00000298       0xc8 ./Drivers/STM32F3xx_HAL_Driver/Src/stm32f3xx_hal_adc.o
 .debug_aranges
                0x00000360      0x168 ./Drivers/STM32F3xx_HAL_Driver/Src/stm32f3xx_hal_adc_ex.o
 .debug_aranges
                0x000004c8      0x128 ./Drivers/STM32F3xx_HAL_Driver/Src/stm32f3xx_hal_cortex.o
 .debug_aranges
                0x000005f0       0x88 ./Drivers/STM32F3xx_HAL_Driver/Src/stm32f3xx_hal_dma.o
 .debug_aranges
                0x00000678       0x58 ./Drivers/STM32F3xx_HAL_Driver/Src/stm32f3xx_hal_gpio.o
 .debug_aranges
                0x000006d0      0x2a0 ./Drivers/STM32F3xx_HAL_Driver/Src/stm32f3xx_hal_i2c.o
 .debug_aranges
                0x00000970       0x48 ./Drivers/STM32F3xx_HAL_Driver/Src/stm32f3xx_hal_i2c_ex.o
 .debug_aranges
                0x000009b8      0x140 ./Drivers/STM32F3xx_HAL_Driver/Src/stm32f3xx_hal_pcd.o
 .debug_aranges
                0x00000af8       0x38 ./Drivers/STM32F3xx_HAL_Driver/Src/stm32f3xx_hal_pcd_ex.o
 .debug_aranges
                0x00000b30       0x88 ./Drivers/STM32F3xx_HAL_Driver/Src/stm32f3xx_hal_rcc.o
 .debug_aranges
                0x00000bb8       0x38 ./Drivers/STM32F3xx_HAL_Driver/Src/stm32f3xx_hal_rcc_ex.o
 .debug_aranges
                0x00000bf0       0xc8 ./Drivers/STM32F3xx_HAL_Driver/Src/stm32f3xx_ll_usb.o
 .debug_aranges
                0x00000cb8       0x78 ./Middlewares/ST/STM32_USB_Device_Library/Class/CustomHID/Src/usbd_customhid.o
 .debug_aranges
                0x00000d30       0xb8 ./Middlewares/ST/STM32_USB_Device_Library/Core/Src/usbd_core.o
 .debug_aranges
                0x00000de8       0x88 ./Middlewares/ST/STM32_USB_Device_Library/Core/Src/usbd_ctlreq.o
 .debug_aranges
                0x00000e70       0x50 ./Middlewares/ST/STM32_USB_Device_Library/Core/Src/usbd_ioreq.o
 .debug_aranges
                0x00000ec0       0x20 ./USB_DEVICE/App/usb_device.o
 .debug_aranges
                0x00000ee0       0x30 ./USB_DEVICE/App/usbd_custom_hid_if.o
 .debug_aranges
                0x00000f10       0x60 ./USB_DEVICE/App/usbd_desc.o
 .debug_aranges
                0x00000f70      0x118 ./USB_DEVICE/Target/usbd_conf.o

.debug_rnglists
                0x00000000      0xc78
 .debug_rnglists
                0x00000000       0x49 ./Core/Src/main.o
 .debug_rnglists
                0x00000049       0x2e ./Core/Src/stm32f3xx_hal_msp.o
 .debug_rnglists
                0x00000077       0x91 ./Core/Src/stm32f3xx_it.o
 .debug_rnglists
                0x00000108       0x1a ./Core/Src/system_stm32f3xx.o
 .debug_rnglists
                0x00000122       0x19 ./Core/Startup/startup_stm32f303vctx.o
 .debug_rnglists
                0x0000013b       0xa3 ./Drivers/STM32F3xx_HAL_Driver/Src/stm32f3xx_hal.o
 .debug_rnglists
                0x000001de       0x91 ./Drivers/STM32F3xx_HAL_Driver/Src/stm32f3xx_hal_adc.o
 .debug_rnglists
                0x0000026f      0x126 ./Drivers/STM32F3xx_HAL_Driver/Src/stm32f3xx_hal_adc_ex.o
 .debug_rnglists
                0x00000395       0xda ./Drivers/STM32F3xx_HAL_Driver/Src/stm32f3xx_hal_cortex.o
 .debug_rnglists
                0x0000046f       0x69 ./Drivers/STM32F3xx_HAL_Driver/Src/stm32f3xx_hal_dma.o
 .debug_rnglists
                0x000004d8       0x3f ./Drivers/STM32F3xx_HAL_Driver/Src/stm32f3xx_hal_gpio.o
 .debug_rnglists
                0x00000517      0x228 ./Drivers/STM32F3xx_HAL_Driver/Src/stm32f3xx_hal_i2c.o
 .debug_rnglists
                0x0000073f       0x35 ./Drivers/STM32F3xx_HAL_Driver/Src/stm32f3xx_hal_i2c_ex.o
 .debug_rnglists
                0x00000774       0xf4 ./Drivers/STM32F3xx_HAL_Driver/Src/stm32f3xx_hal_pcd.o
 .debug_rnglists
                0x00000868       0x26 ./Drivers/STM32F3xx_HAL_Driver/Src/stm32f3xx_hal_pcd_ex.o
 .debug_rnglists
                0x0000088e       0x66 ./Drivers/STM32F3xx_HAL_Driver/Src/stm32f3xx_hal_rcc.o
 .debug_rnglists
                0x000008f4       0x28 ./Drivers/STM32F3xx_HAL_Driver/Src/stm32f3xx_hal_rcc_ex.o
 .debug_rnglists
                0x0000091c       0x99 ./Drivers/STM32F3xx_HAL_Driver/Src/stm32f3xx_ll_usb.o
 .debug_rnglists
                0x000009b5       0x57 ./Middlewares/ST/STM32_USB_Device_Library/Class/CustomHID/Src/usbd_customhid.o
 .debug_rnglists
                0x00000a0c       0x89 ./Middlewares/ST/STM32_USB_Device_Library/Core/Src/usbd_core.o
 .debug_rnglists
                0x00000a95       0x68 ./Middlewares/ST/STM32_USB_Device_Library/Core/Src/usbd_ctlreq.o
 .debug_rnglists
                0x00000afd       0x37 ./Middlewares/ST/STM32_USB_Device_Library/Core/Src/usbd_ioreq.o
 .debug_rnglists
                0x00000b34       0x13 ./USB_DEVICE/App/usb_device.o
 .debug_rnglists
                0x00000b47       0x1f ./USB_DEVICE/App/usbd_custom_hid_if.o
 .debug_rnglists
                0x00000b66       0x43 ./USB_DEVICE/App/usbd_desc.o
 .debug_rnglists
                0x00000ba9       0xcf ./USB_DEVICE/Target/usbd_conf.o

.debug_macro    0x00000000    0x20790
 .debug_macro   0x00000000      0x3a0 ./Core/Src/main.o
 .debug_macro   0x000003a0      0xab4 ./Core/Src/main.o
 .debug_macro   0x00000e54      0x157 ./Core/Src/main.o
 .debug_macro   0x00000fab       0x2e ./Core/Src/main.o
 .debug_macro   0x00000fd9       0x28 ./Core/Src/main.o
 .debug_macro   0x00001001       0x22 ./Core/Src/main.o
 .debug_macro   0x00001023       0x8e ./Core/Src/main.o
 .debug_macro   0x000010b1       0x51 ./Core/Src/main.o
 .debug_macro   0x00001102      0x103 ./Core/Src/main.o
 .debug_macro   0x00001205       0x6a ./Core/Src/main.o
 .debug_macro   0x0000126f      0x1df ./Core/Src/main.o
 .debug_macro   0x0000144e       0x1c ./Core/Src/main.o
 .debug_macro   0x0000146a       0x22 ./Core/Src/main.o
 .debug_macro   0x0000148c       0xd9 ./Core/Src/main.o
 .debug_macro   0x00001565     0x102d ./Core/Src/main.o
 .debug_macro   0x00002592      0x11f ./Core/Src/main.o
 .debug_macro   0x000026b1    0x12a3a ./Core/Src/main.o
 .debug_macro   0x000150eb       0x6d ./Core/Src/main.o
 .debug_macro   0x00015158     0x3574 ./Core/Src/main.o
 .debug_macro   0x000186cc      0x189 ./Core/Src/main.o
 .debug_macro   0x00018855       0x55 ./Core/Src/main.o
 .debug_macro   0x000188aa      0x961 ./Core/Src/main.o
 .debug_macro   0x0001920b      0x5fe ./Core/Src/main.o
 .debug_macro   0x00019809      0x1b5 ./Core/Src/main.o
 .debug_macro   0x000199be      0x1fb ./Core/Src/main.o
 .debug_macro   0x00019bb9      0x1dc ./Core/Src/main.o
 .debug_macro   0x00019d95      0x1bc ./Core/Src/main.o
 .debug_macro   0x00019f51       0x30 ./Core/Src/main.o
 .debug_macro   0x00019f81       0x3c ./Core/Src/main.o
 .debug_macro   0x00019fbd      0x235 ./Core/Src/main.o
 .debug_macro   0x0001a1f2      0x9b1 ./Core/Src/main.o
 .debug_macro   0x0001aba3       0x77 ./Core/Src/main.o
 .debug_macro   0x0001ac1a       0xc5 ./Core/Src/main.o
 .debug_macro   0x0001acdf      0x21d ./Core/Src/main.o
 .debug_macro   0x0001aefc      0x22c ./Core/Src/main.o
 .debug_macro   0x0001b128       0x5b ./Core/Src/main.o
 .debug_macro   0x0001b183       0xa5 ./Core/Src/main.o
 .debug_macro   0x0001b228       0x73 ./Core/Src/main.o
 .debug_macro   0x0001b29b      0x242 ./Core/Src/main.o
 .debug_macro   0x0001b4dd       0x81 ./Core/Src/main.o
 .debug_macro   0x0001b55e       0xd3 ./Core/Src/main.o
 .debug_macro   0x0001b631      0x275 ./Core/Src/main.o
 .debug_macro   0x0001b8a6       0xe8 ./Core/Src/main.o
 .debug_macro   0x0001b98e       0x61 ./Core/Src/main.o
 .debug_macro   0x0001b9ef       0x2a ./Core/Src/main.o
 .debug_macro   0x0001ba19       0x43 ./Core/Src/main.o
 .debug_macro   0x0001ba5c       0x34 ./Core/Src/main.o
 .debug_macro   0x0001ba90       0x16 ./Core/Src/main.o
 .debug_macro   0x0001baa6       0x35 ./Core/Src/main.o
 .debug_macro   0x0001badb      0x369 ./Core/Src/main.o
 .debug_macro   0x0001be44       0x10 ./Core/Src/main.o
 .debug_macro   0x0001be54       0x16 ./Core/Src/main.o
 .debug_macro   0x0001be6a       0x43 ./Core/Src/main.o
 .debug_macro   0x0001bead       0x34 ./Core/Src/main.o
 .debug_macro   0x0001bee1       0x10 ./Core/Src/main.o
 .debug_macro   0x0001bef1       0x58 ./Core/Src/main.o
 .debug_macro   0x0001bf49       0x8e ./Core/Src/main.o
 .debug_macro   0x0001bfd7       0x1c ./Core/Src/main.o
 .debug_macro   0x0001bff3      0x177 ./Core/Src/main.o
 .debug_macro   0x0001c16a       0x16 ./Core/Src/main.o
 .debug_macro   0x0001c180       0x16 ./Core/Src/main.o
 .debug_macro   0x0001c196      0x146 ./Core/Src/main.o
 .debug_macro   0x0001c2dc       0x16 ./Core/Src/main.o
 .debug_macro   0x0001c2f2       0x16 ./Core/Src/main.o
 .debug_macro   0x0001c308       0x29 ./Core/Src/main.o
 .debug_macro   0x0001c331       0x16 ./Core/Src/main.o
 .debug_macro   0x0001c347       0x20 ./Core/Src/main.o
 .debug_macro   0x0001c367       0x6c ./Core/Src/main.o
 .debug_macro   0x0001c3d3      0x1c8 ./Core/Src/main.o
 .debug_macro   0x0001c59b       0x65 ./Core/Src/main.o
 .debug_macro   0x0001c600      0x1fb ./Core/Src/stm32f3xx_hal_msp.o
 .debug_macro   0x0001c7fb      0x205 ./Core/Src/stm32f3xx_it.o
 .debug_macro   0x0001ca00      0x1ec ./Core/Src/system_stm32f3xx.o
 .debug_macro   0x0001cbec      0x210 ./Drivers/STM32F3xx_HAL_Driver/Src/stm32f3xx_hal.o
 .debug_macro   0x0001cdfc      0x1ed ./Drivers/STM32F3xx_HAL_Driver/Src/stm32f3xx_hal_adc.o
 .debug_macro   0x0001cfe9      0x216 ./Drivers/STM32F3xx_HAL_Driver/Src/stm32f3xx_hal_adc_ex.o
 .debug_macro   0x0001d1ff      0x1ec ./Drivers/STM32F3xx_HAL_Driver/Src/stm32f3xx_hal_cortex.o
 .debug_macro   0x0001d3eb      0x1ec ./Drivers/STM32F3xx_HAL_Driver/Src/stm32f3xx_hal_dma.o
 .debug_macro   0x0001d5d7      0x1f3 ./Drivers/STM32F3xx_HAL_Driver/Src/stm32f3xx_hal_gpio.o
 .debug_macro   0x0001d7ca      0x2b8 ./Drivers/STM32F3xx_HAL_Driver/Src/stm32f3xx_hal_i2c.o
 .debug_macro   0x0001da82      0x1ec ./Drivers/STM32F3xx_HAL_Driver/Src/stm32f3xx_hal_i2c_ex.o
 .debug_macro   0x0001dc6e      0x1f8 ./Drivers/STM32F3xx_HAL_Driver/Src/stm32f3xx_hal_pcd.o
 .debug_macro   0x0001de66      0x1ec ./Drivers/STM32F3xx_HAL_Driver/Src/stm32f3xx_hal_pcd_ex.o
 .debug_macro   0x0001e052      0x210 ./Drivers/STM32F3xx_HAL_Driver/Src/stm32f3xx_hal_rcc.o
 .debug_macro   0x0001e262      0x1ec ./Drivers/STM32F3xx_HAL_Driver/Src/stm32f3xx_hal_rcc_ex.o
 .debug_macro   0x0001e44e      0x1ec ./Drivers/STM32F3xx_HAL_Driver/Src/stm32f3xx_ll_usb.o
 .debug_macro   0x0001e63a      0x38a ./Middlewares/ST/STM32_USB_Device_Library/Class/CustomHID/Src/usbd_customhid.o
 .debug_macro   0x0001e9c4       0x9e ./Middlewares/ST/STM32_USB_Device_Library/Class/CustomHID/Src/usbd_customhid.o
 .debug_macro   0x0001ea62      0x10b ./Middlewares/ST/STM32_USB_Device_Library/Class/CustomHID/Src/usbd_customhid.o
 .debug_macro   0x0001eb6d       0x4f ./Middlewares/ST/STM32_USB_Device_Library/Class/CustomHID/Src/usbd_customhid.o
 .debug_macro   0x0001ebbc      0x371 ./Middlewares/ST/STM32_USB_Device_Library/Core/Src/usbd_core.o
 .debug_macro   0x0001ef2d      0x1ce ./Middlewares/ST/STM32_USB_Device_Library/Core/Src/usbd_core.o
 .debug_macro   0x0001f0fb      0x37b ./Middlewares/ST/STM32_USB_Device_Library/Core/Src/usbd_ctlreq.o
 .debug_macro   0x0001f476      0x377 ./Middlewares/ST/STM32_USB_Device_Library/Core/Src/usbd_ioreq.o
 .debug_macro   0x0001f7ed      0x3ab ./USB_DEVICE/App/usb_device.o
 .debug_macro   0x0001fb98       0xee ./USB_DEVICE/App/usb_device.o
 .debug_macro   0x0001fc86       0x22 ./USB_DEVICE/App/usb_device.o
 .debug_macro   0x0001fca8      0x390 ./USB_DEVICE/App/usbd_custom_hid_if.o
 .debug_macro   0x00020038      0x3ae ./USB_DEVICE/App/usbd_desc.o
 .debug_macro   0x000203e6       0x1c ./USB_DEVICE/App/usbd_desc.o
 .debug_macro   0x00020402      0x38e ./USB_DEVICE/Target/usbd_conf.o

.debug_line     0x00000000    0x16dcd
 .debug_line    0x00000000      0xce6 ./Core/Src/main.o
 .debug_line    0x00000ce6      0x80f ./Core/Src/stm32f3xx_hal_msp.o
 .debug_line    0x000014f5      0x8e8 ./Core/Src/stm32f3xx_it.o
 .debug_line    0x00001ddd      0x74c ./Core/Src/system_stm32f3xx.o
 .debug_line    0x00002529       0x7a ./Core/Startup/startup_stm32f303vctx.o
 .debug_line    0x000025a3      0x984 ./Drivers/STM32F3xx_HAL_Driver/Src/stm32f3xx_hal.o
 .debug_line    0x00002f27      0x8c2 ./Drivers/STM32F3xx_HAL_Driver/Src/stm32f3xx_hal_adc.o
 .debug_line    0x000037e9     0x26f0 ./Drivers/STM32F3xx_HAL_Driver/Src/stm32f3xx_hal_adc_ex.o
 .debug_line    0x00005ed9      0xc71 ./Drivers/STM32F3xx_HAL_Driver/Src/stm32f3xx_hal_cortex.o
 .debug_line    0x00006b4a      0xc92 ./Drivers/STM32F3xx_HAL_Driver/Src/stm32f3xx_hal_dma.o
 .debug_line    0x000077dc      0xafb ./Drivers/STM32F3xx_HAL_Driver/Src/stm32f3xx_hal_gpio.o
 .debug_line    0x000082d7     0x39fb ./Drivers/STM32F3xx_HAL_Driver/Src/stm32f3xx_hal_i2c.o
 .debug_line    0x0000bcd2      0x8f0 ./Drivers/STM32F3xx_HAL_Driver/Src/stm32f3xx_hal_i2c_ex.o
 .debug_line    0x0000c5c2     0x130c ./Drivers/STM32F3xx_HAL_Driver/Src/stm32f3xx_hal_pcd.o
 .debug_line    0x0000d8ce      0x74c ./Drivers/STM32F3xx_HAL_Driver/Src/stm32f3xx_hal_pcd_ex.o
 .debug_line    0x0000e01a     0x1318 ./Drivers/STM32F3xx_HAL_Driver/Src/stm32f3xx_hal_rcc.o
 .debug_line    0x0000f332      0xcd2 ./Drivers/STM32F3xx_HAL_Driver/Src/stm32f3xx_hal_rcc_ex.o
 .debug_line    0x00010004      0xfc6 ./Drivers/STM32F3xx_HAL_Driver/Src/stm32f3xx_ll_usb.o
 .debug_line    0x00010fca      0xc1d ./Middlewares/ST/STM32_USB_Device_Library/Class/CustomHID/Src/usbd_customhid.o
 .debug_line    0x00011be7      0xd42 ./Middlewares/ST/STM32_USB_Device_Library/Core/Src/usbd_core.o
 .debug_line    0x00012929      0xf82 ./Middlewares/ST/STM32_USB_Device_Library/Core/Src/usbd_ctlreq.o
 .debug_line    0x000138ab      0x9d8 ./Middlewares/ST/STM32_USB_Device_Library/Core/Src/usbd_ioreq.o
 .debug_line    0x00014283      0x9ab ./USB_DEVICE/App/usb_device.o
 .debug_line    0x00014c2e      0x9a3 ./USB_DEVICE/App/usbd_custom_hid_if.o
 .debug_line    0x000155d1      0xa61 ./USB_DEVICE/App/usbd_desc.o
 .debug_line    0x00016032      0xd9b ./USB_DEVICE/Target/usbd_conf.o

.debug_str      0x00000000    0xb723d
 .debug_str     0x00000000    0xb3373 ./Core/Src/main.o
                              0xb3d75 (size before relaxing)
 .debug_str     0x000b3373       0xdd ./Core/Src/stm32f3xx_hal_msp.o
                              0xaec2b (size before relaxing)
 .debug_str     0x000b3450      0x462 ./Core/Src/stm32f3xx_it.o
                              0xaea53 (size before relaxing)
 .debug_str     0x000b38b2       0xdf ./Core/Src/system_stm32f3xx.o
                              0xae130 (size before relaxing)
 .debug_str     0x000b3991       0x44 ./Core/Startup/startup_stm32f303vctx.o
                                 0x7e (size before relaxing)
 .debug_str     0x000b39d5      0x37a ./Drivers/STM32F3xx_HAL_Driver/Src/stm32f3xx_hal.o
                              0xae96e (size before relaxing)
 .debug_str     0x000b3d4f      0x1ef ./Drivers/STM32F3xx_HAL_Driver/Src/stm32f3xx_hal_adc.o
                              0xae71d (size before relaxing)
 .debug_str     0x000b3f3e      0x6cd ./Drivers/STM32F3xx_HAL_Driver/Src/stm32f3xx_hal_adc_ex.o
                              0xaee36 (size before relaxing)
 .debug_str     0x000b460b      0x36c ./Drivers/STM32F3xx_HAL_Driver/Src/stm32f3xx_hal_cortex.o
                              0xae9f2 (size before relaxing)
 .debug_str     0x000b4977      0x1ff ./Drivers/STM32F3xx_HAL_Driver/Src/stm32f3xx_hal_dma.o
                              0xae478 (size before relaxing)
 .debug_str     0x000b4b76       0xd8 ./Drivers/STM32F3xx_HAL_Driver/Src/stm32f3xx_hal_gpio.o
                              0xae29d (size before relaxing)
 .debug_str     0x000b4c4e      0xe38 ./Drivers/STM32F3xx_HAL_Driver/Src/stm32f3xx_hal_i2c.o
                              0xaf430 (size before relaxing)
 .debug_str     0x000b5a86       0xb8 ./Drivers/STM32F3xx_HAL_Driver/Src/stm32f3xx_hal_i2c_ex.o
                              0xae627 (size before relaxing)
 .debug_str     0x000b5b3e      0x548 ./Drivers/STM32F3xx_HAL_Driver/Src/stm32f3xx_hal_pcd.o
                              0xae965 (size before relaxing)
 .debug_str     0x000b6086      0x170 ./Drivers/STM32F3xx_HAL_Driver/Src/stm32f3xx_hal_pcd_ex.o
                              0xae51f (size before relaxing)
 .debug_str     0x000b61f6      0x2c6 ./Drivers/STM32F3xx_HAL_Driver/Src/stm32f3xx_hal_rcc.o
                              0xae5d0 (size before relaxing)
 .debug_str     0x000b64bc       0xbe ./Drivers/STM32F3xx_HAL_Driver/Src/stm32f3xx_hal_rcc_ex.o
                              0xae394 (size before relaxing)
 .debug_str     0x000b657a       0xd8 ./Drivers/STM32F3xx_HAL_Driver/Src/stm32f3xx_ll_usb.o
                              0xae4ba (size before relaxing)
 .debug_str     0x000b6652      0x3c4 ./Middlewares/ST/STM32_USB_Device_Library/Class/CustomHID/Src/usbd_customhid.o
                              0xb2f9b (size before relaxing)
 .debug_str     0x000b6a16      0x288 ./Middlewares/ST/STM32_USB_Device_Library/Core/Src/usbd_core.o
                              0xb2c6d (size before relaxing)
 .debug_str     0x000b6c9e      0x11b ./Middlewares/ST/STM32_USB_Device_Library/Core/Src/usbd_ctlreq.o
                              0xb2b87 (size before relaxing)
 .debug_str     0x000b6db9       0x67 ./Middlewares/ST/STM32_USB_Device_Library/Core/Src/usbd_ioreq.o
                              0xb2ab4 (size before relaxing)
 .debug_str     0x000b6e20       0xd3 ./USB_DEVICE/App/usb_device.o
                              0xb2d5c (size before relaxing)
 .debug_str     0x000b6ef3       0x89 ./USB_DEVICE/App/usbd_custom_hid_if.o
                              0xb28f9 (size before relaxing)
 .debug_str     0x000b6f7c      0x254 ./USB_DEVICE/App/usbd_desc.o
                              0xb29ec (size before relaxing)
 .debug_str     0x000b71d0       0x6d ./USB_DEVICE/Target/usbd_conf.o
                              0xb39d4 (size before relaxing)

.comment        0x00000000       0x43
 .comment       0x00000000       0x43 ./Core/Src/main.o
                                 0x44 (size before relaxing)
 .comment       0x00000043       0x44 ./Core/Src/stm32f3xx_hal_msp.o
 .comment       0x00000043       0x44 ./Core/Src/stm32f3xx_it.o
 .comment       0x00000043       0x44 ./Core/Src/system_stm32f3xx.o
 .comment       0x00000043       0x44 ./Drivers/STM32F3xx_HAL_Driver/Src/stm32f3xx_hal.o
 .comment       0x00000043       0x44 ./Drivers/STM32F3xx_HAL_Driver/Src/stm32f3xx_hal_adc.o
 .comment       0x00000043       0x44 ./Drivers/STM32F3xx_HAL_Driver/Src/stm32f3xx_hal_adc_ex.o
 .comment       0x00000043       0x44 ./Drivers/STM32F3xx_HAL_Driver/Src/stm32f3xx_hal_cortex.o
 .comment       0x00000043       0x44 ./Drivers/STM32F3xx_HAL_Driver/Src/stm32f3xx_hal_dma.o
 .comment       0x00000043       0x44 ./Drivers/STM32F3xx_HAL_Driver/Src/stm32f3xx_hal_gpio.o
 .comment       0x00000043       0x44 ./Drivers/STM32F3xx_HAL_Driver/Src/stm32f3xx_hal_i2c.o
 .comment       0x00000043       0x44 ./Drivers/STM32F3xx_HAL_Driver/Src/stm32f3xx_hal_i2c_ex.o
 .comment       0x00000043       0x44 ./Drivers/STM32F3xx_HAL_Driver/Src/stm32f3xx_hal_pcd.o
 .comment       0x00000043       0x44 ./Drivers/STM32F3xx_HAL_Driver/Src/stm32f3xx_hal_pcd_ex.o
 .comment       0x00000043       0x44 ./Drivers/STM32F3xx_HAL_Driver/Src/stm32f3xx_hal_rcc.o
 .comment       0x00000043       0x44 ./Drivers/STM32F3xx_HAL_Driver/Src/stm32f3xx_hal_rcc_ex.o
 .comment       0x00000043       0x44 ./Drivers/STM32F3xx_HAL_Driver/Src/stm32f3xx_ll_usb.o
 .comment       0x00000043       0x44 ./Middlewares/ST/STM32_USB_Device_Library/Class/CustomHID/Src/usbd_customhid.o
 .comment       0x00000043       0x44 ./Middlewares/ST/STM32_USB_Device_Library/Core/Src/usbd_core.o
 .comment       0x00000043       0x44 ./Middlewares/ST/STM32_USB_Device_Library/Core/Src/usbd_ctlreq.o
 .comment       0x00000043       0x44 ./Middlewares/ST/STM32_USB_Device_Library/Core/Src/usbd_ioreq.o
 .comment       0x00000043       0x44 ./USB_DEVICE/App/usb_device.o
 .comment       0x00000043       0x44 ./USB_DEVICE/App/usbd_custom_hid_if.o
 .comment       0x00000043       0x44 ./USB_DEVICE/App/usbd_desc.o
 .comment       0x00000043       0x44 ./USB_DEVICE/Target/usbd_conf.o

.debug_frame    0x00000000     0x42ec
 .debug_frame   0x00000000      0x140 ./Core/Src/main.o
 .debug_frame   0x00000140       0xc4 ./Core/Src/stm32f3xx_hal_msp.o
 .debug_frame   0x00000204      0x294 ./Core/Src/stm32f3xx_it.o
 .debug_frame   0x00000498       0x58 ./Core/Src/system_stm32f3xx.o
 .debug_frame   0x000004f0      0x334 ./Drivers/STM32F3xx_HAL_Driver/Src/stm32f3xx_hal.o
 .debug_frame   0x00000824      0x380 ./Drivers/STM32F3xx_HAL_Driver/Src/stm32f3xx_hal_adc.o
 .debug_frame   0x00000ba4      0x644 ./Drivers/STM32F3xx_HAL_Driver/Src/stm32f3xx_hal_adc_ex.o
 .debug_frame   0x000011e8      0x4e8 ./Drivers/STM32F3xx_HAL_Driver/Src/stm32f3xx_hal_cortex.o
 .debug_frame   0x000016d0      0x224 ./Drivers/STM32F3xx_HAL_Driver/Src/stm32f3xx_hal_dma.o
 .debug_frame   0x000018f4      0x14c ./Drivers/STM32F3xx_HAL_Driver/Src/stm32f3xx_hal_gpio.o
 .debug_frame   0x00001a40      0xc38 ./Drivers/STM32F3xx_HAL_Driver/Src/stm32f3xx_hal_i2c.o
 .debug_frame   0x00002678      0x100 ./Drivers/STM32F3xx_HAL_Driver/Src/stm32f3xx_hal_i2c_ex.o
 .debug_frame   0x00002778      0x590 ./Drivers/STM32F3xx_HAL_Driver/Src/stm32f3xx_hal_pcd.o
 .debug_frame   0x00002d08       0xb0 ./Drivers/STM32F3xx_HAL_Driver/Src/stm32f3xx_hal_pcd_ex.o
 .debug_frame   0x00002db8      0x214 ./Drivers/STM32F3xx_HAL_Driver/Src/stm32f3xx_hal_rcc.o
 .debug_frame   0x00002fcc       0xb0 ./Drivers/STM32F3xx_HAL_Driver/Src/stm32f3xx_hal_rcc_ex.o
 .debug_frame   0x0000307c      0x380 ./Drivers/STM32F3xx_HAL_Driver/Src/stm32f3xx_ll_usb.o
 .debug_frame   0x000033fc      0x1d8 ./Middlewares/ST/STM32_USB_Device_Library/Class/CustomHID/Src/usbd_customhid.o
 .debug_frame   0x000035d4      0x300 ./Middlewares/ST/STM32_USB_Device_Library/Core/Src/usbd_core.o
 .debug_frame   0x000038d4      0x218 ./Middlewares/ST/STM32_USB_Device_Library/Core/Src/usbd_ctlreq.o
 .debug_frame   0x00003aec      0x10c ./Middlewares/ST/STM32_USB_Device_Library/Core/Src/usbd_ioreq.o
 .debug_frame   0x00003bf8       0x2c ./USB_DEVICE/App/usb_device.o
 .debug_frame   0x00003c24       0x78 ./USB_DEVICE/App/usbd_custom_hid_if.o
 .debug_frame   0x00003c9c      0x160 ./USB_DEVICE/App/usbd_desc.o
 .debug_frame   0x00003dfc      0x4a4 ./USB_DEVICE/Target/usbd_conf.o
 .debug_frame   0x000042a0       0x20 /opt/st/stm32cubeide_1.16.0/plugins/com.st.stm32cube.ide.mcu.externaltools.gnu-tools-for-stm32.12.3.rel1.linux64_1.0.200.202406132123/tools/bin/../lib/gcc/arm-none-eabi/12.3.1/../../../../arm-none-eabi/lib/thumb/v7e-m+fp/hard/libc_nano.a(libc_a-memset.o)
 .debug_frame   0x000042c0       0x2c /opt/st/stm32cubeide_1.16.0/plugins/com.st.stm32cube.ide.mcu.externaltools.gnu-tools-for-stm32.12.3.rel1.linux64_1.0.200.202406132123/tools/bin/../lib/gcc/arm-none-eabi/12.3.1/../../../../arm-none-eabi/lib/thumb/v7e-m+fp/hard/libc_nano.a(libc_a-init.o)

.debug_line_str
                0x00000000       0x62
 .debug_line_str
                0x00000000       0x62 ./Core/Startup/startup_stm32f303vctx.o
