23:09:34 **** Incremental Build of configuration Debug for project GamePad_Prova ****
make -j8 all 
arm-none-eabi-size  GamePad_Prova.elf 
   text	   data	    bss	    dec	    hex	filename
  40920	    368	   4024	  45312	   b100	GamePad_Prova.elf
Finished building: default.size.stdout
 
23:09:38 **** Incremental Build of configuration Debug for project GamePad_Prova ****
make -j8 all 
arm-none-eabi-size  GamePad_Prova.elf 
   text	   data	    bss	    dec	    hex	filename
  40920	    368	   4024	  45312	   b100	GamePad_Prova.elf
Finished building: default.size.stdout
 
